Archive member included to satisfy reference by file (symbol)

../Middlewares/ST/AI/Lib\NetworkRuntime600_CM7_GCC.a(ai_platform_interface.o)
                              X-CUBE-AI/App/network.o (ai_platform_runtime_get_revision)
../Middlewares/ST/AI/Lib\NetworkRuntime600_CM7_GCC.a(core_mem_manager.o)
                              ../Middlewares/ST/AI/Lib\NetworkRuntime600_CM7_GCC.a(ai_platform_interface.o) (core_mem_alloc)
../Middlewares/ST/AI/Lib\NetworkRuntime600_CM7_GCC.a(core_common.o)
                              ../Middlewares/ST/AI/Lib\NetworkRuntime600_CM7_GCC.a(ai_platform_interface.o) (core_init)
../Middlewares/ST/AI/Lib\NetworkRuntime600_CM7_GCC.a(layers_conv2d_generic_float.o)
                              X-CUBE-AI/App/network.o (forward_dense)
../Middlewares/ST/AI/Lib\NetworkRuntime600_CM7_GCC.a(layers_nl_generic_float.o)
                              X-CUBE-AI/App/network.o (forward_relu)
../Middlewares/ST/AI/Lib\NetworkRuntime600_CM7_GCC.a(layers.o)
                              ../Middlewares/ST/AI/Lib\NetworkRuntime600_CM7_GCC.a(ai_platform_interface.o) (ai_check_custom_types)
../Middlewares/ST/AI/Lib\NetworkRuntime600_CM7_GCC.a(arm_mat_init_f32.o)
                              ../Middlewares/ST/AI/Lib\NetworkRuntime600_CM7_GCC.a(layers_conv2d_generic_float.o) (arm_mat_init_f32)
../Middlewares/ST/AI/Lib\NetworkRuntime600_CM7_GCC.a(ai_datatypes_format.o)
                              ../Middlewares/ST/AI/Lib\NetworkRuntime600_CM7_GCC.a(ai_platform_interface.o) (ai_array_to_buffer_fmt)
../Middlewares/ST/AI/Lib\NetworkRuntime600_CM7_GCC.a(ai_math_helpers.o)
                              ../Middlewares/ST/AI/Lib\NetworkRuntime600_CM7_GCC.a(layers_nl_generic_float.o) (ai_math_sqrt)
c:/st/stm32cubeide_1.6.1/stm32cubeide/plugins/com.st.stm32cube.ide.mcu.externaltools.gnu-tools-for-stm32.9-2020-q2-update.win32_1.5.0.202011040924/tools/bin/../lib/gcc/arm-none-eabi/9.3.1/../../../../arm-none-eabi/lib/thumb/v7e-m+dp/hard\libc_nano.a(lib_a-errno.o)
                              Core/Src/sysmem.o (__errno)
c:/st/stm32cubeide_1.6.1/stm32cubeide/plugins/com.st.stm32cube.ide.mcu.externaltools.gnu-tools-for-stm32.9-2020-q2-update.win32_1.5.0.202011040924/tools/bin/../lib/gcc/arm-none-eabi/9.3.1/../../../../arm-none-eabi/lib/thumb/v7e-m+dp/hard\libc_nano.a(lib_a-exit.o)
                              c:/st/stm32cubeide_1.6.1/stm32cubeide/plugins/com.st.stm32cube.ide.mcu.externaltools.gnu-tools-for-stm32.9-2020-q2-update.win32_1.5.0.202011040924/tools/bin/../lib/gcc/arm-none-eabi/9.3.1/../../../../arm-none-eabi/lib/thumb/v7e-m+dp/hard/crt0.o (exit)
c:/st/stm32cubeide_1.6.1/stm32cubeide/plugins/com.st.stm32cube.ide.mcu.externaltools.gnu-tools-for-stm32.9-2020-q2-update.win32_1.5.0.202011040924/tools/bin/../lib/gcc/arm-none-eabi/9.3.1/../../../../arm-none-eabi/lib/thumb/v7e-m+dp/hard\libc_nano.a(lib_a-impure.o)
                              c:/st/stm32cubeide_1.6.1/stm32cubeide/plugins/com.st.stm32cube.ide.mcu.externaltools.gnu-tools-for-stm32.9-2020-q2-update.win32_1.5.0.202011040924/tools/bin/../lib/gcc/arm-none-eabi/9.3.1/../../../../arm-none-eabi/lib/thumb/v7e-m+dp/hard\libc_nano.a(lib_a-exit.o) (_global_impure_ptr)
c:/st/stm32cubeide_1.6.1/stm32cubeide/plugins/com.st.stm32cube.ide.mcu.externaltools.gnu-tools-for-stm32.9-2020-q2-update.win32_1.5.0.202011040924/tools/bin/../lib/gcc/arm-none-eabi/9.3.1/../../../../arm-none-eabi/lib/thumb/v7e-m+dp/hard\libc_nano.a(lib_a-init.o)
                              c:/st/stm32cubeide_1.6.1/stm32cubeide/plugins/com.st.stm32cube.ide.mcu.externaltools.gnu-tools-for-stm32.9-2020-q2-update.win32_1.5.0.202011040924/tools/bin/../lib/gcc/arm-none-eabi/9.3.1/../../../../arm-none-eabi/lib/thumb/v7e-m+dp/hard/crt0.o (__libc_init_array)
c:/st/stm32cubeide_1.6.1/stm32cubeide/plugins/com.st.stm32cube.ide.mcu.externaltools.gnu-tools-for-stm32.9-2020-q2-update.win32_1.5.0.202011040924/tools/bin/../lib/gcc/arm-none-eabi/9.3.1/../../../../arm-none-eabi/lib/thumb/v7e-m+dp/hard\libc_nano.a(lib_a-malloc.o)
                              ../Middlewares/ST/AI/Lib\NetworkRuntime600_CM7_GCC.a(core_mem_manager.o) (malloc)
c:/st/stm32cubeide_1.6.1/stm32cubeide/plugins/com.st.stm32cube.ide.mcu.externaltools.gnu-tools-for-stm32.9-2020-q2-update.win32_1.5.0.202011040924/tools/bin/../lib/gcc/arm-none-eabi/9.3.1/../../../../arm-none-eabi/lib/thumb/v7e-m+dp/hard\libc_nano.a(lib_a-memcpy-stub.o)
                              X-CUBE-AI/App/network.o (memcpy)
c:/st/stm32cubeide_1.6.1/stm32cubeide/plugins/com.st.stm32cube.ide.mcu.externaltools.gnu-tools-for-stm32.9-2020-q2-update.win32_1.5.0.202011040924/tools/bin/../lib/gcc/arm-none-eabi/9.3.1/../../../../arm-none-eabi/lib/thumb/v7e-m+dp/hard\libc_nano.a(lib_a-memset.o)
                              c:/st/stm32cubeide_1.6.1/stm32cubeide/plugins/com.st.stm32cube.ide.mcu.externaltools.gnu-tools-for-stm32.9-2020-q2-update.win32_1.5.0.202011040924/tools/bin/../lib/gcc/arm-none-eabi/9.3.1/../../../../arm-none-eabi/lib/thumb/v7e-m+dp/hard/crt0.o (memset)
[...]
Memory Configuration

Name             Origin             Length             Attributes
FLASH            0x0000000008000000 0x0000000000200000 xr
RAM              0x0000000020000000 0x0000000000020000 xrw
RAM_D1           0x0000000024000000 0x0000000000080000 xrw
RAM_D2           0x0000000030000000 0x0000000000048000 xrw
RAM_D3           0x0000000038000000 0x0000000000010000 xrw
ITCMRAM          0x0000000000000000 0x0000000000010000 xrw
*default*        0x0000000000000000 0xffffffffffffffff

Linker script and memory map

LOAD c:/st/stm32cubeide_1.6.1/stm32cubeide/plugins/com.st.stm32cube.ide.mcu.externaltools.gnu-tools-for-stm32.9-2020-q2-update.win32_1.5.0.202011040924/tools/bin/../lib/gcc/arm-none-eabi/9.3.1/thumb/v7e-m+dp/hard/crti.o
LOAD c:/st/stm32cubeide_1.6.1/stm32cubeide/plugins/com.st.stm32cube.ide.mcu.externaltools.gnu-tools-for-stm32.9-2020-q2-update.win32_1.5.0.202011040924/tools/bin/../lib/gcc/arm-none-eabi/9.3.1/thumb/v7e-m+dp/hard/crtbegin.o
LOAD c:/st/stm32cubeide_1.6.1/stm32cubeide/plugins/com.st.stm32cube.ide.mcu.externaltools.gnu-tools-for-stm32.9-2020-q2-update.win32_1.5.0.202011040924/tools/bin/../lib/gcc/arm-none-eabi/9.3.1/../../../../arm-none-eabi/lib/thumb/v7e-m+dp/hard/crt0.o
LOAD Core/Src/MPC_Algo.o
LOAD Core/Src/MPC_PWM.o
LOAD Core/Src/MPC_communication.o
LOAD Core/Src/MPC_core.o
LOAD Core/Src/MPC_feedback.o
LOAD Core/Src/MPC_math.o
LOAD Core/Src/OpenLoop_Algo.o
LOAD Core/Src/PID_Algo.o
LOAD Core/Src/SixStep_Algo.o
LOAD Core/Src/main.o
LOAD Core/Src/stm32h7xx_hal_msp.o
LOAD Core/Src/stm32h7xx_it.o
LOAD Core/Src/sysmem.o
LOAD Core/Src/system_stm32h7xx.o
LOAD Core/Src/untitled0.o
LOAD Core/Src/untitled0_data.o
LOAD Core/Startup/startup_stm32h743zitx.o
LOAD Drivers/STM32H7xx_HAL_Driver/Src/stm32h7xx_hal.o
LOAD Drivers/STM32H7xx_HAL_Driver/Src/stm32h7xx_hal_adc.o
LOAD Drivers/STM32H7xx_HAL_Driver/Src/stm32h7xx_hal_adc_ex.o
LOAD Drivers/STM32H7xx_HAL_Driver/Src/stm32h7xx_hal_cortex.o
LOAD Drivers/STM32H7xx_HAL_Driver/Src/stm32h7xx_hal_crc.o
LOAD Drivers/STM32H7xx_HAL_Driver/Src/stm32h7xx_hal_crc_ex.o
LOAD Drivers/STM32H7xx_HAL_Driver/Src/stm32h7xx_hal_dma.o
LOAD Drivers/STM32H7xx_HAL_Driver/Src/stm32h7xx_hal_dma_ex.o
LOAD Drivers/STM32H7xx_HAL_Driver/Src/stm32h7xx_hal_exti.o
LOAD Drivers/STM32H7xx_HAL_Driver/Src/stm32h7xx_hal_flash.o
LOAD Drivers/STM32H7xx_HAL_Driver/Src/stm32h7xx_hal_flash_ex.o
LOAD Drivers/STM32H7xx_HAL_Driver/Src/stm32h7xx_hal_gpio.o
LOAD Drivers/STM32H7xx_HAL_Driver/Src/stm32h7xx_hal_hsem.o
LOAD Drivers/STM32H7xx_HAL_Driver/Src/stm32h7xx_hal_i2c.o
LOAD Drivers/STM32H7xx_HAL_Driver/Src/stm32h7xx_hal_i2c_ex.o
LOAD Drivers/STM32H7xx_HAL_Driver/Src/stm32h7xx_hal_mdma.o
LOAD Drivers/STM32H7xx_HAL_Driver/Src/stm32h7xx_hal_pwr.o
LOAD Drivers/STM32H7xx_HAL_Driver/Src/stm32h7xx_hal_pwr_ex.o
LOAD Drivers/STM32H7xx_HAL_Driver/Src/stm32h7xx_hal_rcc.o
LOAD Drivers/STM32H7xx_HAL_Driver/Src/stm32h7xx_hal_rcc_ex.o
LOAD Drivers/STM32H7xx_HAL_Driver/Src/stm32h7xx_hal_tim.o
LOAD Drivers/STM32H7xx_HAL_Driver/Src/stm32h7xx_hal_tim_ex.o
LOAD Drivers/STM32H7xx_HAL_Driver/Src/stm32h7xx_hal_uart.o
LOAD Drivers/STM32H7xx_HAL_Driver/Src/stm32h7xx_hal_uart_ex.o
LOAD X-CUBE-AI/App/app_x-cube-ai.o
LOAD X-CUBE-AI/App/network.o
LOAD X-CUBE-AI/App/network_data.o
LOAD ../Middlewares/ST/AI/Lib\NetworkRuntime600_CM7_GCC.a
START GROUP
LOAD ../Middlewares/ST/AI/Lib\NetworkRuntime600_CM7_GCC.a
END GROUP
START GROUP
LOAD c:/st/stm32cubeide_1.6.1/stm32cubeide/plugins/com.st.stm32cube.ide.mcu.externaltools.gnu-tools-for-stm32.9-2020-q2-update.win32_1.5.0.202011040924/tools/bin/../lib/gcc/arm-none-eabi/9.3.1/../../../../arm-none-eabi/lib/thumb/v7e-m+dp/hard\libc_nano.a
LOAD c:/st/stm32cubeide_1.6.1/stm32cubeide/plugins/com.st.stm32cube.ide.mcu.externaltools.gnu-tools-for-stm32.9-2020-q2-update.win32_1.5.0.202011040924/tools/bin/../lib/gcc/arm-none-eabi/9.3.1/../../../../arm-none-eabi/lib/thumb/v7e-m+dp/hard\libm.a
END GROUP
START GROUP
LOAD c:/st/stm32cubeide_1.6.1/stm32cubeide/plugins/com.st.stm32cube.ide.mcu.externaltools.gnu-tools-for-stm32.9-2020-q2-update.win32_1.5.0.202011040924/tools/bin/../lib/gcc/arm-none-eabi/9.3.1/thumb/v7e-m+dp/hard\libgcc.a
LOAD c:/st/stm32cubeide_1.6.1/stm32cubeide/plugins/com.st.stm32cube.ide.mcu.externaltools.gnu-tools-for-stm32.9-2020-q2-update.win32_1.5.0.202011040924/tools/bin/../lib/gcc/arm-none-eabi/9.3.1/../../../../arm-none-eabi/lib/thumb/v7e-m+dp/hard\libc_nano.a
END GROUP
START GROUP
LOAD c:/st/stm32cubeide_1.6.1/stm32cubeide/plugins/com.st.stm32cube.ide.mcu.externaltools.gnu-tools-for-stm32.9-2020-q2-update.win32_1.5.0.202011040924/tools/bin/../lib/gcc/arm-none-eabi/9.3.1/thumb/v7e-m+dp/hard\libgcc.a
LOAD c:/st/stm32cubeide_1.6.1/stm32cubeide/plugins/com.st.stm32cube.ide.mcu.externaltools.gnu-tools-for-stm32.9-2020-q2-update.win32_1.5.0.202011040924/tools/bin/../lib/gcc/arm-none-eabi/9.3.1/../../../../arm-none-eabi/lib/thumb/v7e-m+dp/hard\libc_nano.a
LOAD c:/st/stm32cubeide_1.6.1/stm32cubeide/plugins/com.st.stm32cube.ide.mcu.externaltools.gnu-tools-for-stm32.9-2020-q2-update.win32_1.5.0.202011040924/tools/bin/../lib/gcc/arm-none-eabi/9.3.1/../../../../arm-none-eabi/lib/thumb/v7e-m+dp/hard\libnosys.a
END GROUP
START GROUP
LOAD c:/st/stm32cubeide_1.6.1/stm32cubeide/plugins/com.st.stm32cube.ide.mcu.externaltools.gnu-tools-for-stm32.9-2020-q2-update.win32_1.5.0.202011040924/tools/bin/../lib/gcc/arm-none-eabi/9.3.1/thumb/v7e-m+dp/hard\libgcc.a
LOAD c:/st/stm32cubeide_1.6.1/stm32cubeide/plugins/com.st.stm32cube.ide.mcu.externaltools.gnu-tools-for-stm32.9-2020-q2-update.win32_1.5.0.202011040924/tools/bin/../lib/gcc/arm-none-eabi/9.3.1/../../../../arm-none-eabi/lib/thumb/v7e-m+dp/hard\libc_nano.a
LOAD c:/st/stm32cubeide_1.6.1/stm32cubeide/plugins/com.st.stm32cube.ide.mcu.externaltools.gnu-tools-for-stm32.9-2020-q2-update.win32_1.5.0.202011040924/tools/bin/../lib/gcc/arm-none-eabi/9.3.1/../../../../arm-none-eabi/lib/thumb/v7e-m+dp/hard\libnosys.a
END GROUP
LOAD c:/st/stm32cubeide_1.6.1/stm32cubeide/plugins/com.st.stm32cube.ide.mcu.externaltools.gnu-tools-for-stm32.9-2020-q2-update.win32_1.5.0.202011040924/tools/bin/../lib/gcc/arm-none-eabi/9.3.1/thumb/v7e-m+dp/hard/crtend.o
LOAD c:/st/stm32cubeide_1.6.1/stm32cubeide/plugins/com.st.stm32cube.ide.mcu.externaltools.gnu-tools-for-stm32.9-2020-q2-update.win32_1.5.0.202011040924/tools/bin/../lib/gcc/arm-none-eabi/9.3.1/thumb/v7e-m+dp/hard/crtn.o
                0x0000000020020000                _estack = 0x20020000
                0x0000000000008000                _Min_Heap_Size = 0x8000
                0x0000000000004000                _Min_Stack_Size = 0x4000

.isr_vector     0x0000000008000000      0x298
                0x0000000008000000                . = ALIGN (0x4)
 *(.isr_vector)
 .isr_vector    0x0000000008000000      0x298 Core/Startup/startup_stm32h743zitx.o
                0x0000000008000000                g_pfnVectors
                0x0000000008000298                . = ALIGN (0x4)

.text           0x0000000008000298     0xf138
                0x0000000008000298                . = ALIGN (0x4)
 *(.text)
 .text          0x0000000008000298       0x40 c:/st/stm32cubeide_1.6.1/stm32cubeide/plugins/com.st.stm32cube.ide.mcu.externaltools.gnu-tools-for-stm32.9-2020-q2-update.win32_1.5.0.202011040924/tools/bin/../lib/gcc/arm-none-eabi/9.3.1/thumb/v7e-m+dp/hard/crtbegin.o
 .text          0x00000000080002d8       0x30 c:/st/stm32cubeide_1.6.1/stm32cubeide/plugins/com.st.stm32cube.ide.mcu.externaltools.gnu-tools-for-stm32.9-2020-q2-update.win32_1.5.0.202011040924/tools/bin/../lib/gcc/arm-none-eabi/9.3.1/thumb/v7e-m+dp/hard\libgcc.a(_aeabi_uldivmod.o)
                0x00000000080002d8                __aeabi_uldivmod
 .text          0x0000000008000308      0x2c4 c:/st/stm32cubeide_1.6.1/stm32cubeide/plugins/com.st.stm32cube.ide.mcu.externaltools.gnu-tools-for-stm32.9-2020-q2-update.win32_1.5.0.202011040924/tools/bin/../lib/gcc/arm-none-eabi/9.3.1/thumb/v7e-m+dp/hard\libgcc.a(_udivmoddi4.o)
                0x0000000008000308                __udivmoddi4
 .text          0x00000000080005cc        0x4 c:/st/stm32cubeide_1.6.1/stm32cubeide/plugins/com.st.stm32cube.ide.mcu.externaltools.gnu-tools-for-stm32.9-2020-q2-update.win32_1.5.0.202011040924/tools/bin/../lib/gcc/arm-none-eabi/9.3.1/thumb/v7e-m+dp/hard\libgcc.a(_dvmd_tls.o)
                0x00000000080005cc                __aeabi_idiv0
                0x00000000080005cc                __aeabi_ldiv0
 *(.text*)
 .text.initModelPredictiveControl
                0x00000000080005d0      0x198 Core/Src/MPC_Algo.o
                0x00000000080005d0                initModelPredictiveControl
 .text.modelPredictiveControl
                0x0000000008000768      0x478 Core/Src/MPC_Algo.o
                0x0000000008000768                modelPredictiveControl
 .text.SVPWM    0x0000000008000be0      0x384 Core/Src/MPC_PWM.o
                0x0000000008000be0                SVPWM
 .text.transferUART
                0x0000000008000f64      0x1a8 Core/Src/MPC_communication.o
                0x0000000008000f64                transferUART
 .text.receiveUART
                0x000000000800110c       0x1c Core/Src/MPC_communication.o
                0x000000000800110c                receiveUART
 .text.handleRxCommands
                0x0000000008001128      0x124 Core/Src/MPC_communication.o
                0x0000000008001128                handleRxCommands
 .text.initalPositionSet
                0x000000000800124c       0x6c Core/Src/MPC_core.o
                0x000000000800124c                initalPositionSet
 .text.startMotor
                0x00000000080012b8       0x30 Core/Src/MPC_core.o
                0x00000000080012b8                startMotor
 .text.stopMotor
                0x00000000080012e8       0x18 Core/Src/MPC_core.o
                0x00000000080012e8                stopMotor
 .text.executeAll
                0x0000000008001300       0xa4 Core/Src/MPC_core.o
                0x0000000008001300                executeAll
 .text.computePositionWithEncoder
                0x00000000080013a4      0x33c Core/Src/MPC_feedback.o
                0x00000000080013a4                computePositionWithEncoder
 .text.measureADC
                0x00000000080016e0       0xd0 Core/Src/MPC_feedback.o
                0x00000000080016e0                measureADC
 .text.initANN  0x00000000080017b0       0xc0 Core/Src/MPC_feedback.o
                0x00000000080017b0                initANN
 .text.runANN   0x0000000008001870       0x9c Core/Src/MPC_feedback.o
                0x0000000008001870                runANN
 .text.switchToANN
                0x000000000800190c       0x18 Core/Src/MPC_feedback.o
                0x000000000800190c                switchToANN
 .text.limitTheta
                0x0000000008001924       0x8c Core/Src/MPC_math.o
                0x0000000008001924                limitTheta
 .text.sin2     0x00000000080019b0       0x98 Core/Src/MPC_math.o
                0x00000000080019b0                sin2
 .text.cos2     0x0000000008001a48       0x22 Core/Src/MPC_math.o
                0x0000000008001a48                cos2
 *fill*         0x0000000008001a6a        0x2 
 .text.sinLowRes
                0x0000000008001a6c       0x98 Core/Src/MPC_math.o
                0x0000000008001a6c                sinLowRes
 .text.parkTransform
                0x0000000008001b04       0xd0 Core/Src/MPC_math.o
                0x0000000008001b04                parkTransform
 .text.computeSinCos
                0x0000000008001bd4       0xbc Core/Src/MPC_math.o
                0x0000000008001bd4                computeSinCos
 .text.clarkeTransform
                0x0000000008001c90       0x78 Core/Src/MPC_math.o
                0x0000000008001c90                clarkeTransform
 .text.SpeedPIController
                0x0000000008001d08      0x14c Core/Src/PID_Algo.o
                0x0000000008001d08                SpeedPIController
 .text.main     0x0000000008001e54      0x18c Core/Src/main.o
                0x0000000008001e54                main
 .text.SystemClock_Config
                0x0000000008001fe0      0x110 Core/Src/main.o
                0x0000000008001fe0                SystemClock_Config
 .text.PeriphCommonClock_Config
                0x00000000080020f0       0x58 Core/Src/main.o
                0x00000000080020f0                PeriphCommonClock_Config
 .text.MX_NVIC_Init
                0x0000000008002148       0x48 Core/Src/main.o
 .text.MX_ADC1_Init
                0x0000000008002190      0x114 Core/Src/main.o
 .text.MX_ADC3_Init
                0x00000000080022a4       0xcc Core/Src/main.o
 .text.MX_CRC_Init
                0x0000000008002370       0x44 Core/Src/main.o
 .text.MX_TIM1_Init
                0x00000000080023b4      0x1a8 Core/Src/main.o
 .text.MX_TIM3_Init
                0x000000000800255c       0xac Core/Src/main.o
 .text.MX_USART3_UART_Init
                0x0000000008002608       0x9c Core/Src/main.o
 .text.MX_DMA_Init
                0x00000000080026a4       0x50 Core/Src/main.o
 .text.MX_GPIO_Init
                0x00000000080026f4      0x168 Core/Src/main.o
 .text.MPU_Config
                0x000000000800285c       0x5c Core/Src/main.o
 .text.Error_Handler
                0x00000000080028b8        0xa Core/Src/main.o
                0x00000000080028b8                Error_Handler
 *fill*         0x00000000080028c2        0x2 
 .text.HAL_MspInit
                0x00000000080028c4       0x34 Core/Src/stm32h7xx_hal_msp.o
                0x00000000080028c4                HAL_MspInit
 .text.HAL_ADC_MspInit
                0x00000000080028f8      0x1c4 Core/Src/stm32h7xx_hal_msp.o
                0x00000000080028f8                HAL_ADC_MspInit
 .text.HAL_CRC_MspInit
                0x0000000008002abc       0x44 Core/Src/stm32h7xx_hal_msp.o
                0x0000000008002abc                HAL_CRC_MspInit
 .text.HAL_TIM_Base_MspInit
                0x0000000008002b00       0x94 Core/Src/stm32h7xx_hal_msp.o
                0x0000000008002b00                HAL_TIM_Base_MspInit
 .text.HAL_TIM_Encoder_MspInit
                0x0000000008002b94       0x94 Core/Src/stm32h7xx_hal_msp.o
                0x0000000008002b94                HAL_TIM_Encoder_MspInit
 .text.HAL_TIM_MspPostInit
                0x0000000008002c28       0x78 Core/Src/stm32h7xx_hal_msp.o
                0x0000000008002c28                HAL_TIM_MspPostInit
 .text.HAL_UART_MspInit
                0x0000000008002ca0      0x130 Core/Src/stm32h7xx_hal_msp.o
                0x0000000008002ca0                HAL_UART_MspInit
 .text.NMI_Handler
                0x0000000008002dd0        0x6 Core/Src/stm32h7xx_it.o
                0x0000000008002dd0                NMI_Handler
 .text.HardFault_Handler
                0x0000000008002dd6        0x6 Core/Src/stm32h7xx_it.o
                0x0000000008002dd6                HardFault_Handler
 .text.MemManage_Handler
                0x0000000008002ddc        0x6 Core/Src/stm32h7xx_it.o
                0x0000000008002ddc                MemManage_Handler
 .text.BusFault_Handler
                0x0000000008002de2        0x6 Core/Src/stm32h7xx_it.o
                0x0000000008002de2                BusFault_Handler
 .text.UsageFault_Handler
                0x0000000008002de8        0x6 Core/Src/stm32h7xx_it.o
                0x0000000008002de8                UsageFault_Handler
 .text.SVC_Handler
                0x0000000008002dee        0xe Core/Src/stm32h7xx_it.o
                0x0000000008002dee                SVC_Handler
 .text.DebugMon_Handler
                0x0000000008002dfc        0xe Core/Src/stm32h7xx_it.o
                0x0000000008002dfc                DebugMon_Handler
 .text.PendSV_Handler
                0x0000000008002e0a        0xe Core/Src/stm32h7xx_it.o
                0x0000000008002e0a                PendSV_Handler
 .text.SysTick_Handler
                0x0000000008002e18        0xc Core/Src/stm32h7xx_it.o
                0x0000000008002e18                SysTick_Handler
 .text.DMA1_Stream0_IRQHandler
                0x0000000008002e24       0x14 Core/Src/stm32h7xx_it.o
                0x0000000008002e24                DMA1_Stream0_IRQHandler
 .text.DMA1_Stream1_IRQHandler
                0x0000000008002e38       0x18 Core/Src/stm32h7xx_it.o
                0x0000000008002e38                DMA1_Stream1_IRQHandler
 .text.DMA1_Stream2_IRQHandler
                0x0000000008002e50       0x14 Core/Src/stm32h7xx_it.o
                0x0000000008002e50                DMA1_Stream2_IRQHandler
 .text.TIM1_BRK_IRQHandler
                0x0000000008002e64       0x18 Core/Src/stm32h7xx_it.o
                0x0000000008002e64                TIM1_BRK_IRQHandler
 .text.TIM1_CC_IRQHandler
                0x0000000008002e7c       0x18 Core/Src/stm32h7xx_it.o
                0x0000000008002e7c                TIM1_CC_IRQHandler
 .text.EXTI15_10_IRQHandler
                0x0000000008002e94       0x28 Core/Src/stm32h7xx_it.o
                0x0000000008002e94                EXTI15_10_IRQHandler
 .text.SystemInit
                0x0000000008002ebc      0x110 Core/Src/system_stm32h7xx.o
                0x0000000008002ebc                SystemInit
 .text.Reset_Handler
                0x0000000008002fcc       0x50 Core/Startup/startup_stm32h743zitx.o
                0x0000000008002fcc                Reset_Handler
 .text.Default_Handler
                0x000000000800301c        0x2 Core/Startup/startup_stm32h743zitx.o
                0x000000000800301c                RTC_Alarm_IRQHandler
                0x000000000800301c                EXTI2_IRQHandler
                0x000000000800301c                TIM8_CC_IRQHandler
                0x000000000800301c                HRTIM1_Master_IRQHandler
                0x000000000800301c                UART8_IRQHandler
                0x000000000800301c                SPI4_IRQHandler
                0x000000000800301c                BDMA_Channel6_IRQHandler
                0x000000000800301c                DMA2_Stream5_IRQHandler
                0x000000000800301c                HRTIM1_FLT_IRQHandler
                0x000000000800301c                JPEG_IRQHandler
                0x000000000800301c                DMA1_Stream5_IRQHandler
                0x000000000800301c                BDMA_Channel1_IRQHandler
                0x000000000800301c                HRTIM1_TIMD_IRQHandler
                0x000000000800301c                TAMP_STAMP_IRQHandler
                0x000000000800301c                EXTI3_IRQHandler
                0x000000000800301c                LPTIM4_IRQHandler
                0x000000000800301c                TIM8_TRG_COM_TIM14_IRQHandler
                0x000000000800301c                LPTIM2_IRQHandler
                0x000000000800301c                DFSDM1_FLT1_IRQHandler
                0x000000000800301c                DMAMUX2_OVR_IRQHandler
                0x000000000800301c                TIM8_UP_TIM13_IRQHandler
                0x000000000800301c                I2C3_ER_IRQHandler
                0x000000000800301c                DFSDM1_FLT2_IRQHandler
                0x000000000800301c                MDMA_IRQHandler
                0x000000000800301c                LPTIM3_IRQHandler
                0x000000000800301c                HSEM1_IRQHandler
                0x000000000800301c                EXTI0_IRQHandler
                0x000000000800301c                I2C2_EV_IRQHandler
                0x000000000800301c                FPU_IRQHandler
                0x000000000800301c                OTG_HS_WKUP_IRQHandler
                0x000000000800301c                FDCAN1_IT1_IRQHandler
                0x000000000800301c                LTDC_ER_IRQHandler
                0x000000000800301c                DMA2_Stream2_IRQHandler
                0x000000000800301c                HRTIM1_TIME_IRQHandler
                0x000000000800301c                SPI1_IRQHandler
                0x000000000800301c                TIM6_DAC_IRQHandler
                0x000000000800301c                DCMI_IRQHandler
                0x000000000800301c                HRTIM1_TIMC_IRQHandler
                0x000000000800301c                DMA2_Stream3_IRQHandler
                0x000000000800301c                SAI2_IRQHandler
                0x000000000800301c                DFSDM1_FLT3_IRQHandler
                0x000000000800301c                USART6_IRQHandler
                0x000000000800301c                TIM17_IRQHandler
                0x000000000800301c                USART3_IRQHandler
                0x000000000800301c                BDMA_Channel7_IRQHandler
                0x000000000800301c                LPTIM5_IRQHandler
                0x000000000800301c                UART5_IRQHandler
                0x000000000800301c                ADC3_IRQHandler
                0x000000000800301c                DMA2_Stream0_IRQHandler
                0x000000000800301c                TIM4_IRQHandler
                0x000000000800301c                BDMA_Channel2_IRQHandler
                0x000000000800301c                QUADSPI_IRQHandler
                0x000000000800301c                I2C1_EV_IRQHandler
                0x000000000800301c                DMA1_Stream6_IRQHandler
                0x000000000800301c                DMAMUX1_OVR_IRQHandler
                0x000000000800301c                TIM16_IRQHandler
                0x000000000800301c                UART4_IRQHandler
                0x000000000800301c                BDMA_Channel5_IRQHandler
                0x000000000800301c                TIM3_IRQHandler
                0x000000000800301c                RCC_IRQHandler
                0x000000000800301c                TIM8_BRK_TIM12_IRQHandler
                0x000000000800301c                TIM1_TRG_COM_IRQHandler
                0x000000000800301c                Default_Handler
                0x000000000800301c                ECC_IRQHandler
                0x000000000800301c                CEC_IRQHandler
                0x000000000800301c                BDMA_Channel0_IRQHandler
                0x000000000800301c                ADC_IRQHandler
                0x000000000800301c                DMA1_Stream7_IRQHandler
                0x000000000800301c                HRTIM1_TIMA_IRQHandler
                0x000000000800301c                SPI5_IRQHandler
                0x000000000800301c                TIM7_IRQHandler
                0x000000000800301c                SDMMC1_IRQHandler
                0x000000000800301c                TIM5_IRQHandler
                0x000000000800301c                DMA2_Stream7_IRQHandler
                0x000000000800301c                TIM15_IRQHandler
                0x000000000800301c                PVD_AVD_IRQHandler
                0x000000000800301c                I2C3_EV_IRQHandler
                0x000000000800301c                EXTI9_5_IRQHandler
                0x000000000800301c                RTC_WKUP_IRQHandler
                0x000000000800301c                LTDC_IRQHandler
                0x000000000800301c                SAI3_IRQHandler
                0x000000000800301c                ETH_WKUP_IRQHandler
                0x000000000800301c                SPDIF_RX_IRQHandler
                0x000000000800301c                SPI2_IRQHandler
                0x000000000800301c                OTG_HS_EP1_IN_IRQHandler
                0x000000000800301c                CRS_IRQHandler
                0x000000000800301c                EXTI4_IRQHandler
                0x000000000800301c                RNG_IRQHandler
                0x000000000800301c                HRTIM1_TIMB_IRQHandler
                0x000000000800301c                FDCAN2_IT1_IRQHandler
                0x000000000800301c                ETH_IRQHandler
                0x000000000800301c                TIM1_UP_IRQHandler
                0x000000000800301c                BDMA_Channel4_IRQHandler
                0x000000000800301c                OTG_HS_EP1_OUT_IRQHandler
                0x000000000800301c                WWDG_IRQHandler
                0x000000000800301c                SPI6_IRQHandler
                0x000000000800301c                MDIOS_IRQHandler
                0x000000000800301c                I2C4_EV_IRQHandler
                0x000000000800301c                FDCAN2_IT0_IRQHandler
                0x000000000800301c                LPUART1_IRQHandler
                0x000000000800301c                FDCAN1_IT0_IRQHandler
                0x000000000800301c                TIM2_IRQHandler
                0x000000000800301c                OTG_FS_WKUP_IRQHandler
                0x000000000800301c                OTG_HS_IRQHandler
                0x000000000800301c                DMA2D_IRQHandler
                0x000000000800301c                EXTI1_IRQHandler
                0x000000000800301c                SDMMC2_IRQHandler
                0x000000000800301c                OTG_FS_EP1_OUT_IRQHandler
                0x000000000800301c                BDMA_Channel3_IRQHandler
                0x000000000800301c                UART7_IRQHandler
                0x000000000800301c                MDIOS_WKUP_IRQHandler
                0x000000000800301c                USART2_IRQHandler
                0x000000000800301c                DFSDM1_FLT0_IRQHandler
                0x000000000800301c                SAI4_IRQHandler
                0x000000000800301c                I2C2_ER_IRQHandler
                0x000000000800301c                DMA2_Stream1_IRQHandler
                0x000000000800301c                FLASH_IRQHandler
                0x000000000800301c                DMA2_Stream4_IRQHandler
                0x000000000800301c                USART1_IRQHandler
                0x000000000800301c                OTG_FS_IRQHandler
                0x000000000800301c                SPI3_IRQHandler
                0x000000000800301c                WAKEUP_PIN_IRQHandler
                0x000000000800301c                DMA1_Stream4_IRQHandler
                0x000000000800301c                OTG_FS_EP1_IN_IRQHandler
                0x000000000800301c                I2C1_ER_IRQHandler
                0x000000000800301c                FMC_IRQHandler
                0x000000000800301c                FDCAN_CAL_IRQHandler
                0x000000000800301c                SWPMI1_IRQHandler
                0x000000000800301c                COMP1_IRQHandler
                0x000000000800301c                LPTIM1_IRQHandler
                0x000000000800301c                I2C4_ER_IRQHandler
                0x000000000800301c                DMA2_Stream6_IRQHandler
                0x000000000800301c                SAI1_IRQHandler
                0x000000000800301c                DMA1_Stream3_IRQHandler
 *fill*         0x000000000800301e        0x2 
 .text.HAL_Init
                0x0000000008003020       0x78 Drivers/STM32H7xx_HAL_Driver/Src/stm32h7xx_hal.o
                0x0000000008003020                HAL_Init
 .text.HAL_InitTick
                0x0000000008003098       0x6c Drivers/STM32H7xx_HAL_Driver/Src/stm32h7xx_hal.o
                0x0000000008003098                HAL_InitTick
 .text.HAL_IncTick
                0x0000000008003104       0x28 Drivers/STM32H7xx_HAL_Driver/Src/stm32h7xx_hal.o
                0x0000000008003104                HAL_IncTick
 .text.HAL_GetTick
                0x000000000800312c       0x18 Drivers/STM32H7xx_HAL_Driver/Src/stm32h7xx_hal.o
                0x000000000800312c                HAL_GetTick
 .text.HAL_GetREVID
                0x0000000008003144       0x18 Drivers/STM32H7xx_HAL_Driver/Src/stm32h7xx_hal.o
                0x0000000008003144                HAL_GetREVID
 .text.LL_ADC_SetCommonClock
                0x000000000800315c       0x26 Drivers/STM32H7xx_HAL_Driver/Src/stm32h7xx_hal_adc.o
 .text.LL_ADC_SetCommonPathInternalCh
                0x0000000008003182       0x26 Drivers/STM32H7xx_HAL_Driver/Src/stm32h7xx_hal_adc.o
 .text.LL_ADC_GetCommonPathInternalCh
                0x00000000080031a8       0x1c Drivers/STM32H7xx_HAL_Driver/Src/stm32h7xx_hal_adc.o
 .text.LL_ADC_SetOffset
                0x00000000080031c4       0x40 Drivers/STM32H7xx_HAL_Driver/Src/stm32h7xx_hal_adc.o
 .text.LL_ADC_SetDataRightShift
                0x0000000008003204       0x32 Drivers/STM32H7xx_HAL_Driver/Src/stm32h7xx_hal_adc.o
 .text.LL_ADC_SetOffsetSignedSaturation
                0x0000000008003236       0x36 Drivers/STM32H7xx_HAL_Driver/Src/stm32h7xx_hal_adc.o
 .text.LL_ADC_REG_IsTriggerSourceSWStart
                0x000000000800326c       0x26 Drivers/STM32H7xx_HAL_Driver/Src/stm32h7xx_hal_adc.o
 .text.LL_ADC_REG_SetSequencerRanks
                0x0000000008003292       0x58 Drivers/STM32H7xx_HAL_Driver/Src/stm32h7xx_hal_adc.o
 .text.LL_ADC_REG_SetDataTransferMode
                0x00000000080032ea       0x26 Drivers/STM32H7xx_HAL_Driver/Src/stm32h7xx_hal_adc.o
 .text.LL_ADC_SetChannelSamplingTime
                0x0000000008003310       0x56 Drivers/STM32H7xx_HAL_Driver/Src/stm32h7xx_hal_adc.o
 *fill*         0x0000000008003366        0x2 
 .text.LL_ADC_SetChannelSingleDiff
                0x0000000008003368       0x48 Drivers/STM32H7xx_HAL_Driver/Src/stm32h7xx_hal_adc.o
 .text.LL_ADC_GetMultimode
                0x00000000080033b0       0x1c Drivers/STM32H7xx_HAL_Driver/Src/stm32h7xx_hal_adc.o
 .text.LL_ADC_DisableDeepPowerDown
                0x00000000080033cc       0x24 Drivers/STM32H7xx_HAL_Driver/Src/stm32h7xx_hal_adc.o
 .text.LL_ADC_IsDeepPowerDownEnabled
                0x00000000080033f0       0x28 Drivers/STM32H7xx_HAL_Driver/Src/stm32h7xx_hal_adc.o
 .text.LL_ADC_EnableInternalRegulator
                0x0000000008003418       0x28 Drivers/STM32H7xx_HAL_Driver/Src/stm32h7xx_hal_adc.o
 .text.LL_ADC_IsInternalRegulatorEnabled
                0x0000000008003440       0x28 Drivers/STM32H7xx_HAL_Driver/Src/stm32h7xx_hal_adc.o
 .text.LL_ADC_Enable
                0x0000000008003468       0x28 Drivers/STM32H7xx_HAL_Driver/Src/stm32h7xx_hal_adc.o
 .text.LL_ADC_Disable
                0x0000000008003490       0x28 Drivers/STM32H7xx_HAL_Driver/Src/stm32h7xx_hal_adc.o
 .text.LL_ADC_IsEnabled
                0x00000000080034b8       0x26 Drivers/STM32H7xx_HAL_Driver/Src/stm32h7xx_hal_adc.o
 .text.LL_ADC_IsDisableOngoing
                0x00000000080034de       0x26 Drivers/STM32H7xx_HAL_Driver/Src/stm32h7xx_hal_adc.o
 .text.LL_ADC_REG_StartConversion
                0x0000000008003504       0x28 Drivers/STM32H7xx_HAL_Driver/Src/stm32h7xx_hal_adc.o
 .text.LL_ADC_REG_IsConversionOngoing
                0x000000000800352c       0x26 Drivers/STM32H7xx_HAL_Driver/Src/stm32h7xx_hal_adc.o
 .text.LL_ADC_INJ_IsConversionOngoing
                0x0000000008003552       0x26 Drivers/STM32H7xx_HAL_Driver/Src/stm32h7xx_hal_adc.o
 .text.HAL_ADC_Init
                0x0000000008003578      0x340 Drivers/STM32H7xx_HAL_Driver/Src/stm32h7xx_hal_adc.o
                0x0000000008003578                HAL_ADC_Init
 .text.HAL_ADC_Start_DMA
                0x00000000080038b8      0x188 Drivers/STM32H7xx_HAL_Driver/Src/stm32h7xx_hal_adc.o
                0x00000000080038b8                HAL_ADC_Start_DMA
 .text.HAL_ADC_ConvCpltCallback
                0x0000000008003a40       0x14 Drivers/STM32H7xx_HAL_Driver/Src/stm32h7xx_hal_adc.o
                0x0000000008003a40                HAL_ADC_ConvCpltCallback
 .text.HAL_ADC_ConvHalfCpltCallback
                0x0000000008003a54       0x14 Drivers/STM32H7xx_HAL_Driver/Src/stm32h7xx_hal_adc.o
                0x0000000008003a54                HAL_ADC_ConvHalfCpltCallback
 .text.HAL_ADC_ErrorCallback
                0x0000000008003a68       0x14 Drivers/STM32H7xx_HAL_Driver/Src/stm32h7xx_hal_adc.o
                0x0000000008003a68                HAL_ADC_ErrorCallback
 .text.HAL_ADC_ConfigChannel
                0x0000000008003a7c      0x6a0 Drivers/STM32H7xx_HAL_Driver/Src/stm32h7xx_hal_adc.o
                0x0000000008003a7c                HAL_ADC_ConfigChannel
 .text.ADC_Enable
                0x000000000800411c      0x114 Drivers/STM32H7xx_HAL_Driver/Src/stm32h7xx_hal_adc.o
                0x000000000800411c                ADC_Enable
 .text.ADC_Disable
                0x0000000008004230       0xbe Drivers/STM32H7xx_HAL_Driver/Src/stm32h7xx_hal_adc.o
                0x0000000008004230                ADC_Disable
 .text.ADC_DMAConvCplt
                0x00000000080042ee       0xd8 Drivers/STM32H7xx_HAL_Driver/Src/stm32h7xx_hal_adc.o
                0x00000000080042ee                ADC_DMAConvCplt
 .text.ADC_DMAHalfConvCplt
                0x00000000080043c6       0x1c Drivers/STM32H7xx_HAL_Driver/Src/stm32h7xx_hal_adc.o
                0x00000000080043c6                ADC_DMAHalfConvCplt
 .text.ADC_DMAError
                0x00000000080043e2       0x34 Drivers/STM32H7xx_HAL_Driver/Src/stm32h7xx_hal_adc.o
                0x00000000080043e2                ADC_DMAError
 *fill*         0x0000000008004416        0x2 
 .text.ADC_ConfigureBoostMode
                0x0000000008004418      0x214 Drivers/STM32H7xx_HAL_Driver/Src/stm32h7xx_hal_adc.o
                0x0000000008004418                ADC_ConfigureBoostMode
 .text.LL_ADC_IsEnabled
                0x000000000800462c       0x26 Drivers/STM32H7xx_HAL_Driver/Src/stm32h7xx_hal_adc_ex.o
 *fill*         0x0000000008004652        0x2 
 .text.LL_ADC_StartCalibration
                0x0000000008004654       0x3c Drivers/STM32H7xx_HAL_Driver/Src/stm32h7xx_hal_adc_ex.o
 .text.LL_ADC_IsCalibrationOnGoing
                0x0000000008004690       0x28 Drivers/STM32H7xx_HAL_Driver/Src/stm32h7xx_hal_adc_ex.o
 .text.LL_ADC_REG_IsConversionOngoing
                0x00000000080046b8       0x26 Drivers/STM32H7xx_HAL_Driver/Src/stm32h7xx_hal_adc_ex.o
 *fill*         0x00000000080046de        0x2 
 .text.HAL_ADCEx_Calibration_Start
                0x00000000080046e0       0xc8 Drivers/STM32H7xx_HAL_Driver/Src/stm32h7xx_hal_adc_ex.o
                0x00000000080046e0                HAL_ADCEx_Calibration_Start
 .text.HAL_ADCEx_MultiModeConfigChannel
                0x00000000080047a8      0x1bc Drivers/STM32H7xx_HAL_Driver/Src/stm32h7xx_hal_adc_ex.o
                0x00000000080047a8                HAL_ADCEx_MultiModeConfigChannel
 .text.__NVIC_SetPriorityGrouping
                0x0000000008004964       0x48 Drivers/STM32H7xx_HAL_Driver/Src/stm32h7xx_hal_cortex.o
 .text.__NVIC_GetPriorityGrouping
                0x00000000080049ac       0x1c Drivers/STM32H7xx_HAL_Driver/Src/stm32h7xx_hal_cortex.o
 .text.__NVIC_EnableIRQ
                0x00000000080049c8       0x3c Drivers/STM32H7xx_HAL_Driver/Src/stm32h7xx_hal_cortex.o
 .text.__NVIC_SetPriority
                0x0000000008004a04       0x54 Drivers/STM32H7xx_HAL_Driver/Src/stm32h7xx_hal_cortex.o
 .text.NVIC_EncodePriority
                0x0000000008004a58       0x66 Drivers/STM32H7xx_HAL_Driver/Src/stm32h7xx_hal_cortex.o
 *fill*         0x0000000008004abe        0x2 
 .text.__NVIC_SystemReset
                0x0000000008004ac0       0x2c Drivers/STM32H7xx_HAL_Driver/Src/stm32h7xx_hal_cortex.o
 .text.SysTick_Config
                0x0000000008004aec       0x44 Drivers/STM32H7xx_HAL_Driver/Src/stm32h7xx_hal_cortex.o
 .text.HAL_NVIC_SetPriorityGrouping
                0x0000000008004b30       0x16 Drivers/STM32H7xx_HAL_Driver/Src/stm32h7xx_hal_cortex.o
                0x0000000008004b30                HAL_NVIC_SetPriorityGrouping
 .text.HAL_NVIC_SetPriority
                0x0000000008004b46       0x34 Drivers/STM32H7xx_HAL_Driver/Src/stm32h7xx_hal_cortex.o
                0x0000000008004b46                HAL_NVIC_SetPriority
 .text.HAL_NVIC_EnableIRQ
                0x0000000008004b7a       0x1c Drivers/STM32H7xx_HAL_Driver/Src/stm32h7xx_hal_cortex.o
                0x0000000008004b7a                HAL_NVIC_EnableIRQ
 .text.HAL_NVIC_SystemReset
                0x0000000008004b96        0x8 Drivers/STM32H7xx_HAL_Driver/Src/stm32h7xx_hal_cortex.o
                0x0000000008004b96                HAL_NVIC_SystemReset
 .text.HAL_SYSTICK_Config
                0x0000000008004b9e       0x18 Drivers/STM32H7xx_HAL_Driver/Src/stm32h7xx_hal_cortex.o
                0x0000000008004b9e                HAL_SYSTICK_Config
 *fill*         0x0000000008004bb6        0x2 
 .text.HAL_MPU_Disable
                0x0000000008004bb8       0x30 Drivers/STM32H7xx_HAL_Driver/Src/stm32h7xx_hal_cortex.o
                0x0000000008004bb8                HAL_MPU_Disable
 .text.HAL_MPU_Enable
                0x0000000008004be8       0x40 Drivers/STM32H7xx_HAL_Driver/Src/stm32h7xx_hal_cortex.o
                0x0000000008004be8                HAL_MPU_Enable
 .text.HAL_MPU_ConfigRegion
                0x0000000008004c28       0x88 Drivers/STM32H7xx_HAL_Driver/Src/stm32h7xx_hal_cortex.o
                0x0000000008004c28                HAL_MPU_ConfigRegion
 .text.HAL_CRC_Init
                0x0000000008004cb0       0xc8 Drivers/STM32H7xx_HAL_Driver/Src/stm32h7xx_hal_crc.o
                0x0000000008004cb0                HAL_CRC_Init
 .text.HAL_CRCEx_Polynomial_Set
                0x0000000008004d78      0x10c Drivers/STM32H7xx_HAL_Driver/Src/stm32h7xx_hal_crc_ex.o
                0x0000000008004d78                HAL_CRCEx_Polynomial_Set
 .text.HAL_DMA_Init
                0x0000000008004e84      0x6b8 Drivers/STM32H7xx_HAL_Driver/Src/stm32h7xx_hal_dma.o
                0x0000000008004e84                HAL_DMA_Init
 .text.HAL_DMA_Start_IT
                0x000000000800553c      0x4d4 Drivers/STM32H7xx_HAL_Driver/Src/stm32h7xx_hal_dma.o
                0x000000000800553c                HAL_DMA_Start_IT
 .text.HAL_DMA_IRQHandler
                0x0000000008005a10      0xe54 Drivers/STM32H7xx_HAL_Driver/Src/stm32h7xx_hal_dma.o
                0x0000000008005a10                HAL_DMA_IRQHandler
 .text.DMA_SetConfig
                0x0000000008006864      0x358 Drivers/STM32H7xx_HAL_Driver/Src/stm32h7xx_hal_dma.o
 .text.DMA_CalcBaseAndBitshift
                0x0000000008006bbc      0x164 Drivers/STM32H7xx_HAL_Driver/Src/stm32h7xx_hal_dma.o
 .text.DMA_CheckFifoParam
                0x0000000008006d20       0xf8 Drivers/STM32H7xx_HAL_Driver/Src/stm32h7xx_hal_dma.o
 .text.DMA_CalcDMAMUXChannelBaseAndMask
                0x0000000008006e18      0x134 Drivers/STM32H7xx_HAL_Driver/Src/stm32h7xx_hal_dma.o
 .text.DMA_CalcDMAMUXRequestGenBaseAndMask
                0x0000000008006f4c       0xe8 Drivers/STM32H7xx_HAL_Driver/Src/stm32h7xx_hal_dma.o
 .text.HAL_GPIO_Init
                0x0000000008007034      0x360 Drivers/STM32H7xx_HAL_Driver/Src/stm32h7xx_hal_gpio.o
                0x0000000008007034                HAL_GPIO_Init
 .text.HAL_GPIO_WritePin
                0x0000000008007394       0x32 Drivers/STM32H7xx_HAL_Driver/Src/stm32h7xx_hal_gpio.o
                0x0000000008007394                HAL_GPIO_WritePin
 .text.HAL_GPIO_TogglePin
                0x00000000080073c6       0x34 Drivers/STM32H7xx_HAL_Driver/Src/stm32h7xx_hal_gpio.o
                0x00000000080073c6                HAL_GPIO_TogglePin
 .text.HAL_GPIO_EXTI_IRQHandler
                0x00000000080073fa       0x34 Drivers/STM32H7xx_HAL_Driver/Src/stm32h7xx_hal_gpio.o
                0x00000000080073fa                HAL_GPIO_EXTI_IRQHandler
 .text.HAL_GPIO_EXTI_Callback
                0x000000000800742e       0x16 Drivers/STM32H7xx_HAL_Driver/Src/stm32h7xx_hal_gpio.o
                0x000000000800742e                HAL_GPIO_EXTI_Callback
 .text.HAL_PWREx_ConfigSupply
                0x0000000008007444       0x74 Drivers/STM32H7xx_HAL_Driver/Src/stm32h7xx_hal_pwr_ex.o
                0x0000000008007444                HAL_PWREx_ConfigSupply
 .text.HAL_RCC_OscConfig
                0x00000000080074b8      0x858 Drivers/STM32H7xx_HAL_Driver/Src/stm32h7xx_hal_rcc.o
                0x00000000080074b8                HAL_RCC_OscConfig
 .text.HAL_RCC_ClockConfig
                0x0000000008007d10      0x36c Drivers/STM32H7xx_HAL_Driver/Src/stm32h7xx_hal_rcc.o
                0x0000000008007d10                HAL_RCC_ClockConfig
 .text.HAL_RCC_GetSysClockFreq
                0x000000000800807c      0x2f4 Drivers/STM32H7xx_HAL_Driver/Src/stm32h7xx_hal_rcc.o
                0x000000000800807c                HAL_RCC_GetSysClockFreq
 .text.HAL_RCC_GetHCLKFreq
                0x0000000008008370       0x60 Drivers/STM32H7xx_HAL_Driver/Src/stm32h7xx_hal_rcc.o
                0x0000000008008370                HAL_RCC_GetHCLKFreq
 .text.HAL_RCC_GetPCLK1Freq
                0x00000000080083d0       0x2c Drivers/STM32H7xx_HAL_Driver/Src/stm32h7xx_hal_rcc.o
                0x00000000080083d0                HAL_RCC_GetPCLK1Freq
 .text.HAL_RCC_GetPCLK2Freq
                0x00000000080083fc       0x2c Drivers/STM32H7xx_HAL_Driver/Src/stm32h7xx_hal_rcc.o
                0x00000000080083fc                HAL_RCC_GetPCLK2Freq
 .text.HAL_RCCEx_PeriphCLKConfig
                0x0000000008008428      0xe80 Drivers/STM32H7xx_HAL_Driver/Src/stm32h7xx_hal_rcc_ex.o
                0x0000000008008428                HAL_RCCEx_PeriphCLKConfig
 .text.HAL_RCCEx_GetPeriphCLKFreq
                0x00000000080092a8      0x9a4 Drivers/STM32H7xx_HAL_Driver/Src/stm32h7xx_hal_rcc_ex.o
                0x00000000080092a8                HAL_RCCEx_GetPeriphCLKFreq
 .text.HAL_RCCEx_GetD3PCLK1Freq
                0x0000000008009c4c       0x2c Drivers/STM32H7xx_HAL_Driver/Src/stm32h7xx_hal_rcc_ex.o
                0x0000000008009c4c                HAL_RCCEx_GetD3PCLK1Freq
 .text.HAL_RCCEx_GetPLL2ClockFreq
                0x0000000008009c78      0x2a8 Drivers/STM32H7xx_HAL_Driver/Src/stm32h7xx_hal_rcc_ex.o
                0x0000000008009c78                HAL_RCCEx_GetPLL2ClockFreq
 .text.HAL_RCCEx_GetPLL3ClockFreq
                0x0000000008009f20      0x2a8 Drivers/STM32H7xx_HAL_Driver/Src/stm32h7xx_hal_rcc_ex.o
                0x0000000008009f20                HAL_RCCEx_GetPLL3ClockFreq
 .text.HAL_RCCEx_GetPLL1ClockFreq
                0x000000000800a1c8      0x2a4 Drivers/STM32H7xx_HAL_Driver/Src/stm32h7xx_hal_rcc_ex.o
                0x000000000800a1c8                HAL_RCCEx_GetPLL1ClockFreq
 .text.RCCEx_PLL2_Config
                0x000000000800a46c      0x164 Drivers/STM32H7xx_HAL_Driver/Src/stm32h7xx_hal_rcc_ex.o
 .text.RCCEx_PLL3_Config
                0x000000000800a5d0      0x164 Drivers/STM32H7xx_HAL_Driver/Src/stm32h7xx_hal_rcc_ex.o
 .text.HAL_TIM_Base_Init
                0x000000000800a734       0xae Drivers/STM32H7xx_HAL_Driver/Src/stm32h7xx_hal_tim.o
                0x000000000800a734                HAL_TIM_Base_Init
 .text.HAL_TIM_PWM_Init
                0x000000000800a7e2       0xae Drivers/STM32H7xx_HAL_Driver/Src/stm32h7xx_hal_tim.o
                0x000000000800a7e2                HAL_TIM_PWM_Init
 .text.HAL_TIM_PWM_MspInit
                0x000000000800a890       0x14 Drivers/STM32H7xx_HAL_Driver/Src/stm32h7xx_hal_tim.o
                0x000000000800a890                HAL_TIM_PWM_MspInit
 .text.HAL_TIM_PWM_Start
                0x000000000800a8a4      0x21c Drivers/STM32H7xx_HAL_Driver/Src/stm32h7xx_hal_tim.o
                0x000000000800a8a4                HAL_TIM_PWM_Start
 .text.HAL_TIM_PWM_Start_IT
                0x000000000800aac0      0x2b4 Drivers/STM32H7xx_HAL_Driver/Src/stm32h7xx_hal_tim.o
                0x000000000800aac0                HAL_TIM_PWM_Start_IT
 .text.HAL_TIM_Encoder_Init
                0x000000000800ad74      0x14c Drivers/STM32H7xx_HAL_Driver/Src/stm32h7xx_hal_tim.o
                0x000000000800ad74                HAL_TIM_Encoder_Init
 .text.HAL_TIM_Encoder_Start
                0x000000000800aec0      0x11c Drivers/STM32H7xx_HAL_Driver/Src/stm32h7xx_hal_tim.o
                0x000000000800aec0                HAL_TIM_Encoder_Start
 .text.HAL_TIM_IRQHandler
                0x000000000800afdc      0x23e Drivers/STM32H7xx_HAL_Driver/Src/stm32h7xx_hal_tim.o
                0x000000000800afdc                HAL_TIM_IRQHandler
 *fill*         0x000000000800b21a        0x2 
 .text.HAL_TIM_PWM_ConfigChannel
                0x000000000800b21c      0x228 Drivers/STM32H7xx_HAL_Driver/Src/stm32h7xx_hal_tim.o
                0x000000000800b21c                HAL_TIM_PWM_ConfigChannel
 .text.HAL_TIM_ConfigClockSource
                0x000000000800b444      0x1f0 Drivers/STM32H7xx_HAL_Driver/Src/stm32h7xx_hal_tim.o
                0x000000000800b444                HAL_TIM_ConfigClockSource
 .text.HAL_TIM_PeriodElapsedCallback
                0x000000000800b634       0x14 Drivers/STM32H7xx_HAL_Driver/Src/stm32h7xx_hal_tim.o
                0x000000000800b634                HAL_TIM_PeriodElapsedCallback
 .text.HAL_TIM_OC_DelayElapsedCallback
                0x000000000800b648       0x14 Drivers/STM32H7xx_HAL_Driver/Src/stm32h7xx_hal_tim.o
                0x000000000800b648                HAL_TIM_OC_DelayElapsedCallback
 .text.HAL_TIM_IC_CaptureCallback
                0x000000000800b65c       0x14 Drivers/STM32H7xx_HAL_Driver/Src/stm32h7xx_hal_tim.o
                0x000000000800b65c                HAL_TIM_IC_CaptureCallback
 .text.HAL_TIM_PWM_PulseFinishedCallback
                0x000000000800b670       0x14 Drivers/STM32H7xx_HAL_Driver/Src/stm32h7xx_hal_tim.o
                0x000000000800b670                HAL_TIM_PWM_PulseFinishedCallback
 .text.HAL_TIM_TriggerCallback
                0x000000000800b684       0x14 Drivers/STM32H7xx_HAL_Driver/Src/stm32h7xx_hal_tim.o
                0x000000000800b684                HAL_TIM_TriggerCallback
 .text.TIM_Base_SetConfig
                0x000000000800b698      0x134 Drivers/STM32H7xx_HAL_Driver/Src/stm32h7xx_hal_tim.o
                0x000000000800b698                TIM_Base_SetConfig
 .text.TIM_OC1_SetConfig
                0x000000000800b7cc      0x120 Drivers/STM32H7xx_HAL_Driver/Src/stm32h7xx_hal_tim.o
 .text.TIM_OC2_SetConfig
                0x000000000800b8ec      0x114 Drivers/STM32H7xx_HAL_Driver/Src/stm32h7xx_hal_tim.o
                0x000000000800b8ec                TIM_OC2_SetConfig
 .text.TIM_OC3_SetConfig
                0x000000000800ba00      0x110 Drivers/STM32H7xx_HAL_Driver/Src/stm32h7xx_hal_tim.o
 .text.TIM_OC4_SetConfig
                0x000000000800bb10       0xd4 Drivers/STM32H7xx_HAL_Driver/Src/stm32h7xx_hal_tim.o
 .text.TIM_OC5_SetConfig
                0x000000000800bbe4       0xc8 Drivers/STM32H7xx_HAL_Driver/Src/stm32h7xx_hal_tim.o
 .text.TIM_OC6_SetConfig
                0x000000000800bcac       0xcc Drivers/STM32H7xx_HAL_Driver/Src/stm32h7xx_hal_tim.o
 .text.TIM_TI1_ConfigInputStage
                0x000000000800bd78       0x5e Drivers/STM32H7xx_HAL_Driver/Src/stm32h7xx_hal_tim.o
 .text.TIM_TI2_ConfigInputStage
                0x000000000800bdd6       0x60 Drivers/STM32H7xx_HAL_Driver/Src/stm32h7xx_hal_tim.o
 *fill*         0x000000000800be36        0x2 
 .text.TIM_ITRx_SetConfig
                0x000000000800be38       0x3c Drivers/STM32H7xx_HAL_Driver/Src/stm32h7xx_hal_tim.o
 .text.TIM_ETR_SetConfig
                0x000000000800be74       0x40 Drivers/STM32H7xx_HAL_Driver/Src/stm32h7xx_hal_tim.o
                0x000000000800be74                TIM_ETR_SetConfig
 .text.TIM_CCxChannelCmd
                0x000000000800beb4       0x4a Drivers/STM32H7xx_HAL_Driver/Src/stm32h7xx_hal_tim.o
                0x000000000800beb4                TIM_CCxChannelCmd
 *fill*         0x000000000800befe        0x2 
 .text.HAL_TIMEx_MasterConfigSynchronization
                0x000000000800bf00      0x11c Drivers/STM32H7xx_HAL_Driver/Src/stm32h7xx_hal_tim_ex.o
                0x000000000800bf00                HAL_TIMEx_MasterConfigSynchronization
 .text.HAL_TIMEx_ConfigBreakDeadTime
                0x000000000800c01c       0xfc Drivers/STM32H7xx_HAL_Driver/Src/stm32h7xx_hal_tim_ex.o
                0x000000000800c01c                HAL_TIMEx_ConfigBreakDeadTime
 .text.HAL_TIMEx_CommutCallback
                0x000000000800c118       0x14 Drivers/STM32H7xx_HAL_Driver/Src/stm32h7xx_hal_tim_ex.o
                0x000000000800c118                HAL_TIMEx_CommutCallback
 .text.HAL_TIMEx_BreakCallback
                0x000000000800c12c       0x14 Drivers/STM32H7xx_HAL_Driver/Src/stm32h7xx_hal_tim_ex.o
                0x000000000800c12c                HAL_TIMEx_BreakCallback
 .text.HAL_TIMEx_Break2Callback
                0x000000000800c140       0x14 Drivers/STM32H7xx_HAL_Driver/Src/stm32h7xx_hal_tim_ex.o
                0x000000000800c140                HAL_TIMEx_Break2Callback
 .text.HAL_UART_Init
                0x000000000800c154       0xa0 Drivers/STM32H7xx_HAL_Driver/Src/stm32h7xx_hal_uart.o
                0x000000000800c154                HAL_UART_Init
 .text.HAL_UART_Transmit
                0x000000000800c1f4      0x12c Drivers/STM32H7xx_HAL_Driver/Src/stm32h7xx_hal_uart.o
                0x000000000800c1f4                HAL_UART_Transmit
 .text.HAL_UART_Receive_DMA
                0x000000000800c320       0xac Drivers/STM32H7xx_HAL_Driver/Src/stm32h7xx_hal_uart.o
                0x000000000800c320                HAL_UART_Receive_DMA
 .text.HAL_UART_RxCpltCallback
                0x000000000800c3cc       0x14 Drivers/STM32H7xx_HAL_Driver/Src/stm32h7xx_hal_uart.o
                0x000000000800c3cc                HAL_UART_RxCpltCallback
 .text.HAL_UART_RxHalfCpltCallback
                0x000000000800c3e0       0x14 Drivers/STM32H7xx_HAL_Driver/Src/stm32h7xx_hal_uart.o
                0x000000000800c3e0                HAL_UART_RxHalfCpltCallback
 .text.HAL_UART_ErrorCallback
                0x000000000800c3f4       0x14 Drivers/STM32H7xx_HAL_Driver/Src/stm32h7xx_hal_uart.o
                0x000000000800c3f4                HAL_UART_ErrorCallback
 .text.HAL_UARTEx_RxEventCallback
                0x000000000800c408       0x18 Drivers/STM32H7xx_HAL_Driver/Src/stm32h7xx_hal_uart.o
                0x000000000800c408                HAL_UARTEx_RxEventCallback
 .text.UART_SetConfig
                0x000000000800c420      0xac0 Drivers/STM32H7xx_HAL_Driver/Src/stm32h7xx_hal_uart.o
                0x000000000800c420                UART_SetConfig
 .text.UART_AdvFeatureConfig
                0x000000000800cee0      0x144 Drivers/STM32H7xx_HAL_Driver/Src/stm32h7xx_hal_uart.o
                0x000000000800cee0                UART_AdvFeatureConfig
 .text.UART_CheckIdleState
                0x000000000800d024       0x96 Drivers/STM32H7xx_HAL_Driver/Src/stm32h7xx_hal_uart.o
                0x000000000800d024                UART_CheckIdleState
 .text.UART_WaitOnFlagUntilTimeout
                0x000000000800d0ba      0x190 Drivers/STM32H7xx_HAL_Driver/Src/stm32h7xx_hal_uart.o
                0x000000000800d0ba                UART_WaitOnFlagUntilTimeout
 *fill*         0x000000000800d24a        0x2 
 .text.UART_Start_Receive_DMA
                0x000000000800d24c      0x150 Drivers/STM32H7xx_HAL_Driver/Src/stm32h7xx_hal_uart.o
                0x000000000800d24c                UART_Start_Receive_DMA
 .text.UART_EndTxTransfer
                0x000000000800d39c       0x82 Drivers/STM32H7xx_HAL_Driver/Src/stm32h7xx_hal_uart.o
 *fill*         0x000000000800d41e        0x2 
 .text.UART_EndRxTransfer
                0x000000000800d420       0xcc Drivers/STM32H7xx_HAL_Driver/Src/stm32h7xx_hal_uart.o
 .text.UART_DMAReceiveCplt
                0x000000000800d4ec      0x122 Drivers/STM32H7xx_HAL_Driver/Src/stm32h7xx_hal_uart.o
 .text.UART_DMARxHalfCplt
                0x000000000800d60e       0x38 Drivers/STM32H7xx_HAL_Driver/Src/stm32h7xx_hal_uart.o
 .text.UART_DMAError
                0x000000000800d646       0x80 Drivers/STM32H7xx_HAL_Driver/Src/stm32h7xx_hal_uart.o
 .text.HAL_UARTEx_DisableFifoMode
                0x000000000800d6c6       0x72 Drivers/STM32H7xx_HAL_Driver/Src/stm32h7xx_hal_uart_ex.o
                0x000000000800d6c6                HAL_UARTEx_DisableFifoMode
 .text.HAL_UARTEx_SetTxFifoThreshold
                0x000000000800d738       0x7c Drivers/STM32H7xx_HAL_Driver/Src/stm32h7xx_hal_uart_ex.o
                0x000000000800d738                HAL_UARTEx_SetTxFifoThreshold
 .text.HAL_UARTEx_SetRxFifoThreshold
                0x000000000800d7b4       0x7c Drivers/STM32H7xx_HAL_Driver/Src/stm32h7xx_hal_uart_ex.o
                0x000000000800d7b4                HAL_UARTEx_SetRxFifoThreshold
 .text.UARTEx_SetNbDataToProcess
                0x000000000800d830       0x9c Drivers/STM32H7xx_HAL_Driver/Src/stm32h7xx_hal_uart_ex.o
 .text.network_configure_activations
                0x000000000800d8cc       0x88 X-CUBE-AI/App/network.o
 .text.network_configure_weights
                0x000000000800d954       0xa8 X-CUBE-AI/App/network.o
 .text.ai_network_create
                0x000000000800d9fc       0x2c X-CUBE-AI/App/network.o
                0x000000000800d9fc                ai_network_create
 .text.ai_network_init
                0x000000000800da28       0x7e X-CUBE-AI/App/network.o
                0x000000000800da28                ai_network_init
 .text.ai_network_run
                0x000000000800daa6       0x20 X-CUBE-AI/App/network.o
                0x000000000800daa6                ai_network_run
 *fill*         0x000000000800dac6        0x2 
 .text.ai_network_data_weights_get
                0x000000000800dac8       0x14 X-CUBE-AI/App/network_data.o
                0x000000000800dac8                ai_network_data_weights_get
 .text.ai_platform_network_create
                0x000000000800dadc      0x18c ../Middlewares/ST/AI/Lib\NetworkRuntime600_CM7_GCC.a(ai_platform_interface.o)
                0x000000000800dadc                ai_platform_network_create
 .text.ai_platform_network_init
                0x000000000800dc68      0x1b4 ../Middlewares/ST/AI/Lib\NetworkRuntime600_CM7_GCC.a(ai_platform_interface.o)
                0x000000000800dc68                ai_platform_network_init
 .text.ai_platform_network_post_init
                0x000000000800de1c      0x15c ../Middlewares/ST/AI/Lib\NetworkRuntime600_CM7_GCC.a(ai_platform_interface.o)
                0x000000000800de1c                ai_platform_network_post_init
 .text.ai_platform_network_process
                0x000000000800df78      0x558 ../Middlewares/ST/AI/Lib\NetworkRuntime600_CM7_GCC.a(ai_platform_interface.o)
                0x000000000800df78                ai_platform_network_process
 .text.core_init
                0x000000000800e4d0        0x4 ../Middlewares/ST/AI/Lib\NetworkRuntime600_CM7_GCC.a(core_common.o)
                0x000000000800e4d0                core_init
 .text.core_set_error
                0x000000000800e4d4       0x18 ../Middlewares/ST/AI/Lib\NetworkRuntime600_CM7_GCC.a(core_common.o)
                0x000000000800e4d4                core_set_error
 .text.ai_dict8_dot_array_f32
                0x000000000800e4ec      0x460 ../Middlewares/ST/AI/Lib\NetworkRuntime600_CM7_GCC.a(layers_conv2d_generic_float.o)
                0x000000000800e4ec                ai_dict8_dot_array_f32
 .text.ai_dict4_dot_array_f32
                0x000000000800e94c      0x17c ../Middlewares/ST/AI/Lib\NetworkRuntime600_CM7_GCC.a(layers_conv2d_generic_float.o)
                0x000000000800e94c                ai_dict4_dot_array_f32
 .text.forward_dense
                0x000000000800eac8      0x44c ../Middlewares/ST/AI/Lib\NetworkRuntime600_CM7_GCC.a(layers_conv2d_generic_float.o)
                0x000000000800eac8                forward_dense
 .text.nl_func_relu_generic_array_f32
                0x000000000800ef14       0xf0 ../Middlewares/ST/AI/Lib\NetworkRuntime600_CM7_GCC.a(layers_nl_generic_float.o)
                0x000000000800ef14                nl_func_relu_generic_array_f32
 .text.forward_relu
                0x000000000800f004      0x118 ../Middlewares/ST/AI/Lib\NetworkRuntime600_CM7_GCC.a(layers_nl_generic_float.o)
                0x000000000800f004                forward_relu
 .text.ai_check_custom_types
                0x000000000800f11c       0x54 ../Middlewares/ST/AI/Lib\NetworkRuntime600_CM7_GCC.a(layers.o)
                0x000000000800f11c                ai_check_custom_types
 .text.ai_layers_init_all
                0x000000000800f170       0x28 ../Middlewares/ST/AI/Lib\NetworkRuntime600_CM7_GCC.a(layers.o)
                0x000000000800f170                ai_layers_init_all
 .text.ai_layers_post_init_all
                0x000000000800f198       0x2c ../Middlewares/ST/AI/Lib\NetworkRuntime600_CM7_GCC.a(layers.o)
                0x000000000800f198                ai_layers_post_init_all
 .text.ai_layers_forward_all
                0x000000000800f1c4       0x98 ../Middlewares/ST/AI/Lib\NetworkRuntime600_CM7_GCC.a(layers.o)
                0x000000000800f1c4                ai_layers_forward_all
 .text.ai_array_to_buffer_fmt
                0x000000000800f25c       0x98 ../Middlewares/ST/AI/Lib\NetworkRuntime600_CM7_GCC.a(ai_datatypes_format.o)
                0x000000000800f25c                ai_array_to_buffer_fmt
 .text.ai_array_get_byte_size
                0x000000000800f2f4       0x50 ../Middlewares/ST/AI/Lib\NetworkRuntime600_CM7_GCC.a(ai_datatypes_format.o)
                0x000000000800f2f4                ai_array_get_byte_size
 .text.__libc_init_array
                0x000000000800f344       0x48 c:/st/stm32cubeide_1.6.1/stm32cubeide/plugins/com.st.stm32cube.ide.mcu.externaltools.gnu-tools-for-stm32.9-2020-q2-update.win32_1.5.0.202011040924/tools/bin/../lib/gcc/arm-none-eabi/9.3.1/../../../../arm-none-eabi/lib/thumb/v7e-m+dp/hard\libc_nano.a(lib_a-init.o)
                0x000000000800f344                __libc_init_array
 .text.memcpy   0x000000000800f38c       0x1c c:/st/stm32cubeide_1.6.1/stm32cubeide/plugins/com.st.stm32cube.ide.mcu.externaltools.gnu-tools-for-stm32.9-2020-q2-update.win32_1.5.0.202011040924/tools/bin/../lib/gcc/arm-none-eabi/9.3.1/../../../../arm-none-eabi/lib/thumb/v7e-m+dp/hard\libc_nano.a(lib_a-memcpy-stub.o)
                0x000000000800f38c                memcpy
 .text.memset   0x000000000800f3a8       0x10 c:/st/stm32cubeide_1.6.1/stm32cubeide/plugins/com.st.stm32cube.ide.mcu.externaltools.gnu-tools-for-stm32.9-2020-q2-update.win32_1.5.0.202011040924/tools/bin/../lib/gcc/arm-none-eabi/9.3.1/../../../../arm-none-eabi/lib/thumb/v7e-m+dp/hard\libc_nano.a(lib_a-memset.o)
                0x000000000800f3a8                memset
 *(.glue_7)
 .glue_7        0x000000000800f3b8        0x0 linker stubs
 *(.glue_7t)
 .glue_7t       0x000000000800f3b8        0x0 linker stubs
 *(.eh_frame)
 .eh_frame      0x000000000800f3b8        0x0 c:/st/stm32cubeide_1.6.1/stm32cubeide/plugins/com.st.stm32cube.ide.mcu.externaltools.gnu-tools-for-stm32.9-2020-q2-update.win32_1.5.0.202011040924/tools/bin/../lib/gcc/arm-none-eabi/9.3.1/thumb/v7e-m+dp/hard/crtbegin.o
 *(.init)
 .init          0x000000000800f3b8        0x4 c:/st/stm32cubeide_1.6.1/stm32cubeide/plugins/com.st.stm32cube.ide.mcu.externaltools.gnu-tools-for-stm32.9-2020-q2-update.win32_1.5.0.202011040924/tools/bin/../lib/gcc/arm-none-eabi/9.3.1/thumb/v7e-m+dp/hard/crti.o
                0x000000000800f3b8                _init
 .init          0x000000000800f3bc        0x8 c:/st/stm32cubeide_1.6.1/stm32cubeide/plugins/com.st.stm32cube.ide.mcu.externaltools.gnu-tools-for-stm32.9-2020-q2-update.win32_1.5.0.202011040924/tools/bin/../lib/gcc/arm-none-eabi/9.3.1/thumb/v7e-m+dp/hard/crtn.o
 *(.fini)
 .fini          0x000000000800f3c4        0x4 c:/st/stm32cubeide_1.6.1/stm32cubeide/plugins/com.st.stm32cube.ide.mcu.externaltools.gnu-tools-for-stm32.9-2020-q2-update.win32_1.5.0.202011040924/tools/bin/../lib/gcc/arm-none-eabi/9.3.1/thumb/v7e-m+dp/hard/crti.o
                0x000000000800f3c4                _fini
 .fini          0x000000000800f3c8        0x8 c:/st/stm32cubeide_1.6.1/stm32cubeide/plugins/com.st.stm32cube.ide.mcu.externaltools.gnu-tools-for-stm32.9-2020-q2-update.win32_1.5.0.202011040924/tools/bin/../lib/gcc/arm-none-eabi/9.3.1/thumb/v7e-m+dp/hard/crtn.o
                0x000000000800f3d0                . = ALIGN (0x4)
                0x000000000800f3d0                _etext = .

.vfp11_veneer   0x000000000800f3d0        0x0
 .vfp11_veneer  0x000000000800f3d0        0x0 linker stubs

.v4_bx          0x000000000800f3d0        0x0
 .v4_bx         0x000000000800f3d0        0x0 linker stubs

.iplt           0x000000000800f3d0        0x0
 .iplt          0x000000000800f3d0        0x0 c:/st/stm32cubeide_1.6.1/stm32cubeide/plugins/com.st.stm32cube.ide.mcu.externaltools.gnu-tools-for-stm32.9-2020-q2-update.win32_1.5.0.202011040924/tools/bin/../lib/gcc/arm-none-eabi/9.3.1/thumb/v7e-m+dp/hard/crtbegin.o

.rodata         0x000000000800f3e0      0x89c
                0x000000000800f3e0                . = ALIGN (0x4)
 *(.rodata)
 .rodata        0x000000000800f3e0        0x4 ../Middlewares/ST/AI/Lib\NetworkRuntime600_CM7_GCC.a(layers.o)
 *(.rodata*)
 .rodata.sinTable
                0x000000000800f3e4       0xb6 Core/Src/MPC_math.o
                0x000000000800f3e4                sinTable
 *fill*         0x000000000800f49a        0x2 
 .rodata.sinTableLowRes
                0x000000000800f49c       0xb6 Core/Src/MPC_math.o
                0x000000000800f49c                sinTableLowRes
 *fill*         0x000000000800f552        0x2 
 .rodata.D1CorePrescTable
                0x000000000800f554       0x10 Core/Src/system_stm32h7xx.o
                0x000000000800f554                D1CorePrescTable
 .rodata.flagBitshiftOffset.11971
                0x000000000800f564        0x8 Drivers/STM32H7xx_HAL_Driver/Src/stm32h7xx_hal_dma.o
 .rodata.UARTPrescTable
                0x000000000800f56c       0x18 Drivers/STM32H7xx_HAL_Driver/Src/stm32h7xx_hal_uart.o
                0x000000000800f56c                UARTPrescTable
 .rodata.numerator.11938
                0x000000000800f584        0x8 Drivers/STM32H7xx_HAL_Driver/Src/stm32h7xx_hal_uart_ex.o
 .rodata.denominator.11939
                0x000000000800f58c        0x8 Drivers/STM32H7xx_HAL_Driver/Src/stm32h7xx_hal_uart_ex.o
 .rodata.dense_110_chain
                0x000000000800f594        0x8 X-CUBE-AI/App/network.o
 .rodata.dense_110_nl_chain
                0x000000000800f59c        0x8 X-CUBE-AI/App/network.o
 .rodata.dense_111_chain
                0x000000000800f5a4        0x8 X-CUBE-AI/App/network.o
 .rodata.dense_111_nl_chain
                0x000000000800f5ac        0x8 X-CUBE-AI/App/network.o
 .rodata.dense_112_chain
                0x000000000800f5b4        0x8 X-CUBE-AI/App/network.o
 *fill*         0x000000000800f5bc        0x4 
 .rodata.s_network_weights.5788
                0x000000000800f5c0      0x6bc X-CUBE-AI/App/network_data.o
                0x000000000800fc7c                . = ALIGN (0x4)

.ARM.extab
 *(.ARM.extab* .gnu.linkonce.armextab.*)

.ARM            0x000000000800fc7c        0x8
                0x000000000800fc7c                __exidx_start = .
 *(.ARM.exidx*)
 .ARM.exidx     0x000000000800fc7c        0x8 c:/st/stm32cubeide_1.6.1/stm32cubeide/plugins/com.st.stm32cube.ide.mcu.externaltools.gnu-tools-for-stm32.9-2020-q2-update.win32_1.5.0.202011040924/tools/bin/../lib/gcc/arm-none-eabi/9.3.1/thumb/v7e-m+dp/hard\libgcc.a(_udivmoddi4.o)
                0x000000000800fc84                __exidx_end = .

.rel.dyn        0x000000000800fc84        0x0
 .rel.iplt      0x000000000800fc84        0x0 c:/st/stm32cubeide_1.6.1/stm32cubeide/plugins/com.st.stm32cube.ide.mcu.externaltools.gnu-tools-for-stm32.9-2020-q2-update.win32_1.5.0.202011040924/tools/bin/../lib/gcc/arm-none-eabi/9.3.1/thumb/v7e-m+dp/hard/crtbegin.o

.preinit_array  0x000000000800fc84        0x0
                0x000000000800fc84                PROVIDE (__preinit_array_start = .)
 *(.preinit_array*)
                0x000000000800fc84                PROVIDE (__preinit_array_end = .)

.init_array     0x000000000800fc84        0x4
                0x000000000800fc84                PROVIDE (__init_array_start = .)
 *(SORT_BY_NAME(.init_array.*))
 *(.init_array*)
 .init_array    0x000000000800fc84        0x4 c:/st/stm32cubeide_1.6.1/stm32cubeide/plugins/com.st.stm32cube.ide.mcu.externaltools.gnu-tools-for-stm32.9-2020-q2-update.win32_1.5.0.202011040924/tools/bin/../lib/gcc/arm-none-eabi/9.3.1/thumb/v7e-m+dp/hard/crtbegin.o
                0x000000000800fc88                PROVIDE (__init_array_end = .)

.fini_array     0x000000000800fc88        0x4
                [!provide]                        PROVIDE (__fini_array_start = .)
 *(SORT_BY_NAME(.fini_array.*))
 *(.fini_array*)
 .fini_array    0x000000000800fc88        0x4 c:/st/stm32cubeide_1.6.1/stm32cubeide/plugins/com.st.stm32cube.ide.mcu.externaltools.gnu-tools-for-stm32.9-2020-q2-update.win32_1.5.0.202011040924/tools/bin/../lib/gcc/arm-none-eabi/9.3.1/thumb/v7e-m+dp/hard/crtbegin.o
                [!provide]                        PROVIDE (__fini_array_end = .)
                0x000000000800fc8c                _sidata = LOADADDR (.data)

.data           0x0000000020000000      0x5b8 load address 0x000000000800fc8c
                0x0000000020000000                . = ALIGN (0x4)
                0x0000000020000000                _sdata = .
 *(.data)
 *(.data*)
 .data.states   0x0000000020000000       0x1c Core/Src/MPC_Algo.o
                0x0000000020000000                states
 .data.Ts       0x000000002000001c        0x2 Core/Src/MPC_PWM.o
                0x000000002000001c                Ts
 .data.V        0x000000002000001e        0x2 Core/Src/MPC_PWM.o
                0x000000002000001e                V
 .data.x        0x0000000020000020        0x2 Core/Src/MPC_feedback.o
                0x0000000020000020                x
 *fill*         0x0000000020000022        0x2 
 .data.ai_input
                0x0000000020000024       0x18 Core/Src/MPC_feedback.o
                0x0000000020000024                ai_input
 .data.ai_output
                0x000000002000003c       0x18 Core/Src/MPC_feedback.o
                0x000000002000003c                ai_output
 .data.speedReq
                0x0000000020000054        0x2 Core/Src/PID_Algo.o
                0x0000000020000054                speedReq
 *fill*         0x0000000020000056        0x2 
 .data.SystemCoreClock
                0x0000000020000058        0x4 Core/Src/system_stm32h7xx.o
                0x0000000020000058                SystemCoreClock
 .data.SystemD2Clock
                0x000000002000005c        0x4 Core/Src/system_stm32h7xx.o
                0x000000002000005c                SystemD2Clock
 .data.uwTickPrio
                0x0000000020000060        0x4 Drivers/STM32H7xx_HAL_Driver/Src/stm32h7xx_hal.o
                0x0000000020000060                uwTickPrio
 .data.uwTickFreq
                0x0000000020000064        0x1 Drivers/STM32H7xx_HAL_Driver/Src/stm32h7xx_hal.o
                0x0000000020000064                uwTickFreq
 *fill*         0x0000000020000065        0x3 
 .data.g_network
                0x0000000020000068       0x64 X-CUBE-AI/App/network.o
 .data.input_0_output_array
                0x00000000200000cc       0x10 X-CUBE-AI/App/network.o
 .data.dense_110_output_array
                0x00000000200000dc       0x10 X-CUBE-AI/App/network.o
 .data.dense_110_nl_output_array
                0x00000000200000ec       0x10 X-CUBE-AI/App/network.o
 .data.dense_111_output_array
                0x00000000200000fc       0x10 X-CUBE-AI/App/network.o
 .data.dense_111_nl_output_array
                0x000000002000010c       0x10 X-CUBE-AI/App/network.o
 .data.dense_112_output_array
                0x000000002000011c       0x10 X-CUBE-AI/App/network.o
 .data.dense_110_weights_array
                0x000000002000012c       0x10 X-CUBE-AI/App/network.o
 .data.dense_111_weights_array
                0x000000002000013c       0x10 X-CUBE-AI/App/network.o
 .data.dense_112_weights_array
                0x000000002000014c       0x10 X-CUBE-AI/App/network.o
 .data.dense_112_bias_array
                0x000000002000015c       0x10 X-CUBE-AI/App/network.o
 .data.input_0_output
                0x000000002000016c       0x1c X-CUBE-AI/App/network.o
 .data.dense_110_output
                0x0000000020000188       0x1c X-CUBE-AI/App/network.o
 .data.dense_110_nl_output
                0x00000000200001a4       0x1c X-CUBE-AI/App/network.o
 .data.dense_111_output
                0x00000000200001c0       0x1c X-CUBE-AI/App/network.o
 .data.dense_111_nl_output
                0x00000000200001dc       0x1c X-CUBE-AI/App/network.o
 .data.dense_112_output
                0x00000000200001f8       0x1c X-CUBE-AI/App/network.o
 .data.dense_110_weights
                0x0000000020000214       0x1c X-CUBE-AI/App/network.o
 .data.dense_111_weights
                0x0000000020000230       0x1c X-CUBE-AI/App/network.o
 .data.dense_112_weights
                0x000000002000024c       0x1c X-CUBE-AI/App/network.o
 .data.dense_112_bias
                0x0000000020000268       0x1c X-CUBE-AI/App/network.o
 .data.dense_110_layer
                0x0000000020000284       0x1c X-CUBE-AI/App/network.o
 .data.dense_110_nl_layer
                0x00000000200002a0       0x20 X-CUBE-AI/App/network.o
 .data.dense_111_layer
                0x00000000200002c0       0x1c X-CUBE-AI/App/network.o
 .data.dense_111_nl_layer
                0x00000000200002dc       0x20 X-CUBE-AI/App/network.o
 .data.dense_112_layer
                0x00000000200002fc       0x1c X-CUBE-AI/App/network.o
 .data.__compound_literal.0
                0x0000000020000318       0x10 X-CUBE-AI/App/network.o
 .data.__compound_literal.1
                0x0000000020000328       0x10 X-CUBE-AI/App/network.o
 .data.__compound_literal.2
                0x0000000020000338       0x10 X-CUBE-AI/App/network.o
 .data.__compound_literal.3
                0x0000000020000348       0x10 X-CUBE-AI/App/network.o
 .data.__compound_literal.4
                0x0000000020000358       0x10 X-CUBE-AI/App/network.o
 .data.__compound_literal.5
                0x0000000020000368       0x10 X-CUBE-AI/App/network.o
 .data.__compound_literal.6
                0x0000000020000378       0x10 X-CUBE-AI/App/network.o
 .data.__compound_literal.7
                0x0000000020000388       0x10 X-CUBE-AI/App/network.o
 .data.__compound_literal.8
                0x0000000020000398       0x10 X-CUBE-AI/App/network.o
 .data.__compound_literal.9
                0x00000000200003a8       0x10 X-CUBE-AI/App/network.o
 .data.__compound_literal.10
                0x00000000200003b8       0x10 X-CUBE-AI/App/network.o
 .data.__compound_literal.11
                0x00000000200003c8       0x10 X-CUBE-AI/App/network.o
 .data.__compound_literal.12
                0x00000000200003d8       0x10 X-CUBE-AI/App/network.o
 .data.__compound_literal.13
                0x00000000200003e8       0x10 X-CUBE-AI/App/network.o
 .data.__compound_literal.14
                0x00000000200003f8       0x10 X-CUBE-AI/App/network.o
 .data.__compound_literal.15
                0x0000000020000408       0x10 X-CUBE-AI/App/network.o
 .data.__compound_literal.16
                0x0000000020000418       0x10 X-CUBE-AI/App/network.o
 .data.__compound_literal.17
                0x0000000020000428       0x10 X-CUBE-AI/App/network.o
 .data.__compound_literal.18
                0x0000000020000438       0x10 X-CUBE-AI/App/network.o
 .data.__compound_literal.19
                0x0000000020000448       0x10 X-CUBE-AI/App/network.o
 .data.__compound_literal.20
                0x0000000020000458        0x4 X-CUBE-AI/App/network.o
 .data.__compound_literal.21
                0x000000002000045c        0x4 X-CUBE-AI/App/network.o
 .data.__compound_literal.22
                0x0000000020000460        0x4 X-CUBE-AI/App/network.o
 .data.__compound_literal.24
                0x0000000020000464       0x30 X-CUBE-AI/App/network.o
 .data.__compound_literal.25
                0x0000000020000494        0x4 X-CUBE-AI/App/network.o
 .data.__compound_literal.26
                0x0000000020000498        0x4 X-CUBE-AI/App/network.o
 .data.__compound_literal.29
                0x000000002000049c       0x30 X-CUBE-AI/App/network.o
 .data.__compound_literal.30
                0x00000000200004cc        0x4 X-CUBE-AI/App/network.o
 .data.__compound_literal.31
                0x00000000200004d0        0x4 X-CUBE-AI/App/network.o
 .data.__compound_literal.32
                0x00000000200004d4        0x4 X-CUBE-AI/App/network.o
 .data.__compound_literal.34
                0x00000000200004d8       0x30 X-CUBE-AI/App/network.o
 .data.__compound_literal.35
                0x0000000020000508        0x4 X-CUBE-AI/App/network.o
 .data.__compound_literal.36
                0x000000002000050c        0x4 X-CUBE-AI/App/network.o
 .data.__compound_literal.39
                0x0000000020000510       0x30 X-CUBE-AI/App/network.o
 .data.__compound_literal.40
                0x0000000020000540        0x4 X-CUBE-AI/App/network.o
 .data.__compound_literal.41
                0x0000000020000544        0x4 X-CUBE-AI/App/network.o
 .data.__compound_literal.42
                0x0000000020000548        0x8 X-CUBE-AI/App/network.o
 .data.__compound_literal.44
                0x0000000020000550       0x30 X-CUBE-AI/App/network.o
 .data.__compound_literal.45
                0x0000000020000580        0x4 X-CUBE-AI/App/network.o
 .data.__compound_literal.49
                0x0000000020000584        0xc X-CUBE-AI/App/network.o
 .data.__compound_literal.50
                0x0000000020000590        0x4 X-CUBE-AI/App/network.o
 .data.__compound_literal.54
                0x0000000020000594        0xc X-CUBE-AI/App/network.o
 .data.__compound_literal.55
                0x00000000200005a0       0x18 X-CUBE-AI/App/network.o
 *(.RamFunc)
 *(.RamFunc*)
                0x00000000200005b8                . = ALIGN (0x4)
                0x00000000200005b8                _edata = .

.igot.plt       0x00000000200005b8        0x0 load address 0x0000000008010244
 .igot.plt      0x00000000200005b8        0x0 c:/st/stm32cubeide_1.6.1/stm32cubeide/plugins/com.st.stm32cube.ide.mcu.externaltools.gnu-tools-for-stm32.9-2020-q2-update.win32_1.5.0.202011040924/tools/bin/../lib/gcc/arm-none-eabi/9.3.1/thumb/v7e-m+dp/hard/crtbegin.o
                0x00000000200005b8                . = ALIGN (0x4)

.bss            0x00000000200005b8     0x5548 load address 0x0000000008010244
                0x00000000200005b8                _sbss = .
                0x00000000200005b8                __bss_start__ = _sbss
 *(.bss)
 .bss           0x00000000200005b8       0x1c c:/st/stm32cubeide_1.6.1/stm32cubeide/plugins/com.st.stm32cube.ide.mcu.externaltools.gnu-tools-for-stm32.9-2020-q2-update.win32_1.5.0.202011040924/tools/bin/../lib/gcc/arm-none-eabi/9.3.1/thumb/v7e-m+dp/hard/crtbegin.o
 *(.bss*)
 .bss.lambda1   0x00000000200005d4        0x2 Core/Src/MPC_Algo.o
                0x00000000200005d4                lambda1
 *fill*         0x00000000200005d6        0x2 
 .bss.T1        0x00000000200005d8        0x4 Core/Src/MPC_PWM.o
                0x00000000200005d8                T1
 .bss.T2        0x00000000200005dc        0x4 Core/Src/MPC_PWM.o
                0x00000000200005dc                T2
 .bss.T0        0x00000000200005e0        0x4 Core/Src/MPC_PWM.o
                0x00000000200005e0                T0
 .bss.Ta        0x00000000200005e4        0x2 Core/Src/MPC_PWM.o
                0x00000000200005e4                Ta
 .bss.Tb        0x00000000200005e6        0x2 Core/Src/MPC_PWM.o
                0x00000000200005e6                Tb
 .bss.Tc        0x00000000200005e8        0x2 Core/Src/MPC_PWM.o
                0x00000000200005e8                Tc
 .bss.n         0x00000000200005ea        0x1 Core/Src/MPC_PWM.o
                0x00000000200005ea                n
 .bss.run       0x00000000200005eb        0x1 Core/Src/MPC_PWM.o
                0x00000000200005eb                run
 .bss.wt        0x00000000200005ec        0x2 Core/Src/MPC_PWM.o
                0x00000000200005ec                wt
 .bss.cnts      0x00000000200005ee        0x2 Core/Src/MPC_core.o
                0x00000000200005ee                cnts
 .bss.network   0x00000000200005f0        0x4 Core/Src/MPC_feedback.o
                0x00000000200005f0                network
 .bss.switchANN
                0x00000000200005f4        0x1 Core/Src/MPC_feedback.o
                0x00000000200005f4                switchANN
 *fill*         0x00000000200005f5        0x3 
 .bss.Iterm     0x00000000200005f8        0x4 Core/Src/PID_Algo.o
                0x00000000200005f8                Iterm
 .bss.__compound_literal.23
                0x00000000200005fc        0x4 X-CUBE-AI/App/network.o
 .bss.__compound_literal.27
                0x0000000020000600        0x4 X-CUBE-AI/App/network.o
 .bss.__compound_literal.28
                0x0000000020000604        0x4 X-CUBE-AI/App/network.o
 .bss.__compound_literal.33
                0x0000000020000608        0x4 X-CUBE-AI/App/network.o
 .bss.__compound_literal.37
                0x000000002000060c        0x4 X-CUBE-AI/App/network.o
 .bss.__compound_literal.38
                0x0000000020000610        0x4 X-CUBE-AI/App/network.o
 .bss.__compound_literal.43
                0x0000000020000614        0x4 X-CUBE-AI/App/network.o
 .bss.__compound_literal.46
                0x0000000020000618       0x18 X-CUBE-AI/App/network.o
 .bss.__compound_literal.47
                0x0000000020000630       0x10 X-CUBE-AI/App/network.o
 .bss.__compound_literal.48
                0x0000000020000640        0x8 X-CUBE-AI/App/network.o
 .bss.__compound_literal.51
                0x0000000020000648       0x18 X-CUBE-AI/App/network.o
 .bss.__compound_literal.52
                0x0000000020000660       0x10 X-CUBE-AI/App/network.o
 .bss.__compound_literal.53
                0x0000000020000670        0x8 X-CUBE-AI/App/network.o
 *(COMMON)
 COMMON         0x0000000020000678      0x20c Core/Src/MPC_Algo.o
                0x0000000020000678                C1
                0x000000002000067c                thetaElecOld
                0x000000002000067e                cos240
                0x0000000020000680                isOpenLoopComplete
                0x0000000020000684                j
                0x0000000020000688                thetaElec
                0x000000002000068a                speedPIrate
                0x000000002000068c                speedArr
                0x00000000200006b4                Ia
                0x00000000200006b8                costTemp
                0x00000000200006bc                speedTemp
                0x00000000200006be                Sb
                0x00000000200006c0                dTheta
                0x00000000200006c4                huart3
                0x0000000020000754                Ki
                0x0000000020000756                dT
                0x0000000020000758                cos120
                0x000000002000075a                thetaElecTemp
                0x000000002000075c                cost
                0x0000000020000760                sum
                0x0000000020000764                IdPred
                0x0000000020000768                Ec
                0x000000002000076a                Va
                0x000000002000076c                k
                0x0000000020000770                Vdq
                0x0000000020000778                iq_pred
                0x000000002000077a                startOCwatch
                0x000000002000077c                IqRef
                0x0000000020000780                sin240
                0x0000000020000784                C2
                0x0000000020000788                thetaMech
                0x000000002000078a                Sc
                0x000000002000078c                i
                0x0000000020000790                Sa
                0x0000000020000794                Varray
                0x00000000200007e8                Ib
                0x00000000200007ea                sigma
                0x00000000200007ec                sin000
                0x00000000200007ee                Vc
                0x00000000200007f0                IqTx
                0x00000000200007f4                Kterm
                0x00000000200007f8                Valbt
                0x0000000020000800                annOut
                0x0000000020000804                Ea
                0x0000000020000806                id_pred
                0x0000000020000808                Edq
                0x0000000020000810                IqTemp
                0x0000000020000814                thetaOld
                0x0000000020000816                Ic
                0x0000000020000818                delta
                0x000000002000081a                Vb
                0x000000002000081c                cos000
                0x000000002000081e                error
                0x0000000020000820                speed
                0x0000000020000824                Eab
                0x000000002000082c                Kp
                0x0000000020000830                wr
                0x0000000020000834                IdTemp
                0x0000000020000838                thetaElecEncoder
                0x000000002000083c                IalphaPred
                0x0000000020000840                sin120
                0x0000000020000842                polePairs
                0x0000000020000844                IqPred
                0x0000000020000848                Vab
                0x0000000020000854                e
                0x0000000020000856                Vbus
                0x0000000020000858                Eb
                0x000000002000085a                optimalVector
                0x000000002000085c                Idq
                0x0000000020000864                IalbtReq
                0x000000002000086c                optimalDuty
                0x0000000020000870                IbetaPred
                0x0000000020000874                Ealbt
                0x000000002000087c                Ialbt
 COMMON         0x0000000020000884     0x4e40 Core/Src/MPC_communication.o
                0x0000000020000884                arr
                0x00000000200056a4                txData
                0x00000000200056ae                startTx
                0x00000000200056b0                asdsda
                0x00000000200056b4                idx
                0x00000000200056b8                err
                0x00000000200056bc                testEnd
                0x00000000200056c0                nasd
 COMMON         0x00000000200056c4      0x14c Core/Src/MPC_feedback.o
                0x00000000200056c4                in_data
                0x0000000020005804                nbatch
                0x0000000020005808                out_data
                0x000000002000580c                ai_err
 COMMON         0x0000000020005810      0x2ec Core/Src/main.o
                0x0000000020005810                hdma_usart3_rx
                0x0000000020005888                hcrc
                0x00000000200058ac                hdma_adc3
                0x0000000020005924                htim3
                0x0000000020005970                hadc1
                0x00000000200059d4                hadc3
                0x0000000020005a38                hdma_adc1
                0x0000000020005ab0                htim1
 COMMON         0x0000000020005afc        0x4 Drivers/STM32H7xx_HAL_Driver/Src/stm32h7xx_hal.o
                0x0000000020005afc                uwTick
                0x0000000020005b00                . = ALIGN (0x4)
                0x0000000020005b00                _ebss = .
                0x0000000020005b00                __bss_end__ = _ebss

._user_heap_stack
                0x0000000020005b00     0xc000 load address 0x0000000008010244
                0x0000000020005b00                . = ALIGN (0x8)
                [!provide]                        PROVIDE (end = .)
                0x0000000020005b00                PROVIDE (_end = .)
                0x000000002000db00                . = (. + _Min_Heap_Size)
 *fill*         0x0000000020005b00     0x8000 
                0x0000000020011b00                . = (. + _Min_Stack_Size)
 *fill*         0x000000002000db00     0x4000 
                0x0000000020011b00                . = ALIGN (0x8)

.rxBuf          0x0000000024000000     0x1014
                0x0000000024000000                . = ALIGN (0x1)
                0x0000000024001000                . = ABSOLUTE (0x24001000)
 *fill*         0x0000000024000000     0x1000 
 *(.rxBuffer)
 .rxBuffer      0x0000000024001000        0x3 Core/Src/MPC_communication.o
                0x0000000024001000                comCode
 *fill*         0x0000000024001003        0x1 
 .rxBuffer      0x0000000024001004       0x10 Core/Src/MPC_feedback.o
                0x0000000024001004                Iab
                0x0000000024001010                Icd

/DISCARD/
 libc.a(*)
 libm.a(*)
 libgcc.a(*)

.ARM.attributes
                0x0000000000000000       0x2e
 *(.ARM.attributes)
 .ARM.attributes
                0x0000000000000000       0x1e c:/st/stm32cubeide_1.6.1/stm32cubeide/plugins/com.st.stm32cube.ide.mcu.externaltools.gnu-tools-for-stm32.9-2020-q2-update.win32_1.5.0.202011040924/tools/bin/../lib/gcc/arm-none-eabi/9.3.1/thumb/v7e-m+dp/hard/crti.o
 .ARM.attributes
                0x000000000000001e       0x32 c:/st/stm32cubeide_1.6.1/stm32cubeide/plugins/com.st.stm32cube.ide.mcu.externaltools.gnu-tools-for-stm32.9-2020-q2-update.win32_1.5.0.202011040924/tools/bin/../lib/gcc/arm-none-eabi/9.3.1/thumb/v7e-m+dp/hard/crtbegin.o
 .ARM.attributes
                0x0000000000000050       0x32 Core/Src/MPC_Algo.o
 .ARM.attributes
                0x0000000000000082       0x32 Core/Src/MPC_PWM.o
 .ARM.attributes
                0x00000000000000b4       0x32 Core/Src/MPC_communication.o
 .ARM.attributes
                0x00000000000000e6       0x32 Core/Src/MPC_core.o
 .ARM.attributes
                0x0000000000000118       0x32 Core/Src/MPC_feedback.o
 .ARM.attributes
                0x000000000000014a       0x32 Core/Src/MPC_math.o
 .ARM.attributes
                0x000000000000017c       0x32 Core/Src/PID_Algo.o
 .ARM.attributes
                0x00000000000001ae       0x32 Core/Src/main.o
 .ARM.attributes
                0x00000000000001e0       0x32 Core/Src/stm32h7xx_hal_msp.o
 .ARM.attributes
                0x0000000000000212       0x32 Core/Src/stm32h7xx_it.o
 .ARM.attributes
                0x0000000000000244       0x32 Core/Src/system_stm32h7xx.o
 .ARM.attributes
                0x0000000000000276       0x21 Core/Startup/startup_stm32h743zitx.o
 .ARM.attributes
                0x0000000000000297       0x32 Drivers/STM32H7xx_HAL_Driver/Src/stm32h7xx_hal.o
 .ARM.attributes
                0x00000000000002c9       0x32 Drivers/STM32H7xx_HAL_Driver/Src/stm32h7xx_hal_adc.o
 .ARM.attributes
                0x00000000000002fb       0x32 Drivers/STM32H7xx_HAL_Driver/Src/stm32h7xx_hal_adc_ex.o
 .ARM.attributes
                0x000000000000032d       0x32 Drivers/STM32H7xx_HAL_Driver/Src/stm32h7xx_hal_cortex.o
 .ARM.attributes
                0x000000000000035f       0x32 Drivers/STM32H7xx_HAL_Driver/Src/stm32h7xx_hal_crc.o
 .ARM.attributes
                0x0000000000000391       0x32 Drivers/STM32H7xx_HAL_Driver/Src/stm32h7xx_hal_crc_ex.o
 .ARM.attributes
                0x00000000000003c3       0x32 Drivers/STM32H7xx_HAL_Driver/Src/stm32h7xx_hal_dma.o
 .ARM.attributes
                0x00000000000003f5       0x32 Drivers/STM32H7xx_HAL_Driver/Src/stm32h7xx_hal_gpio.o
 .ARM.attributes
                0x0000000000000427       0x32 Drivers/STM32H7xx_HAL_Driver/Src/stm32h7xx_hal_pwr_ex.o
 .ARM.attributes
                0x0000000000000459       0x32 Drivers/STM32H7xx_HAL_Driver/Src/stm32h7xx_hal_rcc.o
 .ARM.attributes
                0x000000000000048b       0x32 Drivers/STM32H7xx_HAL_Driver/Src/stm32h7xx_hal_rcc_ex.o
 .ARM.attributes
                0x00000000000004bd       0x32 Drivers/STM32H7xx_HAL_Driver/Src/stm32h7xx_hal_tim.o
 .ARM.attributes
                0x00000000000004ef       0x32 Drivers/STM32H7xx_HAL_Driver/Src/stm32h7xx_hal_tim_ex.o
 .ARM.attributes
                0x0000000000000521       0x32 Drivers/STM32H7xx_HAL_Driver/Src/stm32h7xx_hal_uart.o
 .ARM.attributes
                0x0000000000000553       0x32 Drivers/STM32H7xx_HAL_Driver/Src/stm32h7xx_hal_uart_ex.o
 .ARM.attributes
                0x0000000000000585       0x32 X-CUBE-AI/App/network.o
 .ARM.attributes
                0x00000000000005b7       0x32 X-CUBE-AI/App/network_data.o
 .ARM.attributes
                0x00000000000005e9       0x33 ../Middlewares/ST/AI/Lib\NetworkRuntime600_CM7_GCC.a(ai_platform_interface.o)
 .ARM.attributes
                0x000000000000061c       0x33 ../Middlewares/ST/AI/Lib\NetworkRuntime600_CM7_GCC.a(core_common.o)
 .ARM.attributes
                0x000000000000064f       0x33 ../Middlewares/ST/AI/Lib\NetworkRuntime600_CM7_GCC.a(layers_conv2d_generic_float.o)
 .ARM.attributes
                0x0000000000000682       0x33 ../Middlewares/ST/AI/Lib\NetworkRuntime600_CM7_GCC.a(layers_nl_generic_float.o)
 .ARM.attributes
                0x00000000000006b5       0x33 ../Middlewares/ST/AI/Lib\NetworkRuntime600_CM7_GCC.a(layers.o)
 .ARM.attributes
                0x00000000000006e8       0x33 ../Middlewares/ST/AI/Lib\NetworkRuntime600_CM7_GCC.a(ai_datatypes_format.o)
 .ARM.attributes
                0x000000000000071b       0x32 c:/st/stm32cubeide_1.6.1/stm32cubeide/plugins/com.st.stm32cube.ide.mcu.externaltools.gnu-tools-for-stm32.9-2020-q2-update.win32_1.5.0.202011040924/tools/bin/../lib/gcc/arm-none-eabi/9.3.1/../../../../arm-none-eabi/lib/thumb/v7e-m+dp/hard\libc_nano.a(lib_a-init.o)
 .ARM.attributes
                0x000000000000074d       0x32 c:/st/stm32cubeide_1.6.1/stm32cubeide/plugins/com.st.stm32cube.ide.mcu.externaltools.gnu-tools-for-stm32.9-2020-q2-update.win32_1.5.0.202011040924/tools/bin/../lib/gcc/arm-none-eabi/9.3.1/../../../../arm-none-eabi/lib/thumb/v7e-m+dp/hard\libc_nano.a(lib_a-memcpy-stub.o)
 .ARM.attributes
                0x000000000000077f       0x32 c:/st/stm32cubeide_1.6.1/stm32cubeide/plugins/com.st.stm32cube.ide.mcu.externaltools.gnu-tools-for-stm32.9-2020-q2-update.win32_1.5.0.202011040924/tools/bin/../lib/gcc/arm-none-eabi/9.3.1/../../../../arm-none-eabi/lib/thumb/v7e-m+dp/hard\libc_nano.a(lib_a-memset.o)
 .ARM.attributes
                0x00000000000007b1       0x1e c:/st/stm32cubeide_1.6.1/stm32cubeide/plugins/com.st.stm32cube.ide.mcu.externaltools.gnu-tools-for-stm32.9-2020-q2-update.win32_1.5.0.202011040924/tools/bin/../lib/gcc/arm-none-eabi/9.3.1/thumb/v7e-m+dp/hard\libgcc.a(_aeabi_uldivmod.o)
 .ARM.attributes
                0x00000000000007cf       0x32 c:/st/stm32cubeide_1.6.1/stm32cubeide/plugins/com.st.stm32cube.ide.mcu.externaltools.gnu-tools-for-stm32.9-2020-q2-update.win32_1.5.0.202011040924/tools/bin/../lib/gcc/arm-none-eabi/9.3.1/thumb/v7e-m+dp/hard\libgcc.a(_udivmoddi4.o)
 .ARM.attributes
                0x0000000000000801       0x1e c:/st/stm32cubeide_1.6.1/stm32cubeide/plugins/com.st.stm32cube.ide.mcu.externaltools.gnu-tools-for-stm32.9-2020-q2-update.win32_1.5.0.202011040924/tools/bin/../lib/gcc/arm-none-eabi/9.3.1/thumb/v7e-m+dp/hard\libgcc.a(_dvmd_tls.o)
 .ARM.attributes
                0x000000000000081f       0x1e c:/st/stm32cubeide_1.6.1/stm32cubeide/plugins/com.st.stm32cube.ide.mcu.externaltools.gnu-tools-for-stm32.9-2020-q2-update.win32_1.5.0.202011040924/tools/bin/../lib/gcc/arm-none-eabi/9.3.1/thumb/v7e-m+dp/hard/crtn.o
OUTPUT(h743.elf elf32-littlearm)
LOAD linker stubs
LOAD c:/st/stm32cubeide_1.6.1/stm32cubeide/plugins/com.st.stm32cube.ide.mcu.externaltools.gnu-tools-for-stm32.9-2020-q2-update.win32_1.5.0.202011040924/tools/bin/../lib/gcc/arm-none-eabi/9.3.1/../../../../arm-none-eabi/lib/thumb/v7e-m+dp/hard\libc.a
LOAD c:/st/stm32cubeide_1.6.1/stm32cubeide/plugins/com.st.stm32cube.ide.mcu.externaltools.gnu-tools-for-stm32.9-2020-q2-update.win32_1.5.0.202011040924/tools/bin/../lib/gcc/arm-none-eabi/9.3.1/../../../../arm-none-eabi/lib/thumb/v7e-m+dp/hard\libm.a
LOAD c:/st/stm32cubeide_1.6.1/stm32cubeide/plugins/com.st.stm32cube.ide.mcu.externaltools.gnu-tools-for-stm32.9-2020-q2-update.win32_1.5.0.202011040924/tools/bin/../lib/gcc/arm-none-eabi/9.3.1/thumb/v7e-m+dp/hard\libgcc.a

.debug_info     0x0000000000000000    0x388c5
 .debug_info    0x0000000000000000     0x217b Core/Src/MPC_Algo.o
 .debug_info    0x000000000000217b     0x1b7a Core/Src/MPC_PWM.o
 .debug_info    0x0000000000003cf5     0x23bf Core/Src/MPC_communication.o
 .debug_info    0x00000000000060b4     0x223b Core/Src/MPC_core.o
 .debug_info    0x00000000000082ef     0x2313 Core/Src/MPC_feedback.o
 .debug_info    0x000000000000a602     0x1d1d Core/Src/MPC_math.o
 .debug_info    0x000000000000c31f     0x2130 Core/Src/PID_Algo.o
 .debug_info    0x000000000000e44f     0x3944 Core/Src/main.o
 .debug_info    0x0000000000011d93     0x2aee Core/Src/stm32h7xx_hal_msp.o
 .debug_info    0x0000000000014881     0x1382 Core/Src/stm32h7xx_it.o
 .debug_info    0x0000000000015c03     0x1787 Core/Src/system_stm32h7xx.o
 .debug_info    0x000000000001738a       0x22 Core/Startup/startup_stm32h743zitx.o
 .debug_info    0x00000000000173ac     0x1f9d Drivers/STM32H7xx_HAL_Driver/Src/stm32h7xx_hal.o
 .debug_info    0x0000000000019349     0x294b Drivers/STM32H7xx_HAL_Driver/Src/stm32h7xx_hal_adc.o
 .debug_info    0x000000000001bc94     0x2a8b Drivers/STM32H7xx_HAL_Driver/Src/stm32h7xx_hal_adc_ex.o
 .debug_info    0x000000000001e71f     0x1c13 Drivers/STM32H7xx_HAL_Driver/Src/stm32h7xx_hal_cortex.o
 .debug_info    0x0000000000020332      0xfcf Drivers/STM32H7xx_HAL_Driver/Src/stm32h7xx_hal_crc.o
 .debug_info    0x0000000000021301      0xe02 Drivers/STM32H7xx_HAL_Driver/Src/stm32h7xx_hal_crc_ex.o
 .debug_info    0x0000000000022103     0x174c Drivers/STM32H7xx_HAL_Driver/Src/stm32h7xx_hal_dma.o
 .debug_info    0x000000000002384f     0x17e6 Drivers/STM32H7xx_HAL_Driver/Src/stm32h7xx_hal_gpio.o
 .debug_info    0x0000000000025035     0x1b45 Drivers/STM32H7xx_HAL_Driver/Src/stm32h7xx_hal_pwr_ex.o
 .debug_info    0x0000000000026b7a     0x1951 Drivers/STM32H7xx_HAL_Driver/Src/stm32h7xx_hal_rcc.o
 .debug_info    0x00000000000284cb     0x1d00 Drivers/STM32H7xx_HAL_Driver/Src/stm32h7xx_hal_rcc_ex.o
 .debug_info    0x000000000002a1cb     0x37ca Drivers/STM32H7xx_HAL_Driver/Src/stm32h7xx_hal_tim.o
 .debug_info    0x000000000002d995     0x225f Drivers/STM32H7xx_HAL_Driver/Src/stm32h7xx_hal_tim_ex.o
 .debug_info    0x000000000002fbf4     0x558a Drivers/STM32H7xx_HAL_Driver/Src/stm32h7xx_hal_uart.o
 .debug_info    0x000000000003517e     0x19a9 Drivers/STM32H7xx_HAL_Driver/Src/stm32h7xx_hal_uart_ex.o
 .debug_info    0x0000000000036b27     0x1c8e X-CUBE-AI/App/network.o
 .debug_info    0x00000000000387b5      0x110 X-CUBE-AI/App/network_data.o

.debug_abbrev   0x0000000000000000     0x4e52
 .debug_abbrev  0x0000000000000000      0x246 Core/Src/MPC_Algo.o
 .debug_abbrev  0x0000000000000246      0x23d Core/Src/MPC_PWM.o
 .debug_abbrev  0x0000000000000483      0x255 Core/Src/MPC_communication.o
 .debug_abbrev  0x00000000000006d8      0x246 Core/Src/MPC_core.o
 .debug_abbrev  0x000000000000091e      0x314 Core/Src/MPC_feedback.o