Archive member included to satisfy reference by file (symbol)

c:/st/stm32cubeide_1.6.1/stm32cubeide/plugins/com.st.stm32cube.ide.mcu.externaltools.gnu-tools-for-stm32.9-2020-q2-update.win32_1.5.0.202011040924/tools/bin/../lib/gcc/arm-none-eabi/9.3.1/../../../../arm-none-eabi/lib/thumb/v7e-m+dp/hard\libc_nano.a(lib_a-errno.o)
                              Core/Src/syscalls.o (__errno)
c:/st/stm32cubeide_1.6.1/stm32cubeide/plugins/com.st.stm32cube.ide.mcu.externaltools.gnu-tools-for-stm32.9-2020-q2-update.win32_1.5.0.202011040924/tools/bin/../lib/gcc/arm-none-eabi/9.3.1/../../../../arm-none-eabi/lib/thumb/v7e-m+dp/hard\libc_nano.a(lib_a-exit.o)
                              c:/st/stm32cubeide_1.6.1/stm32cubeide/plugins/com.st.stm32cube.ide.mcu.externaltools.gnu-tools-for-stm32.9-2020-q2-update.win32_1.5.0.202011040924/tools/bin/../lib/gcc/arm-none-eabi/9.3.1/../../../../arm-none-eabi/lib/thumb/v7e-m+dp/hard/crt0.o (exit)
c:/st/stm32cubeide_1.6.1/stm32cubeide/plugins/com.st.stm32cube.ide.mcu.externaltools.gnu-tools-for-stm32.9-2020-q2-update.win32_1.5.0.202011040924/tools/bin/../lib/gcc/arm-none-eabi/9.3.1/../../../../arm-none-eabi/lib/thumb/v7e-m+dp/hard\libc_nano.a(lib_a-impure.o)
                              c:/st/stm32cubeide_1.6.1/stm32cubeide/plugins/com.st.stm32cube.ide.mcu.externaltools.gnu-tools-for-stm32.9-2020-q2-update.win32_1.5.0.202011040924/tools/bin/../lib/gcc/arm-none-eabi/9.3.1/../../../../arm-none-eabi/lib/thumb/v7e-m+dp/hard\libc_nano.a(lib_a-exit.o) (_global_impure_ptr)
c:/st/stm32cubeide_1.6.1/stm32cubeide/plugins/com.st.stm32cube.ide.mcu.externaltools.gnu-tools-for-stm32.9-2020-q2-update.win32_1.5.0.202011040924/tools/bin/../lib/gcc/arm-none-eabi/9.3.1/../../../../arm-none-eabi/lib/thumb/v7e-m+dp/hard\libc_nano.a(lib_a-init.o)
                              c:/st/stm32cubeide_1.6.1/stm32cubeide/plugins/com.st.stm32cube.ide.mcu.externaltools.gnu-tools-for-stm32.9-2020-q2-update.win32_1.5.0.202011040924/tools/bin/../lib/gcc/arm-none-eabi/9.3.1/../../../../arm-none-eabi/lib/thumb/v7e-m+dp/hard/crt0.o (__libc_init_array)
c:/st/stm32cubeide_1.6.1/stm32cubeide/plugins/com.st.stm32cube.ide.mcu.externaltools.gnu-tools-for-stm32.9-2020-q2-update.win32_1.5.0.202011040924/tools/bin/../lib/gcc/arm-none-eabi/9.3.1/../../../../arm-none-eabi/lib/thumb/v7e-m+dp/hard\libc_nano.a(lib_a-memset.o)
                              c:/st/stm32cubeide_1.6.1/stm32cubeide/plugins/com.st.stm32cube.ide.mcu.externaltools.gnu-tools-for-stm32.9-2020-q2-update.win32_1.5.0.202011040924/tools/bin/../lib/gcc/arm-none-eabi/9.3.1/../../../../arm-none-eabi/lib/thumb/v7e-m+dp/hard/crt0.o (memset)
c:/st/stm32cubeide_1.6.1/stm32cubeide/plugins/com.st.stm32cube.ide.mcu.externaltools.gnu-tools-for-stm32.9-2020-q2-update.win32_1.5.0.202011040924/tools/bin/../lib/gcc/arm-none-eabi/9.3.1/../../../../arm-none-eabi/lib/thumb/v7e-m+dp/hard\libm.a(lib_a-exp.o)
                              Core/Src/untitled0.o (exp)
c:/st/stm32cubeide_1.6.1/stm32cubeide/plugins/com.st.stm32cube.ide.mcu.externaltools.gnu-tools-for-stm32.9-2020-q2-update.win32_1.5.0.202011040924/tools/bin/../lib/gcc/arm-none-eabi/9.3.1/../../../../arm-none-eabi/lib/thumb/v7e-m+dp/hard\libm.a(lib_a-exp_data.o)
                              c:/st/stm32cubeide_1.6.1/stm32cubeide/plugins/com.st.stm32cube.ide.mcu.externaltools.gnu-tools-for-stm32.9-2020-q2-update.win32_1.5.0.202011040924/tools/bin/../lib/gcc/arm-none-eabi/9.3.1/../../../../arm-none-eabi/lib/thumb/v7e-m+dp/hard\libm.a(lib_a-exp.o) (__exp_data)
c:/st/stm32cubeide_1.6.1/stm32cubeide/plugins/com.st.stm32cube.ide.mcu.externaltools.gnu-tools-for-stm32.9-2020-q2-update.win32_1.5.0.202011040924/tools/bin/../lib/gcc/arm-none-eabi/9.3.1/../../../../arm-none-eabi/lib/thumb/v7e-m+dp/hard\libm.a(lib_a-math_err.o)
                              c:/st/stm32cubeide_1.6.1/stm32cubeide/plugins/com.st.stm32cube.ide.mcu.externaltools.gnu-tools-for-stm32.9-2020-q2-update.win32_1.5.0.202011040924/tools/bin/../lib/gcc/arm-none-eabi/9.3.1/../../../../arm-none-eabi/lib/thumb/v7e-m+dp/hard\libm.a(lib_a-exp.o) (__math_uflow)
c:/st/stm32cubeide_1.6.1/stm32cubeide/plugins/com.st.stm32cube.ide.mcu.externaltools.gnu-tools-for-stm32.9-2020-q2-update.win32_1.5.0.202011040924/tools/bin/../lib/gcc/arm-none-eabi/9.3.1/thumb/v7e-m+dp/hard\libgcc.a(_aeabi_uldivmod.o)
                              Drivers/STM32H7xx_HAL_Driver/Src/stm32h7xx_hal_uart.o (__aeabi_uldivmod)
c:/st/stm32cubeide_1.6.1/stm32cubeide/plugins/com.st.stm32cube.ide.mcu.externaltools.gnu-tools-for-stm32.9-2020-q2-update.win32_1.5.0.202011040924/tools/bin/../lib/gcc/arm-none-eabi/9.3.1/thumb/v7e-m+dp/hard\libgcc.a(_udivmoddi4.o)
                              c:/st/stm32cubeide_1.6.1/stm32cubeide/plugins/com.st.stm32cube.ide.mcu.externaltools.gnu-tools-for-stm32.9-2020-q2-update.win32_1.5.0.202011040924/tools/bin/../lib/gcc/arm-none-eabi/9.3.1/thumb/v7e-m+dp/hard\libgcc.a(_aeabi_uldivmod.o) (__udivmoddi4)
[...]
Memory Configuration

Name             Origin             Length             Attributes
FLASH            0x0000000008000000 0x0000000000200000 xr
RAM              0x0000000020000000 0x0000000000020000 xrw
RAM_D1           0x0000000024000000 0x0000000000080000 xrw
RAM_D2           0x0000000030000000 0x0000000000048000 xrw
RAM_D3           0x0000000038000000 0x0000000000010000 xrw
ITCMRAM          0x0000000000000000 0x0000000000010000 xrw
*default*        0x0000000000000000 0xffffffffffffffff

Linker script and memory map

LOAD c:/st/stm32cubeide_1.6.1/stm32cubeide/plugins/com.st.stm32cube.ide.mcu.externaltools.gnu-tools-for-stm32.9-2020-q2-update.win32_1.5.0.202011040924/tools/bin/../lib/gcc/arm-none-eabi/9.3.1/thumb/v7e-m+dp/hard/crti.o
LOAD c:/st/stm32cubeide_1.6.1/stm32cubeide/plugins/com.st.stm32cube.ide.mcu.externaltools.gnu-tools-for-stm32.9-2020-q2-update.win32_1.5.0.202011040924/tools/bin/../lib/gcc/arm-none-eabi/9.3.1/thumb/v7e-m+dp/hard/crtbegin.o
LOAD c:/st/stm32cubeide_1.6.1/stm32cubeide/plugins/com.st.stm32cube.ide.mcu.externaltools.gnu-tools-for-stm32.9-2020-q2-update.win32_1.5.0.202011040924/tools/bin/../lib/gcc/arm-none-eabi/9.3.1/../../../../arm-none-eabi/lib/thumb/v7e-m+dp/hard/crt0.o
LOAD Core/Src/MPC_Algo.o
LOAD Core/Src/MPC_PWM.o
LOAD Core/Src/MPC_communication.o
LOAD Core/Src/MPC_core.o
LOAD Core/Src/MPC_feedback.o
LOAD Core/Src/MPC_math.o
LOAD Core/Src/OpenLoop_Algo.o
LOAD Core/Src/PID_Algo.o
LOAD Core/Src/SixStep_Algo.o
LOAD Core/Src/main.o
LOAD Core/Src/stm32h7xx_hal_msp.o
LOAD Core/Src/stm32h7xx_it.o
LOAD Core/Src/syscalls.o
LOAD Core/Src/sysmem.o
LOAD Core/Src/system_stm32h7xx.o
LOAD Core/Src/untitled0.o
LOAD Core/Src/untitled0_data.o
LOAD Core/Startup/startup_stm32h743zitx.o
LOAD Drivers/STM32H7xx_HAL_Driver/Src/stm32h7xx_hal.o
LOAD Drivers/STM32H7xx_HAL_Driver/Src/stm32h7xx_hal_adc.o
LOAD Drivers/STM32H7xx_HAL_Driver/Src/stm32h7xx_hal_adc_ex.o
LOAD Drivers/STM32H7xx_HAL_Driver/Src/stm32h7xx_hal_cortex.o
LOAD Drivers/STM32H7xx_HAL_Driver/Src/stm32h7xx_hal_dma.o
LOAD Drivers/STM32H7xx_HAL_Driver/Src/stm32h7xx_hal_dma_ex.o
LOAD Drivers/STM32H7xx_HAL_Driver/Src/stm32h7xx_hal_exti.o
LOAD Drivers/STM32H7xx_HAL_Driver/Src/stm32h7xx_hal_flash.o
LOAD Drivers/STM32H7xx_HAL_Driver/Src/stm32h7xx_hal_flash_ex.o
LOAD Drivers/STM32H7xx_HAL_Driver/Src/stm32h7xx_hal_gpio.o
LOAD Drivers/STM32H7xx_HAL_Driver/Src/stm32h7xx_hal_hsem.o
LOAD Drivers/STM32H7xx_HAL_Driver/Src/stm32h7xx_hal_i2c.o
LOAD Drivers/STM32H7xx_HAL_Driver/Src/stm32h7xx_hal_i2c_ex.o
LOAD Drivers/STM32H7xx_HAL_Driver/Src/stm32h7xx_hal_mdma.o
LOAD Drivers/STM32H7xx_HAL_Driver/Src/stm32h7xx_hal_pwr.o
LOAD Drivers/STM32H7xx_HAL_Driver/Src/stm32h7xx_hal_pwr_ex.o
LOAD Drivers/STM32H7xx_HAL_Driver/Src/stm32h7xx_hal_rcc.o
LOAD Drivers/STM32H7xx_HAL_Driver/Src/stm32h7xx_hal_rcc_ex.o
LOAD Drivers/STM32H7xx_HAL_Driver/Src/stm32h7xx_hal_tim.o
LOAD Drivers/STM32H7xx_HAL_Driver/Src/stm32h7xx_hal_tim_ex.o
LOAD Drivers/STM32H7xx_HAL_Driver/Src/stm32h7xx_hal_uart.o
LOAD Drivers/STM32H7xx_HAL_Driver/Src/stm32h7xx_hal_uart_ex.o
START GROUP
LOAD c:/st/stm32cubeide_1.6.1/stm32cubeide/plugins/com.st.stm32cube.ide.mcu.externaltools.gnu-tools-for-stm32.9-2020-q2-update.win32_1.5.0.202011040924/tools/bin/../lib/gcc/arm-none-eabi/9.3.1/../../../../arm-none-eabi/lib/thumb/v7e-m+dp/hard\libc_nano.a
LOAD c:/st/stm32cubeide_1.6.1/stm32cubeide/plugins/com.st.stm32cube.ide.mcu.externaltools.gnu-tools-for-stm32.9-2020-q2-update.win32_1.5.0.202011040924/tools/bin/../lib/gcc/arm-none-eabi/9.3.1/../../../../arm-none-eabi/lib/thumb/v7e-m+dp/hard\libm.a
END GROUP
START GROUP
LOAD c:/st/stm32cubeide_1.6.1/stm32cubeide/plugins/com.st.stm32cube.ide.mcu.externaltools.gnu-tools-for-stm32.9-2020-q2-update.win32_1.5.0.202011040924/tools/bin/../lib/gcc/arm-none-eabi/9.3.1/thumb/v7e-m+dp/hard\libgcc.a
LOAD c:/st/stm32cubeide_1.6.1/stm32cubeide/plugins/com.st.stm32cube.ide.mcu.externaltools.gnu-tools-for-stm32.9-2020-q2-update.win32_1.5.0.202011040924/tools/bin/../lib/gcc/arm-none-eabi/9.3.1/../../../../arm-none-eabi/lib/thumb/v7e-m+dp/hard\libc_nano.a
END GROUP
START GROUP
LOAD c:/st/stm32cubeide_1.6.1/stm32cubeide/plugins/com.st.stm32cube.ide.mcu.externaltools.gnu-tools-for-stm32.9-2020-q2-update.win32_1.5.0.202011040924/tools/bin/../lib/gcc/arm-none-eabi/9.3.1/thumb/v7e-m+dp/hard\libgcc.a
LOAD c:/st/stm32cubeide_1.6.1/stm32cubeide/plugins/com.st.stm32cube.ide.mcu.externaltools.gnu-tools-for-stm32.9-2020-q2-update.win32_1.5.0.202011040924/tools/bin/../lib/gcc/arm-none-eabi/9.3.1/../../../../arm-none-eabi/lib/thumb/v7e-m+dp/hard\libc_nano.a
LOAD c:/st/stm32cubeide_1.6.1/stm32cubeide/plugins/com.st.stm32cube.ide.mcu.externaltools.gnu-tools-for-stm32.9-2020-q2-update.win32_1.5.0.202011040924/tools/bin/../lib/gcc/arm-none-eabi/9.3.1/../../../../arm-none-eabi/lib/thumb/v7e-m+dp/hard\libnosys.a
END GROUP
START GROUP
LOAD c:/st/stm32cubeide_1.6.1/stm32cubeide/plugins/com.st.stm32cube.ide.mcu.externaltools.gnu-tools-for-stm32.9-2020-q2-update.win32_1.5.0.202011040924/tools/bin/../lib/gcc/arm-none-eabi/9.3.1/thumb/v7e-m+dp/hard\libgcc.a
LOAD c:/st/stm32cubeide_1.6.1/stm32cubeide/plugins/com.st.stm32cube.ide.mcu.externaltools.gnu-tools-for-stm32.9-2020-q2-update.win32_1.5.0.202011040924/tools/bin/../lib/gcc/arm-none-eabi/9.3.1/../../../../arm-none-eabi/lib/thumb/v7e-m+dp/hard\libc_nano.a
LOAD c:/st/stm32cubeide_1.6.1/stm32cubeide/plugins/com.st.stm32cube.ide.mcu.externaltools.gnu-tools-for-stm32.9-2020-q2-update.win32_1.5.0.202011040924/tools/bin/../lib/gcc/arm-none-eabi/9.3.1/../../../../arm-none-eabi/lib/thumb/v7e-m+dp/hard\libnosys.a
END GROUP
LOAD c:/st/stm32cubeide_1.6.1/stm32cubeide/plugins/com.st.stm32cube.ide.mcu.externaltools.gnu-tools-for-stm32.9-2020-q2-update.win32_1.5.0.202011040924/tools/bin/../lib/gcc/arm-none-eabi/9.3.1/thumb/v7e-m+dp/hard/crtend.o
LOAD c:/st/stm32cubeide_1.6.1/stm32cubeide/plugins/com.st.stm32cube.ide.mcu.externaltools.gnu-tools-for-stm32.9-2020-q2-update.win32_1.5.0.202011040924/tools/bin/../lib/gcc/arm-none-eabi/9.3.1/thumb/v7e-m+dp/hard/crtn.o
                0x0000000020020000                _estack = 0x20020000
                0x0000000000000200                _Min_Heap_Size = 0x200
                0x0000000000000400                _Min_Stack_Size = 0x400

.isr_vector     0x0000000008000000      0x298
                0x0000000008000000                . = ALIGN (0x4)
 *(.isr_vector)
 .isr_vector    0x0000000008000000      0x298 Core/Startup/startup_stm32h743zitx.o
                0x0000000008000000                g_pfnVectors
                0x0000000008000298                . = ALIGN (0x4)

.text           0x0000000008000298     0xd1ec
                0x0000000008000298                . = ALIGN (0x4)
 *(.text)
 .text          0x0000000008000298       0x40 c:/st/stm32cubeide_1.6.1/stm32cubeide/plugins/com.st.stm32cube.ide.mcu.externaltools.gnu-tools-for-stm32.9-2020-q2-update.win32_1.5.0.202011040924/tools/bin/../lib/gcc/arm-none-eabi/9.3.1/thumb/v7e-m+dp/hard/crtbegin.o
 .text          0x00000000080002d8       0x30 c:/st/stm32cubeide_1.6.1/stm32cubeide/plugins/com.st.stm32cube.ide.mcu.externaltools.gnu-tools-for-stm32.9-2020-q2-update.win32_1.5.0.202011040924/tools/bin/../lib/gcc/arm-none-eabi/9.3.1/thumb/v7e-m+dp/hard\libgcc.a(_aeabi_uldivmod.o)
                0x00000000080002d8                __aeabi_uldivmod
 .text          0x0000000008000308      0x2c4 c:/st/stm32cubeide_1.6.1/stm32cubeide/plugins/com.st.stm32cube.ide.mcu.externaltools.gnu-tools-for-stm32.9-2020-q2-update.win32_1.5.0.202011040924/tools/bin/../lib/gcc/arm-none-eabi/9.3.1/thumb/v7e-m+dp/hard\libgcc.a(_udivmoddi4.o)
                0x0000000008000308                __udivmoddi4
 .text          0x00000000080005cc        0x4 c:/st/stm32cubeide_1.6.1/stm32cubeide/plugins/com.st.stm32cube.ide.mcu.externaltools.gnu-tools-for-stm32.9-2020-q2-update.win32_1.5.0.202011040924/tools/bin/../lib/gcc/arm-none-eabi/9.3.1/thumb/v7e-m+dp/hard\libgcc.a(_dvmd_tls.o)
                0x00000000080005cc                __aeabi_idiv0
                0x00000000080005cc                __aeabi_ldiv0
 *(.text*)
 .text.initModelPredictiveControl
                0x00000000080005d0      0x198 Core/Src/MPC_Algo.o
                0x00000000080005d0                initModelPredictiveControl
 .text.modelPredictiveControl
                0x0000000008000768      0x478 Core/Src/MPC_Algo.o
                0x0000000008000768                modelPredictiveControl
 .text.SVPWM    0x0000000008000be0      0x384 Core/Src/MPC_PWM.o
                0x0000000008000be0                SVPWM
 .text.transferUART
                0x0000000008000f64      0x1a4 Core/Src/MPC_communication.o
                0x0000000008000f64                transferUART
 .text.receiveUART
                0x0000000008001108       0x1c Core/Src/MPC_communication.o
                0x0000000008001108                receiveUART
 .text.handleRxCommands
                0x0000000008001124      0x120 Core/Src/MPC_communication.o
                0x0000000008001124                handleRxCommands
 .text.initalPositionSet
                0x0000000008001244       0x6c Core/Src/MPC_core.o
                0x0000000008001244                initalPositionSet
 .text.startMotor
                0x00000000080012b0       0x30 Core/Src/MPC_core.o
                0x00000000080012b0                startMotor
 .text.stopMotor
                0x00000000080012e0       0x18 Core/Src/MPC_core.o
                0x00000000080012e0                stopMotor
 .text.executeAll
                0x00000000080012f8       0xa4 Core/Src/MPC_core.o
                0x00000000080012f8                executeAll
 .text.computePositionWithEncoder
                0x000000000800139c      0x250 Core/Src/MPC_feedback.o
                0x000000000800139c                computePositionWithEncoder
 .text.measureADC
                0x00000000080015ec       0xd0 Core/Src/MPC_feedback.o
                0x00000000080015ec                measureADC
 .text.limitTheta
                0x00000000080016bc       0x8c Core/Src/MPC_math.o
                0x00000000080016bc                limitTheta
 .text.sin2     0x0000000008001748       0x98 Core/Src/MPC_math.o
                0x0000000008001748                sin2
 .text.cos2     0x00000000080017e0       0x22 Core/Src/MPC_math.o
                0x00000000080017e0                cos2
 *fill*         0x0000000008001802        0x2 
 .text.sinLowRes
                0x0000000008001804       0x98 Core/Src/MPC_math.o
                0x0000000008001804                sinLowRes
 .text.parkTransform
                0x000000000800189c       0xd0 Core/Src/MPC_math.o
                0x000000000800189c                parkTransform
 .text.computeSinCos
                0x000000000800196c       0xbc Core/Src/MPC_math.o
                0x000000000800196c                computeSinCos
 .text.clarkeTransform
                0x0000000008001a28       0x78 Core/Src/MPC_math.o
                0x0000000008001a28                clarkeTransform
 .text.SpeedPIController
                0x0000000008001aa0      0x14c Core/Src/PID_Algo.o
                0x0000000008001aa0                SpeedPIController
 .text.main     0x0000000008001bec      0x188 Core/Src/main.o
                0x0000000008001bec                main
 .text.SystemClock_Config
                0x0000000008001d74      0x110 Core/Src/main.o
                0x0000000008001d74                SystemClock_Config
 .text.PeriphCommonClock_Config
                0x0000000008001e84       0x58 Core/Src/main.o
                0x0000000008001e84                PeriphCommonClock_Config
 .text.MX_NVIC_Init
                0x0000000008001edc       0x48 Core/Src/main.o
 .text.MX_ADC1_Init
                0x0000000008001f24      0x114 Core/Src/main.o
 .text.MX_ADC3_Init
                0x0000000008002038       0xcc Core/Src/main.o
 .text.MX_TIM1_Init
                0x0000000008002104      0x1a8 Core/Src/main.o
 .text.MX_TIM3_Init
                0x00000000080022ac       0xac Core/Src/main.o
 .text.MX_USART3_UART_Init
                0x0000000008002358       0x9c Core/Src/main.o
 .text.MX_DMA_Init
                0x00000000080023f4       0x50 Core/Src/main.o
 .text.MX_GPIO_Init
                0x0000000008002444      0x168 Core/Src/main.o
 .text.MPU_Config
                0x00000000080025ac       0x5c Core/Src/main.o
 .text.Error_Handler
                0x0000000008002608        0xa Core/Src/main.o
                0x0000000008002608                Error_Handler
 *fill*         0x0000000008002612        0x2 
 .text.HAL_MspInit
                0x0000000008002614       0x34 Core/Src/stm32h7xx_hal_msp.o
                0x0000000008002614                HAL_MspInit
 .text.HAL_ADC_MspInit
                0x0000000008002648      0x1c4 Core/Src/stm32h7xx_hal_msp.o
                0x0000000008002648                HAL_ADC_MspInit
 .text.HAL_TIM_Base_MspInit
                0x000000000800280c       0x94 Core/Src/stm32h7xx_hal_msp.o
                0x000000000800280c                HAL_TIM_Base_MspInit
 .text.HAL_TIM_Encoder_MspInit
                0x00000000080028a0       0x94 Core/Src/stm32h7xx_hal_msp.o
                0x00000000080028a0                HAL_TIM_Encoder_MspInit
 .text.HAL_TIM_MspPostInit
                0x0000000008002934       0x78 Core/Src/stm32h7xx_hal_msp.o
                0x0000000008002934                HAL_TIM_MspPostInit
 .text.HAL_UART_MspInit
                0x00000000080029ac      0x130 Core/Src/stm32h7xx_hal_msp.o
                0x00000000080029ac                HAL_UART_MspInit
 .text.NMI_Handler
                0x0000000008002adc        0x6 Core/Src/stm32h7xx_it.o
                0x0000000008002adc                NMI_Handler
 .text.HardFault_Handler
                0x0000000008002ae2        0x6 Core/Src/stm32h7xx_it.o
                0x0000000008002ae2                HardFault_Handler
 .text.MemManage_Handler
                0x0000000008002ae8        0x6 Core/Src/stm32h7xx_it.o
                0x0000000008002ae8                MemManage_Handler
 .text.BusFault_Handler
                0x0000000008002aee        0x6 Core/Src/stm32h7xx_it.o
                0x0000000008002aee                BusFault_Handler
 .text.UsageFault_Handler
                0x0000000008002af4        0x6 Core/Src/stm32h7xx_it.o
                0x0000000008002af4                UsageFault_Handler
 .text.SVC_Handler
                0x0000000008002afa        0xe Core/Src/stm32h7xx_it.o
                0x0000000008002afa                SVC_Handler
 .text.DebugMon_Handler
                0x0000000008002b08        0xe Core/Src/stm32h7xx_it.o
                0x0000000008002b08                DebugMon_Handler
 .text.PendSV_Handler
                0x0000000008002b16        0xe Core/Src/stm32h7xx_it.o
                0x0000000008002b16                PendSV_Handler
 .text.SysTick_Handler
                0x0000000008002b24        0xc Core/Src/stm32h7xx_it.o
                0x0000000008002b24                SysTick_Handler
 .text.DMA1_Stream0_IRQHandler
                0x0000000008002b30       0x14 Core/Src/stm32h7xx_it.o
                0x0000000008002b30                DMA1_Stream0_IRQHandler
 .text.DMA1_Stream1_IRQHandler
                0x0000000008002b44       0x18 Core/Src/stm32h7xx_it.o
                0x0000000008002b44                DMA1_Stream1_IRQHandler
 .text.DMA1_Stream2_IRQHandler
                0x0000000008002b5c       0x14 Core/Src/stm32h7xx_it.o
                0x0000000008002b5c                DMA1_Stream2_IRQHandler
 .text.TIM1_BRK_IRQHandler
                0x0000000008002b70       0x18 Core/Src/stm32h7xx_it.o
                0x0000000008002b70                TIM1_BRK_IRQHandler
 .text.TIM1_CC_IRQHandler
                0x0000000008002b88       0x18 Core/Src/stm32h7xx_it.o
                0x0000000008002b88                TIM1_CC_IRQHandler
 .text.EXTI15_10_IRQHandler
                0x0000000008002ba0       0x28 Core/Src/stm32h7xx_it.o
                0x0000000008002ba0                EXTI15_10_IRQHandler
 .text.SystemInit
                0x0000000008002bc8      0x110 Core/Src/system_stm32h7xx.o
                0x0000000008002bc8                SystemInit
 .text.untitled0_initialize
                0x0000000008002cd8        0xe Core/Src/untitled0.o
                0x0000000008002cd8                untitled0_initialize
 *fill*         0x0000000008002ce6        0x2 
 .text.Reset_Handler
                0x0000000008002ce8       0x50 Core/Startup/startup_stm32h743zitx.o
                0x0000000008002ce8                Reset_Handler
 .text.Default_Handler
                0x0000000008002d38        0x2 Core/Startup/startup_stm32h743zitx.o
                0x0000000008002d38                RTC_Alarm_IRQHandler
                0x0000000008002d38                EXTI2_IRQHandler
                0x0000000008002d38                TIM8_CC_IRQHandler
                0x0000000008002d38                HRTIM1_Master_IRQHandler
                0x0000000008002d38                UART8_IRQHandler
                0x0000000008002d38                SPI4_IRQHandler
                0x0000000008002d38                BDMA_Channel6_IRQHandler
                0x0000000008002d38                DMA2_Stream5_IRQHandler
                0x0000000008002d38                HRTIM1_FLT_IRQHandler
                0x0000000008002d38                JPEG_IRQHandler
                0x0000000008002d38                DMA1_Stream5_IRQHandler
                0x0000000008002d38                BDMA_Channel1_IRQHandler
                0x0000000008002d38                HRTIM1_TIMD_IRQHandler
                0x0000000008002d38                TAMP_STAMP_IRQHandler
                0x0000000008002d38                EXTI3_IRQHandler
                0x0000000008002d38                LPTIM4_IRQHandler
                0x0000000008002d38                TIM8_TRG_COM_TIM14_IRQHandler
                0x0000000008002d38                LPTIM2_IRQHandler
                0x0000000008002d38                DFSDM1_FLT1_IRQHandler
                0x0000000008002d38                DMAMUX2_OVR_IRQHandler
                0x0000000008002d38                TIM8_UP_TIM13_IRQHandler
                0x0000000008002d38                I2C3_ER_IRQHandler
                0x0000000008002d38                DFSDM1_FLT2_IRQHandler
                0x0000000008002d38                MDMA_IRQHandler
                0x0000000008002d38                LPTIM3_IRQHandler
                0x0000000008002d38                HSEM1_IRQHandler
                0x0000000008002d38                EXTI0_IRQHandler
                0x0000000008002d38                I2C2_EV_IRQHandler
                0x0000000008002d38                FPU_IRQHandler
                0x0000000008002d38                OTG_HS_WKUP_IRQHandler
                0x0000000008002d38                FDCAN1_IT1_IRQHandler
                0x0000000008002d38                LTDC_ER_IRQHandler
                0x0000000008002d38                DMA2_Stream2_IRQHandler
                0x0000000008002d38                HRTIM1_TIME_IRQHandler
                0x0000000008002d38                SPI1_IRQHandler
                0x0000000008002d38                TIM6_DAC_IRQHandler
                0x0000000008002d38                DCMI_IRQHandler
                0x0000000008002d38                HRTIM1_TIMC_IRQHandler
                0x0000000008002d38                DMA2_Stream3_IRQHandler
                0x0000000008002d38                SAI2_IRQHandler
                0x0000000008002d38                DFSDM1_FLT3_IRQHandler
                0x0000000008002d38                USART6_IRQHandler
                0x0000000008002d38                TIM17_IRQHandler
                0x0000000008002d38                USART3_IRQHandler
                0x0000000008002d38                BDMA_Channel7_IRQHandler
                0x0000000008002d38                LPTIM5_IRQHandler
                0x0000000008002d38                UART5_IRQHandler
                0x0000000008002d38                ADC3_IRQHandler
                0x0000000008002d38                DMA2_Stream0_IRQHandler
                0x0000000008002d38                TIM4_IRQHandler
                0x0000000008002d38                BDMA_Channel2_IRQHandler
                0x0000000008002d38                QUADSPI_IRQHandler
                0x0000000008002d38                I2C1_EV_IRQHandler
                0x0000000008002d38                DMA1_Stream6_IRQHandler
                0x0000000008002d38                DMAMUX1_OVR_IRQHandler
                0x0000000008002d38                TIM16_IRQHandler
                0x0000000008002d38                UART4_IRQHandler
                0x0000000008002d38                BDMA_Channel5_IRQHandler
                0x0000000008002d38                TIM3_IRQHandler
                0x0000000008002d38                RCC_IRQHandler
                0x0000000008002d38                TIM8_BRK_TIM12_IRQHandler
                0x0000000008002d38                TIM1_TRG_COM_IRQHandler
                0x0000000008002d38                Default_Handler
                0x0000000008002d38                ECC_IRQHandler
                0x0000000008002d38                CEC_IRQHandler
                0x0000000008002d38                BDMA_Channel0_IRQHandler
                0x0000000008002d38                ADC_IRQHandler
                0x0000000008002d38                DMA1_Stream7_IRQHandler
                0x0000000008002d38                HRTIM1_TIMA_IRQHandler
                0x0000000008002d38                SPI5_IRQHandler
                0x0000000008002d38                TIM7_IRQHandler
                0x0000000008002d38                SDMMC1_IRQHandler
                0x0000000008002d38                TIM5_IRQHandler
                0x0000000008002d38                DMA2_Stream7_IRQHandler
                0x0000000008002d38                TIM15_IRQHandler
                0x0000000008002d38                PVD_AVD_IRQHandler
                0x0000000008002d38                I2C3_EV_IRQHandler
                0x0000000008002d38                EXTI9_5_IRQHandler
                0x0000000008002d38                RTC_WKUP_IRQHandler
                0x0000000008002d38                LTDC_IRQHandler
                0x0000000008002d38                SAI3_IRQHandler
                0x0000000008002d38                ETH_WKUP_IRQHandler
                0x0000000008002d38                SPDIF_RX_IRQHandler
                0x0000000008002d38                SPI2_IRQHandler
                0x0000000008002d38                OTG_HS_EP1_IN_IRQHandler
                0x0000000008002d38                CRS_IRQHandler
                0x0000000008002d38                EXTI4_IRQHandler
                0x0000000008002d38                RNG_IRQHandler
                0x0000000008002d38                HRTIM1_TIMB_IRQHandler
                0x0000000008002d38                FDCAN2_IT1_IRQHandler
                0x0000000008002d38                ETH_IRQHandler
                0x0000000008002d38                TIM1_UP_IRQHandler
                0x0000000008002d38                BDMA_Channel4_IRQHandler
                0x0000000008002d38                OTG_HS_EP1_OUT_IRQHandler
                0x0000000008002d38                WWDG_IRQHandler
                0x0000000008002d38                SPI6_IRQHandler
                0x0000000008002d38                MDIOS_IRQHandler
                0x0000000008002d38                I2C4_EV_IRQHandler
                0x0000000008002d38                FDCAN2_IT0_IRQHandler
                0x0000000008002d38                LPUART1_IRQHandler
                0x0000000008002d38                FDCAN1_IT0_IRQHandler
                0x0000000008002d38                TIM2_IRQHandler
                0x0000000008002d38                OTG_FS_WKUP_IRQHandler
                0x0000000008002d38                OTG_HS_IRQHandler
                0x0000000008002d38                DMA2D_IRQHandler
                0x0000000008002d38                EXTI1_IRQHandler
                0x0000000008002d38                SDMMC2_IRQHandler
                0x0000000008002d38                OTG_FS_EP1_OUT_IRQHandler
                0x0000000008002d38                BDMA_Channel3_IRQHandler
                0x0000000008002d38                UART7_IRQHandler
                0x0000000008002d38                MDIOS_WKUP_IRQHandler
                0x0000000008002d38                USART2_IRQHandler
                0x0000000008002d38                DFSDM1_FLT0_IRQHandler
                0x0000000008002d38                SAI4_IRQHandler
                0x0000000008002d38                I2C2_ER_IRQHandler
                0x0000000008002d38                DMA2_Stream1_IRQHandler
                0x0000000008002d38                FLASH_IRQHandler
                0x0000000008002d38                DMA2_Stream4_IRQHandler
                0x0000000008002d38                USART1_IRQHandler
                0x0000000008002d38                OTG_FS_IRQHandler
                0x0000000008002d38                SPI3_IRQHandler
                0x0000000008002d38                WAKEUP_PIN_IRQHandler
                0x0000000008002d38                DMA1_Stream4_IRQHandler
                0x0000000008002d38                OTG_FS_EP1_IN_IRQHandler
                0x0000000008002d38                I2C1_ER_IRQHandler
                0x0000000008002d38                FMC_IRQHandler
                0x0000000008002d38                FDCAN_CAL_IRQHandler
                0x0000000008002d38                SWPMI1_IRQHandler
                0x0000000008002d38                COMP1_IRQHandler
                0x0000000008002d38                LPTIM1_IRQHandler
                0x0000000008002d38                I2C4_ER_IRQHandler
                0x0000000008002d38                DMA2_Stream6_IRQHandler
                0x0000000008002d38                SAI1_IRQHandler
                0x0000000008002d38                DMA1_Stream3_IRQHandler
 *fill*         0x0000000008002d3a        0x2 
 .text.HAL_Init
                0x0000000008002d3c       0x78 Drivers/STM32H7xx_HAL_Driver/Src/stm32h7xx_hal.o
                0x0000000008002d3c                HAL_Init
 .text.HAL_InitTick
                0x0000000008002db4       0x6c Drivers/STM32H7xx_HAL_Driver/Src/stm32h7xx_hal.o
                0x0000000008002db4                HAL_InitTick
 .text.HAL_IncTick
                0x0000000008002e20       0x28 Drivers/STM32H7xx_HAL_Driver/Src/stm32h7xx_hal.o
                0x0000000008002e20                HAL_IncTick
 .text.HAL_GetTick
                0x0000000008002e48       0x18 Drivers/STM32H7xx_HAL_Driver/Src/stm32h7xx_hal.o
                0x0000000008002e48                HAL_GetTick
 .text.HAL_GetREVID
                0x0000000008002e60       0x18 Drivers/STM32H7xx_HAL_Driver/Src/stm32h7xx_hal.o
                0x0000000008002e60                HAL_GetREVID
 .text.LL_ADC_SetCommonClock
                0x0000000008002e78       0x26 Drivers/STM32H7xx_HAL_Driver/Src/stm32h7xx_hal_adc.o
 .text.LL_ADC_SetCommonPathInternalCh
                0x0000000008002e9e       0x26 Drivers/STM32H7xx_HAL_Driver/Src/stm32h7xx_hal_adc.o
 .text.LL_ADC_GetCommonPathInternalCh
                0x0000000008002ec4       0x1c Drivers/STM32H7xx_HAL_Driver/Src/stm32h7xx_hal_adc.o
 .text.LL_ADC_SetOffset
                0x0000000008002ee0       0x40 Drivers/STM32H7xx_HAL_Driver/Src/stm32h7xx_hal_adc.o
 .text.LL_ADC_SetDataRightShift
                0x0000000008002f20       0x32 Drivers/STM32H7xx_HAL_Driver/Src/stm32h7xx_hal_adc.o
 .text.LL_ADC_SetOffsetSignedSaturation
                0x0000000008002f52       0x36 Drivers/STM32H7xx_HAL_Driver/Src/stm32h7xx_hal_adc.o
 .text.LL_ADC_REG_IsTriggerSourceSWStart
                0x0000000008002f88       0x26 Drivers/STM32H7xx_HAL_Driver/Src/stm32h7xx_hal_adc.o
 .text.LL_ADC_REG_SetSequencerRanks
                0x0000000008002fae       0x58 Drivers/STM32H7xx_HAL_Driver/Src/stm32h7xx_hal_adc.o
 .text.LL_ADC_REG_SetDataTransferMode
                0x0000000008003006       0x26 Drivers/STM32H7xx_HAL_Driver/Src/stm32h7xx_hal_adc.o
 .text.LL_ADC_SetChannelSamplingTime
                0x000000000800302c       0x56 Drivers/STM32H7xx_HAL_Driver/Src/stm32h7xx_hal_adc.o
 *fill*         0x0000000008003082        0x2 
 .text.LL_ADC_SetChannelSingleDiff
                0x0000000008003084       0x48 Drivers/STM32H7xx_HAL_Driver/Src/stm32h7xx_hal_adc.o
 .text.LL_ADC_GetMultimode
                0x00000000080030cc       0x1c Drivers/STM32H7xx_HAL_Driver/Src/stm32h7xx_hal_adc.o
 .text.LL_ADC_DisableDeepPowerDown
                0x00000000080030e8       0x24 Drivers/STM32H7xx_HAL_Driver/Src/stm32h7xx_hal_adc.o
 .text.LL_ADC_IsDeepPowerDownEnabled
                0x000000000800310c       0x28 Drivers/STM32H7xx_HAL_Driver/Src/stm32h7xx_hal_adc.o
 .text.LL_ADC_EnableInternalRegulator
                0x0000000008003134       0x28 Drivers/STM32H7xx_HAL_Driver/Src/stm32h7xx_hal_adc.o
 .text.LL_ADC_IsInternalRegulatorEnabled
                0x000000000800315c       0x28 Drivers/STM32H7xx_HAL_Driver/Src/stm32h7xx_hal_adc.o
 .text.LL_ADC_Enable
                0x0000000008003184       0x28 Drivers/STM32H7xx_HAL_Driver/Src/stm32h7xx_hal_adc.o
 .text.LL_ADC_Disable
                0x00000000080031ac       0x28 Drivers/STM32H7xx_HAL_Driver/Src/stm32h7xx_hal_adc.o
 .text.LL_ADC_IsEnabled
                0x00000000080031d4       0x26 Drivers/STM32H7xx_HAL_Driver/Src/stm32h7xx_hal_adc.o
 .text.LL_ADC_IsDisableOngoing
                0x00000000080031fa       0x26 Drivers/STM32H7xx_HAL_Driver/Src/stm32h7xx_hal_adc.o
 .text.LL_ADC_REG_StartConversion
                0x0000000008003220       0x28 Drivers/STM32H7xx_HAL_Driver/Src/stm32h7xx_hal_adc.o
 .text.LL_ADC_REG_IsConversionOngoing
                0x0000000008003248       0x26 Drivers/STM32H7xx_HAL_Driver/Src/stm32h7xx_hal_adc.o
 .text.LL_ADC_INJ_IsConversionOngoing
                0x000000000800326e       0x26 Drivers/STM32H7xx_HAL_Driver/Src/stm32h7xx_hal_adc.o
 .text.HAL_ADC_Init
                0x0000000008003294      0x340 Drivers/STM32H7xx_HAL_Driver/Src/stm32h7xx_hal_adc.o
                0x0000000008003294                HAL_ADC_Init
 .text.HAL_ADC_Start_DMA
                0x00000000080035d4      0x188 Drivers/STM32H7xx_HAL_Driver/Src/stm32h7xx_hal_adc.o
                0x00000000080035d4                HAL_ADC_Start_DMA
 .text.HAL_ADC_ConvCpltCallback
                0x000000000800375c       0x14 Drivers/STM32H7xx_HAL_Driver/Src/stm32h7xx_hal_adc.o
                0x000000000800375c                HAL_ADC_ConvCpltCallback
 .text.HAL_ADC_ConvHalfCpltCallback
                0x0000000008003770       0x14 Drivers/STM32H7xx_HAL_Driver/Src/stm32h7xx_hal_adc.o
                0x0000000008003770                HAL_ADC_ConvHalfCpltCallback
 .text.HAL_ADC_ErrorCallback
                0x0000000008003784       0x14 Drivers/STM32H7xx_HAL_Driver/Src/stm32h7xx_hal_adc.o
                0x0000000008003784                HAL_ADC_ErrorCallback
 .text.HAL_ADC_ConfigChannel
                0x0000000008003798      0x6a0 Drivers/STM32H7xx_HAL_Driver/Src/stm32h7xx_hal_adc.o
                0x0000000008003798                HAL_ADC_ConfigChannel
 .text.ADC_Enable
                0x0000000008003e38      0x114 Drivers/STM32H7xx_HAL_Driver/Src/stm32h7xx_hal_adc.o
                0x0000000008003e38                ADC_Enable
 .text.ADC_Disable
                0x0000000008003f4c       0xbe Drivers/STM32H7xx_HAL_Driver/Src/stm32h7xx_hal_adc.o
                0x0000000008003f4c                ADC_Disable
 .text.ADC_DMAConvCplt
                0x000000000800400a       0xd8 Drivers/STM32H7xx_HAL_Driver/Src/stm32h7xx_hal_adc.o
                0x000000000800400a                ADC_DMAConvCplt
 .text.ADC_DMAHalfConvCplt
                0x00000000080040e2       0x1c Drivers/STM32H7xx_HAL_Driver/Src/stm32h7xx_hal_adc.o
                0x00000000080040e2                ADC_DMAHalfConvCplt
 .text.ADC_DMAError
                0x00000000080040fe       0x34 Drivers/STM32H7xx_HAL_Driver/Src/stm32h7xx_hal_adc.o
                0x00000000080040fe                ADC_DMAError
 *fill*         0x0000000008004132        0x2 
 .text.ADC_ConfigureBoostMode
                0x0000000008004134      0x214 Drivers/STM32H7xx_HAL_Driver/Src/stm32h7xx_hal_adc.o
                0x0000000008004134                ADC_ConfigureBoostMode
 .text.LL_ADC_IsEnabled
                0x0000000008004348       0x26 Drivers/STM32H7xx_HAL_Driver/Src/stm32h7xx_hal_adc_ex.o
 *fill*         0x000000000800436e        0x2 
 .text.LL_ADC_StartCalibration
                0x0000000008004370       0x3c Drivers/STM32H7xx_HAL_Driver/Src/stm32h7xx_hal_adc_ex.o
 .text.LL_ADC_IsCalibrationOnGoing
                0x00000000080043ac       0x28 Drivers/STM32H7xx_HAL_Driver/Src/stm32h7xx_hal_adc_ex.o
 .text.LL_ADC_REG_IsConversionOngoing
                0x00000000080043d4       0x26 Drivers/STM32H7xx_HAL_Driver/Src/stm32h7xx_hal_adc_ex.o
 *fill*         0x00000000080043fa        0x2 
 .text.HAL_ADCEx_Calibration_Start
                0x00000000080043fc       0xc8 Drivers/STM32H7xx_HAL_Driver/Src/stm32h7xx_hal_adc_ex.o
                0x00000000080043fc                HAL_ADCEx_Calibration_Start
 .text.HAL_ADCEx_MultiModeConfigChannel
                0x00000000080044c4      0x1bc Drivers/STM32H7xx_HAL_Driver/Src/stm32h7xx_hal_adc_ex.o
                0x00000000080044c4                HAL_ADCEx_MultiModeConfigChannel
 .text.__NVIC_SetPriorityGrouping
                0x0000000008004680       0x48 Drivers/STM32H7xx_HAL_Driver/Src/stm32h7xx_hal_cortex.o
 .text.__NVIC_GetPriorityGrouping
                0x00000000080046c8       0x1c Drivers/STM32H7xx_HAL_Driver/Src/stm32h7xx_hal_cortex.o
 .text.__NVIC_EnableIRQ
                0x00000000080046e4       0x3c Drivers/STM32H7xx_HAL_Driver/Src/stm32h7xx_hal_cortex.o
 .text.__NVIC_SetPriority
                0x0000000008004720       0x54 Drivers/STM32H7xx_HAL_Driver/Src/stm32h7xx_hal_cortex.o
 .text.NVIC_EncodePriority
                0x0000000008004774       0x66 Drivers/STM32H7xx_HAL_Driver/Src/stm32h7xx_hal_cortex.o
 *fill*         0x00000000080047da        0x2 
 .text.__NVIC_SystemReset
                0x00000000080047dc       0x2c Drivers/STM32H7xx_HAL_Driver/Src/stm32h7xx_hal_cortex.o
 .text.SysTick_Config
                0x0000000008004808       0x44 Drivers/STM32H7xx_HAL_Driver/Src/stm32h7xx_hal_cortex.o
 .text.HAL_NVIC_SetPriorityGrouping
                0x000000000800484c       0x16 Drivers/STM32H7xx_HAL_Driver/Src/stm32h7xx_hal_cortex.o
                0x000000000800484c                HAL_NVIC_SetPriorityGrouping
 .text.HAL_NVIC_SetPriority
                0x0000000008004862       0x34 Drivers/STM32H7xx_HAL_Driver/Src/stm32h7xx_hal_cortex.o
                0x0000000008004862                HAL_NVIC_SetPriority
 .text.HAL_NVIC_EnableIRQ
                0x0000000008004896       0x1c Drivers/STM32H7xx_HAL_Driver/Src/stm32h7xx_hal_cortex.o
                0x0000000008004896                HAL_NVIC_EnableIRQ
 .text.HAL_NVIC_SystemReset
                0x00000000080048b2        0x8 Drivers/STM32H7xx_HAL_Driver/Src/stm32h7xx_hal_cortex.o
                0x00000000080048b2                HAL_NVIC_SystemReset
 .text.HAL_SYSTICK_Config
                0x00000000080048ba       0x18 Drivers/STM32H7xx_HAL_Driver/Src/stm32h7xx_hal_cortex.o
                0x00000000080048ba                HAL_SYSTICK_Config
 *fill*         0x00000000080048d2        0x2 
 .text.HAL_MPU_Disable
                0x00000000080048d4       0x30 Drivers/STM32H7xx_HAL_Driver/Src/stm32h7xx_hal_cortex.o
                0x00000000080048d4                HAL_MPU_Disable
 .text.HAL_MPU_Enable
                0x0000000008004904       0x40 Drivers/STM32H7xx_HAL_Driver/Src/stm32h7xx_hal_cortex.o
                0x0000000008004904                HAL_MPU_Enable
 .text.HAL_MPU_ConfigRegion
                0x0000000008004944       0x88 Drivers/STM32H7xx_HAL_Driver/Src/stm32h7xx_hal_cortex.o
                0x0000000008004944                HAL_MPU_ConfigRegion
 .text.HAL_DMA_Init
                0x00000000080049cc      0x6b8 Drivers/STM32H7xx_HAL_Driver/Src/stm32h7xx_hal_dma.o
                0x00000000080049cc                HAL_DMA_Init
 .text.HAL_DMA_Start_IT
                0x0000000008005084      0x4d4 Drivers/STM32H7xx_HAL_Driver/Src/stm32h7xx_hal_dma.o
                0x0000000008005084                HAL_DMA_Start_IT
 .text.HAL_DMA_IRQHandler
                0x0000000008005558      0xe54 Drivers/STM32H7xx_HAL_Driver/Src/stm32h7xx_hal_dma.o
                0x0000000008005558                HAL_DMA_IRQHandler
 .text.DMA_SetConfig
                0x00000000080063ac      0x358 Drivers/STM32H7xx_HAL_Driver/Src/stm32h7xx_hal_dma.o
 .text.DMA_CalcBaseAndBitshift
                0x0000000008006704      0x164 Drivers/STM32H7xx_HAL_Driver/Src/stm32h7xx_hal_dma.o
 .text.DMA_CheckFifoParam
                0x0000000008006868       0xf8 Drivers/STM32H7xx_HAL_Driver/Src/stm32h7xx_hal_dma.o
 .text.DMA_CalcDMAMUXChannelBaseAndMask
                0x0000000008006960      0x134 Drivers/STM32H7xx_HAL_Driver/Src/stm32h7xx_hal_dma.o
 .text.DMA_CalcDMAMUXRequestGenBaseAndMask
                0x0000000008006a94       0xe8 Drivers/STM32H7xx_HAL_Driver/Src/stm32h7xx_hal_dma.o
 .text.HAL_GPIO_Init
                0x0000000008006b7c      0x360 Drivers/STM32H7xx_HAL_Driver/Src/stm32h7xx_hal_gpio.o
                0x0000000008006b7c                HAL_GPIO_Init
 .text.HAL_GPIO_WritePin
                0x0000000008006edc       0x32 Drivers/STM32H7xx_HAL_Driver/Src/stm32h7xx_hal_gpio.o
                0x0000000008006edc                HAL_GPIO_WritePin
 .text.HAL_GPIO_TogglePin
                0x0000000008006f0e       0x34 Drivers/STM32H7xx_HAL_Driver/Src/stm32h7xx_hal_gpio.o
                0x0000000008006f0e                HAL_GPIO_TogglePin
 .text.HAL_GPIO_EXTI_IRQHandler
                0x0000000008006f42       0x34 Drivers/STM32H7xx_HAL_Driver/Src/stm32h7xx_hal_gpio.o
                0x0000000008006f42                HAL_GPIO_EXTI_IRQHandler
 .text.HAL_GPIO_EXTI_Callback
                0x0000000008006f76       0x16 Drivers/STM32H7xx_HAL_Driver/Src/stm32h7xx_hal_gpio.o
                0x0000000008006f76                HAL_GPIO_EXTI_Callback
 .text.HAL_PWREx_ConfigSupply
                0x0000000008006f8c       0x74 Drivers/STM32H7xx_HAL_Driver/Src/stm32h7xx_hal_pwr_ex.o
                0x0000000008006f8c                HAL_PWREx_ConfigSupply
 .text.HAL_RCC_OscConfig
                0x0000000008007000      0x858 Drivers/STM32H7xx_HAL_Driver/Src/stm32h7xx_hal_rcc.o
                0x0000000008007000                HAL_RCC_OscConfig
 .text.HAL_RCC_ClockConfig
                0x0000000008007858      0x36c Drivers/STM32H7xx_HAL_Driver/Src/stm32h7xx_hal_rcc.o
                0x0000000008007858                HAL_RCC_ClockConfig
 .text.HAL_RCC_GetSysClockFreq
                0x0000000008007bc4      0x2f4 Drivers/STM32H7xx_HAL_Driver/Src/stm32h7xx_hal_rcc.o
                0x0000000008007bc4                HAL_RCC_GetSysClockFreq
 .text.HAL_RCC_GetHCLKFreq
                0x0000000008007eb8       0x60 Drivers/STM32H7xx_HAL_Driver/Src/stm32h7xx_hal_rcc.o
                0x0000000008007eb8                HAL_RCC_GetHCLKFreq
 .text.HAL_RCC_GetPCLK1Freq
                0x0000000008007f18       0x2c Drivers/STM32H7xx_HAL_Driver/Src/stm32h7xx_hal_rcc.o
                0x0000000008007f18                HAL_RCC_GetPCLK1Freq
 .text.HAL_RCC_GetPCLK2Freq
                0x0000000008007f44       0x2c Drivers/STM32H7xx_HAL_Driver/Src/stm32h7xx_hal_rcc.o
                0x0000000008007f44                HAL_RCC_GetPCLK2Freq
 .text.HAL_RCCEx_PeriphCLKConfig
                0x0000000008007f70      0xe80 Drivers/STM32H7xx_HAL_Driver/Src/stm32h7xx_hal_rcc_ex.o
                0x0000000008007f70                HAL_RCCEx_PeriphCLKConfig
 .text.HAL_RCCEx_GetPeriphCLKFreq
                0x0000000008008df0      0x9a4 Drivers/STM32H7xx_HAL_Driver/Src/stm32h7xx_hal_rcc_ex.o
                0x0000000008008df0                HAL_RCCEx_GetPeriphCLKFreq
 .text.HAL_RCCEx_GetD3PCLK1Freq
                0x0000000008009794       0x2c Drivers/STM32H7xx_HAL_Driver/Src/stm32h7xx_hal_rcc_ex.o
                0x0000000008009794                HAL_RCCEx_GetD3PCLK1Freq
 .text.HAL_RCCEx_GetPLL2ClockFreq
                0x00000000080097c0      0x2a8 Drivers/STM32H7xx_HAL_Driver/Src/stm32h7xx_hal_rcc_ex.o
                0x00000000080097c0                HAL_RCCEx_GetPLL2ClockFreq
 .text.HAL_RCCEx_GetPLL3ClockFreq
                0x0000000008009a68      0x2a8 Drivers/STM32H7xx_HAL_Driver/Src/stm32h7xx_hal_rcc_ex.o
                0x0000000008009a68                HAL_RCCEx_GetPLL3ClockFreq
 .text.HAL_RCCEx_GetPLL1ClockFreq
                0x0000000008009d10      0x2a4 Drivers/STM32H7xx_HAL_Driver/Src/stm32h7xx_hal_rcc_ex.o
                0x0000000008009d10                HAL_RCCEx_GetPLL1ClockFreq
 .text.RCCEx_PLL2_Config
                0x0000000008009fb4      0x164 Drivers/STM32H7xx_HAL_Driver/Src/stm32h7xx_hal_rcc_ex.o
 .text.RCCEx_PLL3_Config
                0x000000000800a118      0x164 Drivers/STM32H7xx_HAL_Driver/Src/stm32h7xx_hal_rcc_ex.o
 .text.HAL_TIM_Base_Init
                0x000000000800a27c       0xae Drivers/STM32H7xx_HAL_Driver/Src/stm32h7xx_hal_tim.o
                0x000000000800a27c                HAL_TIM_Base_Init
 .text.HAL_TIM_PWM_Init
                0x000000000800a32a       0xae Drivers/STM32H7xx_HAL_Driver/Src/stm32h7xx_hal_tim.o
                0x000000000800a32a                HAL_TIM_PWM_Init
 .text.HAL_TIM_PWM_MspInit
                0x000000000800a3d8       0x14 Drivers/STM32H7xx_HAL_Driver/Src/stm32h7xx_hal_tim.o
                0x000000000800a3d8                HAL_TIM_PWM_MspInit
 .text.HAL_TIM_PWM_Start
                0x000000000800a3ec      0x21c Drivers/STM32H7xx_HAL_Driver/Src/stm32h7xx_hal_tim.o
                0x000000000800a3ec                HAL_TIM_PWM_Start
 .text.HAL_TIM_PWM_Start_IT
                0x000000000800a608      0x2b4 Drivers/STM32H7xx_HAL_Driver/Src/stm32h7xx_hal_tim.o
                0x000000000800a608                HAL_TIM_PWM_Start_IT
 .text.HAL_TIM_Encoder_Init
                0x000000000800a8bc      0x14c Drivers/STM32H7xx_HAL_Driver/Src/stm32h7xx_hal_tim.o
                0x000000000800a8bc                HAL_TIM_Encoder_Init
 .text.HAL_TIM_Encoder_Start
                0x000000000800aa08      0x11c Drivers/STM32H7xx_HAL_Driver/Src/stm32h7xx_hal_tim.o
                0x000000000800aa08                HAL_TIM_Encoder_Start
 .text.HAL_TIM_IRQHandler
                0x000000000800ab24      0x23e Drivers/STM32H7xx_HAL_Driver/Src/stm32h7xx_hal_tim.o
                0x000000000800ab24                HAL_TIM_IRQHandler
 *fill*         0x000000000800ad62        0x2 
 .text.HAL_TIM_PWM_ConfigChannel
                0x000000000800ad64      0x228 Drivers/STM32H7xx_HAL_Driver/Src/stm32h7xx_hal_tim.o
                0x000000000800ad64                HAL_TIM_PWM_ConfigChannel
 .text.HAL_TIM_ConfigClockSource
                0x000000000800af8c      0x1f0 Drivers/STM32H7xx_HAL_Driver/Src/stm32h7xx_hal_tim.o
                0x000000000800af8c                HAL_TIM_ConfigClockSource
 .text.HAL_TIM_PeriodElapsedCallback
                0x000000000800b17c       0x14 Drivers/STM32H7xx_HAL_Driver/Src/stm32h7xx_hal_tim.o
                0x000000000800b17c                HAL_TIM_PeriodElapsedCallback
 .text.HAL_TIM_OC_DelayElapsedCallback
                0x000000000800b190       0x14 Drivers/STM32H7xx_HAL_Driver/Src/stm32h7xx_hal_tim.o
                0x000000000800b190                HAL_TIM_OC_DelayElapsedCallback
 .text.HAL_TIM_IC_CaptureCallback
                0x000000000800b1a4       0x14 Drivers/STM32H7xx_HAL_Driver/Src/stm32h7xx_hal_tim.o
                0x000000000800b1a4                HAL_TIM_IC_CaptureCallback
 .text.HAL_TIM_PWM_PulseFinishedCallback
                0x000000000800b1b8       0x14 Drivers/STM32H7xx_HAL_Driver/Src/stm32h7xx_hal_tim.o
                0x000000000800b1b8                HAL_TIM_PWM_PulseFinishedCallback
 .text.HAL_TIM_TriggerCallback
                0x000000000800b1cc       0x14 Drivers/STM32H7xx_HAL_Driver/Src/stm32h7xx_hal_tim.o
                0x000000000800b1cc                HAL_TIM_TriggerCallback
 .text.TIM_Base_SetConfig
                0x000000000800b1e0      0x134 Drivers/STM32H7xx_HAL_Driver/Src/stm32h7xx_hal_tim.o
                0x000000000800b1e0                TIM_Base_SetConfig
 .text.TIM_OC1_SetConfig
                0x000000000800b314      0x120 Drivers/STM32H7xx_HAL_Driver/Src/stm32h7xx_hal_tim.o
 .text.TIM_OC2_SetConfig
                0x000000000800b434      0x114 Drivers/STM32H7xx_HAL_Driver/Src/stm32h7xx_hal_tim.o
                0x000000000800b434                TIM_OC2_SetConfig
 .text.TIM_OC3_SetConfig
                0x000000000800b548      0x110 Drivers/STM32H7xx_HAL_Driver/Src/stm32h7xx_hal_tim.o
 .text.TIM_OC4_SetConfig
                0x000000000800b658       0xd4 Drivers/STM32H7xx_HAL_Driver/Src/stm32h7xx_hal_tim.o
 .text.TIM_OC5_SetConfig
                0x000000000800b72c       0xc8 Drivers/STM32H7xx_HAL_Driver/Src/stm32h7xx_hal_tim.o
 .text.TIM_OC6_SetConfig
                0x000000000800b7f4       0xcc Drivers/STM32H7xx_HAL_Driver/Src/stm32h7xx_hal_tim.o
 .text.TIM_TI1_ConfigInputStage
                0x000000000800b8c0       0x5e Drivers/STM32H7xx_HAL_Driver/Src/stm32h7xx_hal_tim.o
 .text.TIM_TI2_ConfigInputStage
                0x000000000800b91e       0x60 Drivers/STM32H7xx_HAL_Driver/Src/stm32h7xx_hal_tim.o
 *fill*         0x000000000800b97e        0x2 
 .text.TIM_ITRx_SetConfig
                0x000000000800b980       0x3c Drivers/STM32H7xx_HAL_Driver/Src/stm32h7xx_hal_tim.o
 .text.TIM_ETR_SetConfig
                0x000000000800b9bc       0x40 Drivers/STM32H7xx_HAL_Driver/Src/stm32h7xx_hal_tim.o
                0x000000000800b9bc                TIM_ETR_SetConfig
 .text.TIM_CCxChannelCmd
                0x000000000800b9fc       0x4a Drivers/STM32H7xx_HAL_Driver/Src/stm32h7xx_hal_tim.o
                0x000000000800b9fc                TIM_CCxChannelCmd
 *fill*         0x000000000800ba46        0x2 
 .text.HAL_TIMEx_MasterConfigSynchronization
                0x000000000800ba48      0x11c Drivers/STM32H7xx_HAL_Driver/Src/stm32h7xx_hal_tim_ex.o
                0x000000000800ba48                HAL_TIMEx_MasterConfigSynchronization
 .text.HAL_TIMEx_ConfigBreakDeadTime
                0x000000000800bb64       0xfc Drivers/STM32H7xx_HAL_Driver/Src/stm32h7xx_hal_tim_ex.o
                0x000000000800bb64                HAL_TIMEx_ConfigBreakDeadTime
 .text.HAL_TIMEx_CommutCallback
                0x000000000800bc60       0x14 Drivers/STM32H7xx_HAL_Driver/Src/stm32h7xx_hal_tim_ex.o
                0x000000000800bc60                HAL_TIMEx_CommutCallback
 .text.HAL_TIMEx_BreakCallback
                0x000000000800bc74       0x14 Drivers/STM32H7xx_HAL_Driver/Src/stm32h7xx_hal_tim_ex.o
                0x000000000800bc74                HAL_TIMEx_BreakCallback
 .text.HAL_TIMEx_Break2Callback
                0x000000000800bc88       0x14 Drivers/STM32H7xx_HAL_Driver/Src/stm32h7xx_hal_tim_ex.o
                0x000000000800bc88                HAL_TIMEx_Break2Callback
 .text.HAL_UART_Init
                0x000000000800bc9c       0xa0 Drivers/STM32H7xx_HAL_Driver/Src/stm32h7xx_hal_uart.o
                0x000000000800bc9c                HAL_UART_Init
 .text.HAL_UART_Transmit
                0x000000000800bd3c      0x12c Drivers/STM32H7xx_HAL_Driver/Src/stm32h7xx_hal_uart.o
                0x000000000800bd3c                HAL_UART_Transmit
 .text.HAL_UART_Receive_DMA
                0x000000000800be68       0xac Drivers/STM32H7xx_HAL_Driver/Src/stm32h7xx_hal_uart.o
                0x000000000800be68                HAL_UART_Receive_DMA
 .text.HAL_UART_RxCpltCallback
                0x000000000800bf14       0x14 Drivers/STM32H7xx_HAL_Driver/Src/stm32h7xx_hal_uart.o
                0x000000000800bf14                HAL_UART_RxCpltCallback
 .text.HAL_UART_RxHalfCpltCallback
                0x000000000800bf28       0x14 Drivers/STM32H7xx_HAL_Driver/Src/stm32h7xx_hal_uart.o
                0x000000000800bf28                HAL_UART_RxHalfCpltCallback
 .text.HAL_UART_ErrorCallback
                0x000000000800bf3c       0x14 Drivers/STM32H7xx_HAL_Driver/Src/stm32h7xx_hal_uart.o
                0x000000000800bf3c                HAL_UART_ErrorCallback
 .text.HAL_UARTEx_RxEventCallback
                0x000000000800bf50       0x18 Drivers/STM32H7xx_HAL_Driver/Src/stm32h7xx_hal_uart.o
                0x000000000800bf50                HAL_UARTEx_RxEventCallback
 .text.UART_SetConfig
                0x000000000800bf68      0xac0 Drivers/STM32H7xx_HAL_Driver/Src/stm32h7xx_hal_uart.o
                0x000000000800bf68                UART_SetConfig
 .text.UART_AdvFeatureConfig
                0x000000000800ca28      0x144 Drivers/STM32H7xx_HAL_Driver/Src/stm32h7xx_hal_uart.o
                0x000000000800ca28                UART_AdvFeatureConfig
 .text.UART_CheckIdleState
                0x000000000800cb6c       0x96 Drivers/STM32H7xx_HAL_Driver/Src/stm32h7xx_hal_uart.o
                0x000000000800cb6c                UART_CheckIdleState
 .text.UART_WaitOnFlagUntilTimeout
                0x000000000800cc02      0x190 Drivers/STM32H7xx_HAL_Driver/Src/stm32h7xx_hal_uart.o
                0x000000000800cc02                UART_WaitOnFlagUntilTimeout
 *fill*         0x000000000800cd92        0x2 
 .text.UART_Start_Receive_DMA
                0x000000000800cd94      0x150 Drivers/STM32H7xx_HAL_Driver/Src/stm32h7xx_hal_uart.o
                0x000000000800cd94                UART_Start_Receive_DMA
 .text.UART_EndTxTransfer
                0x000000000800cee4       0x82 Drivers/STM32H7xx_HAL_Driver/Src/stm32h7xx_hal_uart.o
 *fill*         0x000000000800cf66        0x2 
 .text.UART_EndRxTransfer
                0x000000000800cf68       0xcc Drivers/STM32H7xx_HAL_Driver/Src/stm32h7xx_hal_uart.o
 .text.UART_DMAReceiveCplt
                0x000000000800d034      0x122 Drivers/STM32H7xx_HAL_Driver/Src/stm32h7xx_hal_uart.o
 .text.UART_DMARxHalfCplt
                0x000000000800d156       0x38 Drivers/STM32H7xx_HAL_Driver/Src/stm32h7xx_hal_uart.o
 .text.UART_DMAError
                0x000000000800d18e       0x80 Drivers/STM32H7xx_HAL_Driver/Src/stm32h7xx_hal_uart.o
 .text.HAL_UARTEx_DisableFifoMode
                0x000000000800d20e       0x72 Drivers/STM32H7xx_HAL_Driver/Src/stm32h7xx_hal_uart_ex.o
                0x000000000800d20e                HAL_UARTEx_DisableFifoMode
 .text.HAL_UARTEx_SetTxFifoThreshold
                0x000000000800d280       0x7c Drivers/STM32H7xx_HAL_Driver/Src/stm32h7xx_hal_uart_ex.o
                0x000000000800d280                HAL_UARTEx_SetTxFifoThreshold
 .text.HAL_UARTEx_SetRxFifoThreshold
                0x000000000800d2fc       0x7c Drivers/STM32H7xx_HAL_Driver/Src/stm32h7xx_hal_uart_ex.o
                0x000000000800d2fc                HAL_UARTEx_SetRxFifoThreshold
 .text.UARTEx_SetNbDataToProcess
                0x000000000800d378       0x9c Drivers/STM32H7xx_HAL_Driver/Src/stm32h7xx_hal_uart_ex.o
 .text.__libc_init_array
                0x000000000800d414       0x48 c:/st/stm32cubeide_1.6.1/stm32cubeide/plugins/com.st.stm32cube.ide.mcu.externaltools.gnu-tools-for-stm32.9-2020-q2-update.win32_1.5.0.202011040924/tools/bin/../lib/gcc/arm-none-eabi/9.3.1/../../../../arm-none-eabi/lib/thumb/v7e-m+dp/hard\libc_nano.a(lib_a-init.o)
                0x000000000800d414                __libc_init_array
 .text.memset   0x000000000800d45c       0x10 c:/st/stm32cubeide_1.6.1/stm32cubeide/plugins/com.st.stm32cube.ide.mcu.externaltools.gnu-tools-for-stm32.9-2020-q2-update.win32_1.5.0.202011040924/tools/bin/../lib/gcc/arm-none-eabi/9.3.1/../../../../arm-none-eabi/lib/thumb/v7e-m+dp/hard\libc_nano.a(lib_a-memset.o)
                0x000000000800d45c                memset
 *(.glue_7)
 .glue_7        0x000000000800d46c        0x0 linker stubs
 *(.glue_7t)
 .glue_7t       0x000000000800d46c        0x0 linker stubs
 *(.eh_frame)
 .eh_frame      0x000000000800d46c        0x0 c:/st/stm32cubeide_1.6.1/stm32cubeide/plugins/com.st.stm32cube.ide.mcu.externaltools.gnu-tools-for-stm32.9-2020-q2-update.win32_1.5.0.202011040924/tools/bin/../lib/gcc/arm-none-eabi/9.3.1/thumb/v7e-m+dp/hard/crtbegin.o
 *(.init)
 .init          0x000000000800d46c        0x4 c:/st/stm32cubeide_1.6.1/stm32cubeide/plugins/com.st.stm32cube.ide.mcu.externaltools.gnu-tools-for-stm32.9-2020-q2-update.win32_1.5.0.202011040924/tools/bin/../lib/gcc/arm-none-eabi/9.3.1/thumb/v7e-m+dp/hard/crti.o
                0x000000000800d46c                _init
 .init          0x000000000800d470        0x8 c:/st/stm32cubeide_1.6.1/stm32cubeide/plugins/com.st.stm32cube.ide.mcu.externaltools.gnu-tools-for-stm32.9-2020-q2-update.win32_1.5.0.202011040924/tools/bin/../lib/gcc/arm-none-eabi/9.3.1/thumb/v7e-m+dp/hard/crtn.o
 *(.fini)
 .fini          0x000000000800d478        0x4 c:/st/stm32cubeide_1.6.1/stm32cubeide/plugins/com.st.stm32cube.ide.mcu.externaltools.gnu-tools-for-stm32.9-2020-q2-update.win32_1.5.0.202011040924/tools/bin/../lib/gcc/arm-none-eabi/9.3.1/thumb/v7e-m+dp/hard/crti.o
                0x000000000800d478                _fini
 .fini          0x000000000800d47c        0x8 c:/st/stm32cubeide_1.6.1/stm32cubeide/plugins/com.st.stm32cube.ide.mcu.externaltools.gnu-tools-for-stm32.9-2020-q2-update.win32_1.5.0.202011040924/tools/bin/../lib/gcc/arm-none-eabi/9.3.1/thumb/v7e-m+dp/hard/crtn.o
                0x000000000800d484                . = ALIGN (0x4)
                0x000000000800d484                _etext = .

.vfp11_veneer   0x000000000800d484        0x0
 .vfp11_veneer  0x000000000800d484        0x0 linker stubs

.v4_bx          0x000000000800d484        0x0
 .v4_bx         0x000000000800d484        0x0 linker stubs

.iplt           0x000000000800d484        0x0
 .iplt          0x000000000800d484        0x0 c:/st/stm32cubeide_1.6.1/stm32cubeide/plugins/com.st.stm32cube.ide.mcu.externaltools.gnu-tools-for-stm32.9-2020-q2-update.win32_1.5.0.202011040924/tools/bin/../lib/gcc/arm-none-eabi/9.3.1/thumb/v7e-m+dp/hard/crtbegin.o

.rodata         0x000000000800d484      0x1b0
                0x000000000800d484                . = ALIGN (0x4)
 *(.rodata)
 *(.rodata*)
 .rodata.sinTable
                0x000000000800d484       0xb6 Core/Src/MPC_math.o
                0x000000000800d484                sinTable
 *fill*         0x000000000800d53a        0x2 
 .rodata.sinTableLowRes
                0x000000000800d53c       0xb6 Core/Src/MPC_math.o
                0x000000000800d53c                sinTableLowRes
 *fill*         0x000000000800d5f2        0x2 
 .rodata.D1CorePrescTable
                0x000000000800d5f4       0x10 Core/Src/system_stm32h7xx.o
                0x000000000800d5f4                D1CorePrescTable
 .rodata.flagBitshiftOffset.11920
                0x000000000800d604        0x8 Drivers/STM32H7xx_HAL_Driver/Src/stm32h7xx_hal_dma.o
 .rodata.UARTPrescTable
                0x000000000800d60c       0x18 Drivers/STM32H7xx_HAL_Driver/Src/stm32h7xx_hal_uart.o
                0x000000000800d60c                UARTPrescTable
 .rodata.numerator.11887
                0x000000000800d624        0x8 Drivers/STM32H7xx_HAL_Driver/Src/stm32h7xx_hal_uart_ex.o
 .rodata.denominator.11888
                0x000000000800d62c        0x8 Drivers/STM32H7xx_HAL_Driver/Src/stm32h7xx_hal_uart_ex.o
                0x000000000800d634                . = ALIGN (0x4)

.ARM.extab
 *(.ARM.extab* .gnu.linkonce.armextab.*)

.ARM            0x000000000800d634        0x8
                0x000000000800d634                __exidx_start = .
 *(.ARM.exidx*)
 .ARM.exidx     0x000000000800d634        0x8 c:/st/stm32cubeide_1.6.1/stm32cubeide/plugins/com.st.stm32cube.ide.mcu.externaltools.gnu-tools-for-stm32.9-2020-q2-update.win32_1.5.0.202011040924/tools/bin/../lib/gcc/arm-none-eabi/9.3.1/thumb/v7e-m+dp/hard\libgcc.a(_udivmoddi4.o)
                0x000000000800d63c                __exidx_end = .

.rel.dyn        0x000000000800d63c        0x0
 .rel.iplt      0x000000000800d63c        0x0 c:/st/stm32cubeide_1.6.1/stm32cubeide/plugins/com.st.stm32cube.ide.mcu.externaltools.gnu-tools-for-stm32.9-2020-q2-update.win32_1.5.0.202011040924/tools/bin/../lib/gcc/arm-none-eabi/9.3.1/thumb/v7e-m+dp/hard/crtbegin.o

.preinit_array  0x000000000800d63c        0x0
                0x000000000800d63c                PROVIDE (__preinit_array_start = .)
 *(.preinit_array*)
                0x000000000800d63c                PROVIDE (__preinit_array_end = .)

.init_array     0x000000000800d63c        0x4
                0x000000000800d63c                PROVIDE (__init_array_start = .)
 *(SORT_BY_NAME(.init_array.*))
 *(.init_array*)
 .init_array    0x000000000800d63c        0x4 c:/st/stm32cubeide_1.6.1/stm32cubeide/plugins/com.st.stm32cube.ide.mcu.externaltools.gnu-tools-for-stm32.9-2020-q2-update.win32_1.5.0.202011040924/tools/bin/../lib/gcc/arm-none-eabi/9.3.1/thumb/v7e-m+dp/hard/crtbegin.o
                0x000000000800d640                PROVIDE (__init_array_end = .)

.fini_array     0x000000000800d640        0x4
                [!provide]                        PROVIDE (__fini_array_start = .)
 *(SORT_BY_NAME(.fini_array.*))
 *(.fini_array*)
 .fini_array    0x000000000800d640        0x4 c:/st/stm32cubeide_1.6.1/stm32cubeide/plugins/com.st.stm32cube.ide.mcu.externaltools.gnu-tools-for-stm32.9-2020-q2-update.win32_1.5.0.202011040924/tools/bin/../lib/gcc/arm-none-eabi/9.3.1/thumb/v7e-m+dp/hard/crtbegin.o
                [!provide]                        PROVIDE (__fini_array_end = .)
                0x000000000800d644                _sidata = LOADADDR (.data)

.data           0x0000000020000000       0x34 load address 0x000000000800d644
                0x0000000020000000                . = ALIGN (0x4)
                0x0000000020000000                _sdata = .
 *(.data)
 *(.data*)
 .data.states   0x0000000020000000       0x1c Core/Src/MPC_Algo.o
                0x0000000020000000                states
 .data.Ts       0x000000002000001c        0x2 Core/Src/MPC_PWM.o
                0x000000002000001c                Ts
 .data.V        0x000000002000001e        0x2 Core/Src/MPC_PWM.o
                0x000000002000001e                V
 .data.x        0x0000000020000020        0x2 Core/Src/MPC_feedback.o
                0x0000000020000020                x
 .data.speedReq
                0x0000000020000022        0x2 Core/Src/PID_Algo.o
                0x0000000020000022                speedReq
 .data.SystemCoreClock
                0x0000000020000024        0x4 Core/Src/system_stm32h7xx.o
                0x0000000020000024                SystemCoreClock
 .data.SystemD2Clock
                0x0000000020000028        0x4 Core/Src/system_stm32h7xx.o
                0x0000000020000028                SystemD2Clock
 .data.uwTickPrio
                0x000000002000002c        0x4 Drivers/STM32H7xx_HAL_Driver/Src/stm32h7xx_hal.o
                0x000000002000002c                uwTickPrio
 .data.uwTickFreq
                0x0000000020000030        0x1 Drivers/STM32H7xx_HAL_Driver/Src/stm32h7xx_hal.o
                0x0000000020000030                uwTickFreq
 *(.RamFunc)
 *(.RamFunc*)
                0x0000000020000034                . = ALIGN (0x4)
 *fill*         0x0000000020000031        0x3 
                0x0000000020000034                _edata = .

.igot.plt       0x0000000020000034        0x0 load address 0x000000000800d678
 .igot.plt      0x0000000020000034        0x0 c:/st/stm32cubeide_1.6.1/stm32cubeide/plugins/com.st.stm32cube.ide.mcu.externaltools.gnu-tools-for-stm32.9-2020-q2-update.win32_1.5.0.202011040924/tools/bin/../lib/gcc/arm-none-eabi/9.3.1/thumb/v7e-m+dp/hard/crtbegin.o
                0x0000000020000034                . = ALIGN (0x4)

.bss            0x0000000020000034     0x534c load address 0x000000000800d678
                0x0000000020000034                _sbss = .
                0x0000000020000034                __bss_start__ = _sbss
 *(.bss)
 .bss           0x0000000020000034       0x1c c:/st/stm32cubeide_1.6.1/stm32cubeide/plugins/com.st.stm32cube.ide.mcu.externaltools.gnu-tools-for-stm32.9-2020-q2-update.win32_1.5.0.202011040924/tools/bin/../lib/gcc/arm-none-eabi/9.3.1/thumb/v7e-m+dp/hard/crtbegin.o
 *(.bss*)
 .bss.lambda1   0x0000000020000050        0x2 Core/Src/MPC_Algo.o
                0x0000000020000050                lambda1
 *fill*         0x0000000020000052        0x2 
 .bss.T1        0x0000000020000054        0x4 Core/Src/MPC_PWM.o
                0x0000000020000054                T1
 .bss.T2        0x0000000020000058        0x4 Core/Src/MPC_PWM.o
                0x0000000020000058                T2
 .bss.T0        0x000000002000005c        0x4 Core/Src/MPC_PWM.o
                0x000000002000005c                T0
 .bss.Ta        0x0000000020000060        0x2 Core/Src/MPC_PWM.o
                0x0000000020000060                Ta
 .bss.Tb        0x0000000020000062        0x2 Core/Src/MPC_PWM.o
                0x0000000020000062                Tb
 .bss.Tc        0x0000000020000064        0x2 Core/Src/MPC_PWM.o
                0x0000000020000064                Tc
 .bss.n         0x0000000020000066        0x1 Core/Src/MPC_PWM.o
                0x0000000020000066                n
 .bss.run       0x0000000020000067        0x1 Core/Src/MPC_PWM.o
                0x0000000020000067                run
 .bss.wt        0x0000000020000068        0x2 Core/Src/MPC_PWM.o
                0x0000000020000068                wt
 .bss.cnts      0x000000002000006a        0x2 Core/Src/MPC_core.o
                0x000000002000006a                cnts
 .bss.Iterm     0x000000002000006c        0x4 Core/Src/PID_Algo.o
                0x000000002000006c                Iterm
 *(COMMON)
 COMMON         0x0000000020000070      0x208 Core/Src/MPC_Algo.o
                0x0000000020000070                C1
                0x0000000020000074                thetaElecOld
                0x0000000020000076                cos240
                0x0000000020000078                isOpenLoopComplete
                0x000000002000007c                j
                0x0000000020000080                thetaElec
                0x0000000020000082                speedPIrate
                0x0000000020000084                speedArr
                0x00000000200000ac                Ia
                0x00000000200000b0                costTemp
                0x00000000200000b4                speedTemp
                0x00000000200000b6                Sb
                0x00000000200000b8                dTheta
                0x00000000200000bc                huart3
                0x000000002000014c                Ki
                0x000000002000014e                dT
                0x0000000020000150                cos120
                0x0000000020000152                thetaElecTemp
                0x0000000020000154                cost
                0x0000000020000158                sum
                0x000000002000015c                IdPred
                0x0000000020000160                Ec
                0x0000000020000162                Va
                0x0000000020000164                k
                0x0000000020000168                Vdq
                0x0000000020000170                iq_pred
                0x0000000020000172                startOCwatch
                0x0000000020000174                IqRef
                0x0000000020000178                sin240
                0x000000002000017c                C2
                0x0000000020000180                thetaMech
                0x0000000020000182                Sc
                0x0000000020000184                i
                0x0000000020000188                Sa
                0x000000002000018c                Varray
                0x00000000200001e0                Ib
                0x00000000200001e2                sigma
                0x00000000200001e4                sin000
                0x00000000200001e6                Vc
                0x00000000200001e8                IqTx
                0x00000000200001ec                Kterm
                0x00000000200001f0                Valbt
                0x00000000200001f8                Ea
                0x00000000200001fa                id_pred
                0x00000000200001fc                Edq
                0x0000000020000204                IqTemp
                0x0000000020000208                thetaOld
                0x000000002000020a                Ic
                0x000000002000020c                delta
                0x000000002000020e                Vb
                0x0000000020000210                cos000
                0x0000000020000212                error
                0x0000000020000214                speed
                0x0000000020000218                Eab
                0x0000000020000220                Kp
                0x0000000020000224                wr
                0x0000000020000228                IdTemp
                0x000000002000022c                thetaElecEncoder
                0x0000000020000230                IalphaPred
                0x0000000020000234                sin120
                0x0000000020000236                polePairs
                0x0000000020000238                IqPred
                0x000000002000023c                Vab
                0x0000000020000248                e
                0x000000002000024a                Vbus
                0x000000002000024c                Eb
                0x000000002000024e                optimalVector
                0x0000000020000250                Idq
                0x0000000020000258                IalbtReq
                0x0000000020000260                optimalDuty
                0x0000000020000264                IbetaPred
                0x0000000020000268                Ealbt
                0x0000000020000270                Ialbt
 COMMON         0x0000000020000278     0x4e39 Core/Src/MPC_communication.o
                0x0000000020000278                arr
                0x0000000020005098                txData
                0x00000000200050a2                startTx
                0x00000000200050a4                asdsda
                0x00000000200050a8                idx
                0x00000000200050ac                err
                0x00000000200050b0                testEnd
 *fill*         0x00000000200050b1        0x3 
 COMMON         0x00000000200050b4      0x2c8 Core/Src/main.o
                0x00000000200050b4                hdma_usart3_rx
                0x000000002000512c                hdma_adc3
                0x00000000200051a4                htim3
                0x00000000200051f0                hadc1
                0x0000000020005254                hadc3
                0x00000000200052b8                hdma_adc1
                0x0000000020005330                htim1
 COMMON         0x000000002000537c        0x4 Drivers/STM32H7xx_HAL_Driver/Src/stm32h7xx_hal.o
                0x000000002000537c                uwTick
                0x0000000020005380                . = ALIGN (0x4)
                0x0000000020005380                _ebss = .
                0x0000000020005380                __bss_end__ = _ebss

._user_heap_stack
                0x0000000020005380      0x600 load address 0x000000000800d678
                0x0000000020005380                . = ALIGN (0x8)
                [!provide]                        PROVIDE (end = .)
                0x0000000020005380                PROVIDE (_end = .)
                0x0000000020005580                . = (. + _Min_Heap_Size)
 *fill*         0x0000000020005380      0x200 
                0x0000000020005980                . = (. + _Min_Stack_Size)
 *fill*         0x0000000020005580      0x400 
                0x0000000020005980                . = ALIGN (0x8)

.rxBuf          0x0000000024000000     0x1014
                0x0000000024000000                . = ALIGN (0x1)
                0x0000000024001000                . = ABSOLUTE (0x24001000)
 *fill*         0x0000000024000000     0x1000 
 *(.rxBuffer)
 .rxBuffer      0x0000000024001000        0x3 Core/Src/MPC_communication.o
                0x0000000024001000                comCode
 *fill*         0x0000000024001003        0x1 
 .rxBuffer      0x0000000024001004       0x10 Core/Src/MPC_feedback.o
                0x0000000024001004                Iab
                0x0000000024001010                Icd

/DISCARD/
 libc.a(*)
 libm.a(*)
 libgcc.a(*)

.ARM.attributes
                0x0000000000000000       0x2e
 *(.ARM.attributes)
 .ARM.attributes
                0x0000000000000000       0x1e c:/st/stm32cubeide_1.6.1/stm32cubeide/plugins/com.st.stm32cube.ide.mcu.externaltools.gnu-tools-for-stm32.9-2020-q2-update.win32_1.5.0.202011040924/tools/bin/../lib/gcc/arm-none-eabi/9.3.1/thumb/v7e-m+dp/hard/crti.o
 .ARM.attributes
                0x000000000000001e       0x32 c:/st/stm32cubeide_1.6.1/stm32cubeide/plugins/com.st.stm32cube.ide.mcu.externaltools.gnu-tools-for-stm32.9-2020-q2-update.win32_1.5.0.202011040924/tools/bin/../lib/gcc/arm-none-eabi/9.3.1/thumb/v7e-m+dp/hard/crtbegin.o
 .ARM.attributes
                0x0000000000000050       0x32 Core/Src/MPC_Algo.o
 .ARM.attributes
                0x0000000000000082       0x32 Core/Src/MPC_PWM.o
 .ARM.attributes
                0x00000000000000b4       0x32 Core/Src/MPC_communication.o
 .ARM.attributes
                0x00000000000000e6       0x32 Core/Src/MPC_core.o
 .ARM.attributes
                0x0000000000000118       0x32 Core/Src/MPC_feedback.o
 .ARM.attributes
                0x000000000000014a       0x32 Core/Src/MPC_math.o
 .ARM.attributes
                0x000000000000017c       0x32 Core/Src/PID_Algo.o
 .ARM.attributes
                0x00000000000001ae       0x32 Core/Src/main.o
 .ARM.attributes
                0x00000000000001e0       0x32 Core/Src/stm32h7xx_hal_msp.o
 .ARM.attributes
                0x0000000000000212       0x32 Core/Src/stm32h7xx_it.o
 .ARM.attributes
                0x0000000000000244       0x32 Core/Src/system_stm32h7xx.o
 .ARM.attributes
                0x0000000000000276       0x32 Core/Src/untitled0.o
 .ARM.attributes
                0x00000000000002a8       0x21 Core/Startup/startup_stm32h743zitx.o
 .ARM.attributes
                0x00000000000002c9       0x32 Drivers/STM32H7xx_HAL_Driver/Src/stm32h7xx_hal.o
 .ARM.attributes
                0x00000000000002fb       0x32 Drivers/STM32H7xx_HAL_Driver/Src/stm32h7xx_hal_adc.o
 .ARM.attributes
                0x000000000000032d       0x32 Drivers/STM32H7xx_HAL_Driver/Src/stm32h7xx_hal_adc_ex.o
 .ARM.attributes
                0x000000000000035f       0x32 Drivers/STM32H7xx_HAL_Driver/Src/stm32h7xx_hal_cortex.o
 .ARM.attributes
                0x0000000000000391       0x32 Drivers/STM32H7xx_HAL_Driver/Src/stm32h7xx_hal_dma.o
 .ARM.attributes
                0x00000000000003c3       0x32 Drivers/STM32H7xx_HAL_Driver/Src/stm32h7xx_hal_gpio.o
 .ARM.attributes
                0x00000000000003f5       0x32 Drivers/STM32H7xx_HAL_Driver/Src/stm32h7xx_hal_pwr_ex.o
 .ARM.attributes
                0x0000000000000427       0x32 Drivers/STM32H7xx_HAL_Driver/Src/stm32h7xx_hal_rcc.o
 .ARM.attributes
                0x0000000000000459       0x32 Drivers/STM32H7xx_HAL_Driver/Src/stm32h7xx_hal_rcc_ex.o
 .ARM.attributes
                0x000000000000048b       0x32 Drivers/STM32H7xx_HAL_Driver/Src/stm32h7xx_hal_tim.o
 .ARM.attributes
                0x00000000000004bd       0x32 Drivers/STM32H7xx_HAL_Driver/Src/stm32h7xx_hal_tim_ex.o
 .ARM.attributes
                0x00000000000004ef       0x32 Drivers/STM32H7xx_HAL_Driver/Src/stm32h7xx_hal_uart.o
 .ARM.attributes
                0x0000000000000521       0x32 Drivers/STM32H7xx_HAL_Driver/Src/stm32h7xx_hal_uart_ex.o
 .ARM.attributes
                0x0000000000000553       0x32 c:/st/stm32cubeide_1.6.1/stm32cubeide/plugins/com.st.stm32cube.ide.mcu.externaltools.gnu-tools-for-stm32.9-2020-q2-update.win32_1.5.0.202011040924/tools/bin/../lib/gcc/arm-none-eabi/9.3.1/../../../../arm-none-eabi/lib/thumb/v7e-m+dp/hard\libc_nano.a(lib_a-init.o)
 .ARM.attributes
                0x0000000000000585       0x32 c:/st/stm32cubeide_1.6.1/stm32cubeide/plugins/com.st.stm32cube.ide.mcu.externaltools.gnu-tools-for-stm32.9-2020-q2-update.win32_1.5.0.202011040924/tools/bin/../lib/gcc/arm-none-eabi/9.3.1/../../../../arm-none-eabi/lib/thumb/v7e-m+dp/hard\libc_nano.a(lib_a-memset.o)
 .ARM.attributes
                0x00000000000005b7       0x1e c:/st/stm32cubeide_1.6.1/stm32cubeide/plugins/com.st.stm32cube.ide.mcu.externaltools.gnu-tools-for-stm32.9-2020-q2-update.win32_1.5.0.202011040924/tools/bin/../lib/gcc/arm-none-eabi/9.3.1/thumb/v7e-m+dp/hard\libgcc.a(_aeabi_uldivmod.o)
 .ARM.attributes
                0x00000000000005d5       0x32 c:/st/stm32cubeide_1.6.1/stm32cubeide/plugins/com.st.stm32cube.ide.mcu.externaltools.gnu-tools-for-stm32.9-2020-q2-update.win32_1.5.0.202011040924/tools/bin/../lib/gcc/arm-none-eabi/9.3.1/thumb/v7e-m+dp/hard\libgcc.a(_udivmoddi4.o)
 .ARM.attributes
                0x0000000000000607       0x1e c:/st/stm32cubeide_1.6.1/stm32cubeide/plugins/com.st.stm32cube.ide.mcu.externaltools.gnu-tools-for-stm32.9-2020-q2-update.win32_1.5.0.202011040924/tools/bin/../lib/gcc/arm-none-eabi/9.3.1/thumb/v7e-m+dp/hard\libgcc.a(_dvmd_tls.o)
 .ARM.attributes
                0x0000000000000625       0x1e c:/st/stm32cubeide_1.6.1/stm32cubeide/plugins/com.st.stm32cube.ide.mcu.externaltools.gnu-tools-for-stm32.9-2020-q2-update.win32_1.5.0.202011040924/tools/bin/../lib/gcc/arm-none-eabi/9.3.1/thumb/v7e-m+dp/hard/crtn.o
OUTPUT(h743.elf elf32-littlearm)
LOAD linker stubs
LOAD c:/st/stm32cubeide_1.6.1/stm32cubeide/plugins/com.st.stm32cube.ide.mcu.externaltools.gnu-tools-for-stm32.9-2020-q2-update.win32_1.5.0.202011040924/tools/bin/../lib/gcc/arm-none-eabi/9.3.1/../../../../arm-none-eabi/lib/thumb/v7e-m+dp/hard\libc.a
LOAD c:/st/stm32cubeide_1.6.1/stm32cubeide/plugins/com.st.stm32cube.ide.mcu.externaltools.gnu-tools-for-stm32.9-2020-q2-update.win32_1.5.0.202011040924/tools/bin/../lib/gcc/arm-none-eabi/9.3.1/../../../../arm-none-eabi/lib/thumb/v7e-m+dp/hard\libm.a
LOAD c:/st/stm32cubeide_1.6.1/stm32cubeide/plugins/com.st.stm32cube.ide.mcu.externaltools.gnu-tools-for-stm32.9-2020-q2-update.win32_1.5.0.202011040924/tools/bin/../lib/gcc/arm-none-eabi/9.3.1/thumb/v7e-m+dp/hard\libgcc.a

.debug_info     0x0000000000000000    0x3556f
 .debug_info    0x0000000000000000     0x2169 Core/Src/MPC_Algo.o
 .debug_info    0x0000000000002169     0x1b68 Core/Src/MPC_PWM.o
 .debug_info    0x0000000000003cd1     0x244b Core/Src/MPC_communication.o
 .debug_info    0x000000000000611c     0x2229 Core/Src/MPC_core.o
 .debug_info    0x0000000000008345     0x1f34 Core/Src/MPC_feedback.o
 .debug_info    0x000000000000a279     0x1d0b Core/Src/MPC_math.o
 .debug_info    0x000000000000bf84     0x211e Core/Src/PID_Algo.o
 .debug_info    0x000000000000e0a2     0x3846 Core/Src/main.o
 .debug_info    0x00000000000118e8     0x2906 Core/Src/stm32h7xx_hal_msp.o
 .debug_info    0x00000000000141ee     0x1382 Core/Src/stm32h7xx_it.o
 .debug_info    0x0000000000015570     0x1787 Core/Src/system_stm32h7xx.o
 .debug_info    0x0000000000016cf7      0xeac Core/Src/untitled0.o
 .debug_info    0x0000000000017ba3       0x22 Core/Startup/startup_stm32h743zitx.o
 .debug_info    0x0000000000017bc5     0x1f9d Drivers/STM32H7xx_HAL_Driver/Src/stm32h7xx_hal.o
 .debug_info    0x0000000000019b62     0x294b Drivers/STM32H7xx_HAL_Driver/Src/stm32h7xx_hal_adc.o
 .debug_info    0x000000000001c4ad     0x2a8b Drivers/STM32H7xx_HAL_Driver/Src/stm32h7xx_hal_adc_ex.o
 .debug_info    0x000000000001ef38     0x1c13 Drivers/STM32H7xx_HAL_Driver/Src/stm32h7xx_hal_cortex.o
 .debug_info    0x0000000000020b4b     0x174c Drivers/STM32H7xx_HAL_Driver/Src/stm32h7xx_hal_dma.o
 .debug_info    0x0000000000022297     0x17e6 Drivers/STM32H7xx_HAL_Driver/Src/stm32h7xx_hal_gpio.o
 .debug_info    0x0000000000023a7d     0x1b45 Drivers/STM32H7xx_HAL_Driver/Src/stm32h7xx_hal_pwr_ex.o
 .debug_info    0x00000000000255c2     0x1951 Drivers/STM32H7xx_HAL_Driver/Src/stm32h7xx_hal_rcc.o
 .debug_info    0x0000000000026f13     0x1d00 Drivers/STM32H7xx_HAL_Driver/Src/stm32h7xx_hal_rcc_ex.o
 .debug_info    0x0000000000028c13     0x37ca Drivers/STM32H7xx_HAL_Driver/Src/stm32h7xx_hal_tim.o
 .debug_info    0x000000000002c3dd     0x225f Drivers/STM32H7xx_HAL_Driver/Src/stm32h7xx_hal_tim_ex.o
 .debug_info    0x000000000002e63c     0x558a Drivers/STM32H7xx_HAL_Driver/Src/stm32h7xx_hal_uart.o
 .debug_info    0x0000000000033bc6     0x19a9 Drivers/STM32H7xx_HAL_Driver/Src/stm32h7xx_hal_uart_ex.o

.debug_abbrev   0x0000000000000000     0x46e7
 .debug_abbrev  0x0000000000000000      0x246 Core/Src/MPC_Algo.o
 .debug_abbrev  0x0000000000000246      0x23d Core/Src/MPC_PWM.o
 .debug_abbrev  0x0000000000000483      0x255 Core/Src/MPC_communication.o
 .debug_abbrev  0x00000000000006d8      0x246 Core/Src/MPC_core.o
 .debug_abbrev  0x000000000000091e      0x24c Core/Src/MPC_feedback.o
 .debug_abbrev  0x0000000000000b6a      0x2a6 Core/Src/MPC_math.o
 .debug_abbrev  0x0000000000000e10      0x23f Core/Src/PID_Algo.o
 .debug_abbrev  0x000000000000104f      0x392 Core/Src/main.o
 .debug_abbrev  0x00000000000013e1      0x2a7 Core/Src/stm32h7xx_hal_msp.o
 .debug_abbrev  0x0000000000001688      0x23e Core/Src/stm32h7xx_it.o
 .debug_abbrev  0x00000000000018c6      0x262 Core/Src/system_stm32h7xx.o
 .debug_abbrev  0x0000000000001b28      0x23e Core/Src/untitled0.o
 .debug_abbrev  0x0000000000001d66       0x12 Core/Startup/startup_stm32h743zitx.o
 .debug_abbrev  0x0000000000001d78      0x31b Drivers/STM32H7xx_HAL_Driver/Src/stm32h7xx_hal.o
 .debug_abbrev  0x0000000000002093      0x31b Drivers/STM32H7xx_HAL_Driver/Src/stm32h7xx_hal_adc.o
 .debug_abbrev  0x00000000000023ae      0x361 Drivers/STM32H7xx_HAL_Driver/Src/stm32h7xx_hal_adc_ex.o
 .debug_abbrev  0x000000000000270f      0x409 Drivers/STM32H7xx_HAL_Driver/Src/stm32h7xx_hal_cortex.o
 .debug_abbrev  0x0000000000002b18      0x2c1 Drivers/STM32H7xx_HAL_Driver/Src/stm32h7xx_hal_dma.o
 .debug_abbrev  0x0000000000002dd9      0x2cb Drivers/STM32H7xx_HAL_Driver/Src/stm32h7xx_hal_gpio.o
 .debug_abbrev  0x00000000000030a4      0x350 Drivers/STM32H7xx_HAL_Driver/Src/stm32h7xx_hal_pwr_ex.o
 .debug_abbrev  0x00000000000033f4      0x322 Drivers/STM32H7xx_HAL_Driver/Src/stm32h7xx_hal_rcc.o
 .debug_abbrev  0x0000000000003716      0x31d Drivers/STM32H7xx_HAL_Driver/Src/stm32h7xx_hal_rcc_ex.o
 .debug_abbrev  0x0000000000003a33      0x2f9 Drivers/STM32H7xx_HAL_Driver/Src/stm32h7xx_hal_tim.o
 .debug_abbrev  0x0000000000003d2c      0x301 Drivers/STM32H7xx_HAL_Driver/Src/stm32h7xx_hal_tim_ex.o
 .debug_abbrev  0x000000000000402d      0x37d Drivers/STM32H7xx_HAL_Driver/Src/stm32h7xx_hal_uart.o
 .debug_abbrev  0x00000000000043aa      0x33d Drivers/STM32H7xx_HAL_Driver/Src/stm32h7xx_hal_uart_ex.o

.debug_aranges  0x0000000000000000     0x1620
 .debug_aranges
                0x0000000000000000       0x28 Core/Src/MPC_Algo.o
 .debug_aranges
                0x0000000000000028       0x20 Core/Src/MPC_PWM.o
 .debug_aranges
                0x0000000000000048       0x30 Core/Src/MPC_communication.o
 .debug_aranges
                0x0000000000000078       0x40 Core/Src/MPC_core.o
 .debug_aranges
                0x00000000000000b8       0x28 Core/Src/MPC_feedback.o
 .debug_aranges
                0x00000000000000e0       0x58 Core/Src/MPC_math.o
 .debug_aranges
                0x0000000000000138       0x20 Core/Src/PID_Algo.o
 .debug_aranges
                0x0000000000000158       0x80 Core/Src/main.o
 .debug_aranges
                0x00000000000001d8       0x68 Core/Src/stm32h7xx_hal_msp.o
 .debug_aranges
                0x0000000000000240       0x90 Core/Src/stm32h7xx_it.o
 .debug_aranges
                0x00000000000002d0       0x28 Core/Src/system_stm32h7xx.o
 .debug_aranges
                0x00000000000002f8       0x28 Core/Src/untitled0.o
 .debug_aranges
                0x0000000000000320       0x28 Core/Startup/startup_stm32h743zitx.o
 .debug_aranges
                0x0000000000000348      0x198 Drivers/STM32H7xx_HAL_Driver/Src/stm32h7xx_hal.o
 .debug_aranges
                0x00000000000004e0      0x228 Drivers/STM32H7xx_HAL_Driver/Src/stm32h7xx_hal_adc.o
 .debug_aranges
                0x0000000000000708      0x1d8 Drivers/STM32H7xx_HAL_Driver/Src/stm32h7xx_hal_adc_ex.o
 .debug_aranges
                0x00000000000008e0      0x120 Drivers/STM32H7xx_HAL_Driver/Src/stm32h7xx_hal_cortex.o
 .debug_aranges
                0x0000000000000a00       0xa0 Drivers/STM32H7xx_HAL_Driver/Src/stm32h7xx_hal_dma.o
 .debug_aranges
                0x0000000000000aa0       0x58 Drivers/STM32H7xx_HAL_Driver/Src/stm32h7xx_hal_gpio.o
 .debug_aranges
                0x0000000000000af8      0x158 Drivers/STM32H7xx_HAL_Driver/Src/stm32h7xx_hal_pwr_ex.o
 .debug_aranges
                0x0000000000000c50       0x88 Drivers/STM32H7xx_HAL_Driver/Src/stm32h7xx_hal_rcc.o
 .debug_aranges
                0x0000000000000cd8       0xf8 Drivers/STM32H7xx_HAL_Driver/Src/stm32h7xx_hal_rcc_ex.o
 .debug_aranges
                0x0000000000000dd0      0x3e0 Drivers/STM32H7xx_HAL_Driver/Src/stm32h7xx_hal_tim.o
 .debug_aranges
                0x00000000000011b0      0x188 Drivers/STM32H7xx_HAL_Driver/Src/stm32h7xx_hal_tim_ex.o
 .debug_aranges
                0x0000000000001338      0x248 Drivers/STM32H7xx_HAL_Driver/Src/stm32h7xx_hal_uart.o
 .debug_aranges
                0x0000000000001580       0xa0 Drivers/STM32H7xx_HAL_Driver/Src/stm32h7xx_hal_uart_ex.o

.debug_ranges   0x0000000000000000     0x14b8
 .debug_ranges  0x0000000000000000       0x18 Core/Src/MPC_Algo.o
 .debug_ranges  0x0000000000000018       0x10 Core/Src/MPC_PWM.o
 .debug_ranges  0x0000000000000028       0x20 Core/Src/MPC_communication.o
 .debug_ranges  0x0000000000000048       0x30 Core/Src/MPC_core.o
 .debug_ranges  0x0000000000000078       0x18 Core/Src/MPC_feedback.o
 .debug_ranges  0x0000000000000090       0x48 Core/Src/MPC_math.o
 .debug_ranges  0x00000000000000d8       0x10 Core/Src/PID_Algo.o
 .debug_ranges  0x00000000000000e8       0x70 Core/Src/main.o
 .debug_ranges  0x0000000000000158       0x58 Core/Src/stm32h7xx_hal_msp.o
 .debug_ranges  0x00000000000001b0       0x80 Core/Src/stm32h7xx_it.o
 .debug_ranges  0x0000000000000230       0x18 Core/Src/system_stm32h7xx.o
 .debug_ranges  0x0000000000000248       0x18 Core/Src/untitled0.o
 .debug_ranges  0x0000000000000260       0x20 Core/Startup/startup_stm32h743zitx.o
 .debug_ranges  0x0000000000000280      0x188 Drivers/STM32H7xx_HAL_Driver/Src/stm32h7xx_hal.o
 .debug_ranges  0x0000000000000408      0x218 Drivers/STM32H7xx_HAL_Driver/Src/stm32h7xx_hal_adc.o
 .debug_ranges  0x0000000000000620      0x1c8 Drivers/STM32H7xx_HAL_Driver/Src/stm32h7xx_hal_adc_ex.o
 .debug_ranges  0x00000000000007e8      0x110 Drivers/STM32H7xx_HAL_Driver/Src/stm32h7xx_hal_cortex.o
 .debug_ranges  0x00000000000008f8       0x90 Drivers/STM32H7xx_HAL_Driver/Src/stm32h7xx_hal_dma.o
 .debug_ranges  0x0000000000000988       0x48 Drivers/STM32H7xx_HAL_Driver/Src/stm32h7xx_hal_gpio.o
 .debug_ranges  0x00000000000009d0      0x148 Drivers/STM32H7xx_HAL_Driver/Src/stm32h7xx_hal_pwr_ex.o
 .debug_ranges  0x0000000000000b18       0x78 Drivers/STM32H7xx_HAL_Driver/Src/stm32h7xx_hal_rcc.o
 .debug_ranges  0x0000000000000b90       0xe8 Drivers/STM32H7xx_HAL_Driver/Src/stm32h7xx_hal_rcc_ex.o
 .debug_ranges  0x0000000000000c78      0x3d0 Drivers/STM32H7xx_HAL_Driver/Src/stm32h7xx_hal_tim.o
 .debug_ranges  0x0000000000001048      0x178 Drivers/STM32H7xx_HAL_Driver/Src/stm32h7xx_hal_tim_ex.o
 .debug_ranges  0x00000000000011c0      0x268 Drivers/STM32H7xx_HAL_Driver/Src/stm32h7xx_hal_uart.o
 .debug_ranges  0x0000000000001428       0x90 Drivers/STM32H7xx_HAL_Driver/Src/stm32h7xx_hal_uart_ex.o

.debug_macro    0x0000000000000000    0x3a1db
 .debug_macro   0x0000000000000000      0x305 Core/Src/MPC_Algo.o
 .debug_macro   0x0000000000000305      0xac0 Core/Src/MPC_Algo.o
 .debug_macro   0x0000000000000dc5      0x23e Core/Src/MPC_Algo.o
 .debug_macro   0x0000000000001003       0x2e Core/Src/MPC_Algo.o
 .debug_macro   0x0000000000001031       0x3b Core/Src/MPC_Algo.o
 .debug_macro   0x000000000000106c       0x22 Core/Src/MPC_Algo.o
 .debug_macro   0x000000000000108e       0x8e Core/Src/MPC_Algo.o
 .debug_macro   0x000000000000111c       0x51 Core/Src/MPC_Algo.o
 .debug_macro   0x000000000000116d      0x103 Core/Src/MPC_Algo.o
 .debug_macro   0x0000000000001270       0x6a Core/Src/MPC_Algo.o
 .debug_macro   0x00000000000012da      0x1df Core/Src/MPC_Algo.o
 .debug_macro   0x00000000000014b9       0x1c Core/Src/MPC_Algo.o
 .debug_macro   0x00000000000014d5       0x22 Core/Src/MPC_Algo.o
 .debug_macro   0x00000000000014f7      0x101 Core/Src/MPC_Algo.o
 .debug_macro   0x00000000000015f8     0x1305 Core/Src/MPC_Algo.o
 .debug_macro   0x00000000000028fd      0x11f Core/Src/MPC_Algo.o
 .debug_macro   0x0000000000002a1c       0x27 Core/Src/MPC_Algo.o
 .debug_macro   0x0000000000002a43    0x25862 Core/Src/MPC_Algo.o
 .debug_macro   0x00000000000282a5       0x6d Core/Src/MPC_Algo.o
 .debug_macro   0x0000000000028312     0x3d1e Core/Src/MPC_Algo.o
 .debug_macro   0x000000000002c030      0x174 Core/Src/MPC_Algo.o
 .debug_macro   0x000000000002c1a4       0x52 Core/Src/MPC_Algo.o
 .debug_macro   0x000000000002c1f6       0x17 Core/Src/MPC_Algo.o
 .debug_macro   0x000000000002c20d       0x3c Core/Src/MPC_Algo.o
 .debug_macro   0x000000000002c249       0x34 Core/Src/MPC_Algo.o
 .debug_macro   0x000000000002c27d       0x16 Core/Src/MPC_Algo.o
 .debug_macro   0x000000000002c293       0x43 Core/Src/MPC_Algo.o
 .debug_macro   0x000000000002c2d6       0x34 Core/Src/MPC_Algo.o
 .debug_macro   0x000000000002c30a       0x10 Core/Src/MPC_Algo.o
 .debug_macro   0x000000000002c31a       0x58 Core/Src/MPC_Algo.o
 .debug_macro   0x000000000002c372       0x71 Core/Src/MPC_Algo.o
 .debug_macro   0x000000000002c3e3       0x1c Core/Src/MPC_Algo.o
 .debug_macro   0x000000000002c3ff      0x12a Core/Src/MPC_Algo.o
 .debug_macro   0x000000000002c529      0x333 Core/Src/MPC_Algo.o
 .debug_macro   0x000000000002c85c      0x1a9 Core/Src/MPC_Algo.o
 .debug_macro   0x000000000002ca05       0x5d Core/Src/MPC_Algo.o
 .debug_macro   0x000000000002ca62     0x2382 Core/Src/MPC_Algo.o
 .debug_macro   0x000000000002ede4     0x1002 Core/Src/MPC_Algo.o
 .debug_macro   0x000000000002fde6      0x14d Core/Src/MPC_Algo.o
 .debug_macro   0x000000000002ff33      0x114 Core/Src/MPC_Algo.o
 .debug_macro   0x0000000000030047      0x3b2 Core/Src/MPC_Algo.o
 .debug_macro   0x00000000000303f9       0xac Core/Src/MPC_Algo.o
 .debug_macro   0x00000000000304a5      0x72d Core/Src/MPC_Algo.o
 .debug_macro   0x0000000000030bd2      0x228 Core/Src/MPC_Algo.o
 .debug_macro   0x0000000000030dfa       0x66 Core/Src/MPC_Algo.o
 .debug_macro   0x0000000000030e60      0x3bb Core/Src/MPC_Algo.o
 .debug_macro   0x000000000003121b      0x3e4 Core/Src/MPC_Algo.o
 .debug_macro   0x00000000000315ff      0x275 Core/Src/MPC_Algo.o
 .debug_macro   0x0000000000031874     0x1036 Core/Src/MPC_Algo.o
 .debug_macro   0x00000000000328aa      0x6c5 Core/Src/MPC_Algo.o
 .debug_macro   0x0000000000032f6f      0x36e Core/Src/MPC_Algo.o
 .debug_macro   0x00000000000332dd      0x3ca Core/Src/MPC_Algo.o
 .debug_macro   0x00000000000336a7      0x408 Core/Src/MPC_Algo.o
 .debug_macro   0x0000000000033aaf       0x51 Core/Src/MPC_Algo.o
 .debug_macro   0x0000000000033b00       0x4a Core/Src/MPC_Algo.o
 .debug_macro   0x0000000000033b4a      0x22c Core/Src/MPC_Algo.o
 .debug_macro   0x0000000000033d76       0x67 Core/Src/MPC_Algo.o
 .debug_macro   0x0000000000033ddd       0xa5 Core/Src/MPC_Algo.o
 .debug_macro   0x0000000000033e82      0x1c4 Core/Src/MPC_Algo.o
 .debug_macro   0x0000000000034046      0x25e Core/Src/MPC_Algo.o
 .debug_macro   0x00000000000342a4       0x35 Core/Src/MPC_Algo.o
 .debug_macro   0x00000000000342d9      0xad7 Core/Src/MPC_Algo.o
 .debug_macro   0x0000000000034db0      0x29f Core/Src/MPC_Algo.o
 .debug_macro   0x000000000003504f      0x67e Core/Src/MPC_Algo.o
 .debug_macro   0x00000000000356cd       0xa6 Core/Src/MPC_Algo.o
 .debug_macro   0x0000000000035773      0x5a0 Core/Src/MPC_Algo.o
 .debug_macro   0x0000000000035d13       0x22 Core/Src/MPC_Algo.o
 .debug_macro   0x0000000000035d35      0x2f1 Core/Src/MPC_PWM.o
 .debug_macro   0x0000000000036026      0x320 Core/Src/MPC_communication.o
 .debug_macro   0x0000000000036346       0x5e Core/Src/MPC_communication.o
 .debug_macro   0x00000000000363a4       0x10 Core/Src/MPC_communication.o
 .debug_macro   0x00000000000363b4       0x10 Core/Src/MPC_communication.o
 .debug_macro   0x00000000000363c4      0x305 Core/Src/MPC_core.o
 .debug_macro   0x00000000000366c9      0x30c Core/Src/MPC_feedback.o
 .debug_macro   0x00000000000369d5      0x2f1 Core/Src/MPC_math.o
 .debug_macro   0x0000000000036cc6      0x305 Core/Src/PID_Algo.o
 .debug_macro   0x0000000000036fcb      0x2eb Core/Src/main.o
 .debug_macro   0x00000000000372b6      0x2d4 Core/Src/stm32h7xx_hal_msp.o
 .debug_macro   0x000000000003758a      0x2de Core/Src/stm32h7xx_it.o
 .debug_macro   0x0000000000037868      0x2ca Core/Src/system_stm32h7xx.o
 .debug_macro   0x0000000000037b32      0x100 Core/Src/untitled0.o
 .debug_macro   0x0000000000037c32      0x2f4 Drivers/STM32H7xx_HAL_Driver/Src/stm32h7xx_hal.o
 .debug_macro   0x0000000000037f26      0x2ee Drivers/STM32H7xx_HAL_Driver/Src/stm32h7xx_hal_adc.o
 .debug_macro   0x0000000000038214      0x2d6 Drivers/STM32H7xx_HAL_Driver/Src/stm32h7xx_hal_adc_ex.o
 .debug_macro   0x00000000000384ea      0x2ca Drivers/STM32H7xx_HAL_Driver/Src/stm32h7xx_hal_cortex.o
 .debug_macro   0x00000000000387b4      0x31d Drivers/STM32H7xx_HAL_Driver/Src/stm32h7xx_hal_dma.o
 .debug_macro   0x0000000000038ad1      0x2d1 Drivers/STM32H7xx_HAL_Driver/Src/stm32h7xx_hal_gpio.o
 .debug_macro   0x0000000000038da2      0x303 Drivers/STM32H7xx_HAL_Driver/Src/stm32h7xx_hal_pwr_ex.o
 .debug_macro   0x00000000000390a5      0x2ee Drivers/STM32H7xx_HAL_Driver/Src/stm32h7xx_hal_rcc.o
 .debug_macro   0x0000000000039393      0x2e8 Drivers/STM32H7xx_HAL_Driver/Src/stm32h7xx_hal_rcc_ex.o
 .debug_macro   0x000000000003967b      0x2cb Drivers/STM32H7xx_HAL_Driver/Src/stm32h7xx_hal_tim.o
 .debug_macro   0x0000000000039946      0x2ca Drivers/STM32H7xx_HAL_Driver/Src/stm32h7xx_hal_tim_ex.o
 .debug_macro   0x0000000000039c10      0x2f5 Drivers/STM32H7xx_HAL_Driver/Src/stm32h7xx_hal_uart.o
 .debug_macro   0x0000000000039f05      0x2d6 Drivers/STM32H7xx_HAL_Driver/Src/stm32h7xx_hal_uart_ex.o

.debug_line     0x0000000000000000    0x1f9e5
 .debug_line    0x0000000000000000      0xb52 Core/Src/MPC_Algo.o
 .debug_line    0x0000000000000b52      0x9f0 Core/Src/MPC_PWM.o
 .debug_line    0x0000000000001542      0xa84 Core/Src/MPC_communication.o
 .debug_line    0x0000000000001fc6      0x9ba Core/Src/MPC_core.o
 .debug_line    0x0000000000002980      0xa17 Core/Src/MPC_feedback.o
 .debug_line    0x0000000000003397      0xa6a Core/Src/MPC_math.o
 .debug_line    0x0000000000003e01      0x934 Core/Src/PID_Algo.o
 .debug_line    0x0000000000004735      0xdb0 Core/Src/main.o
 .debug_line    0x00000000000054e5      0xab5 Core/Src/stm32h7xx_hal_msp.o
 .debug_line    0x0000000000005f9a      0xa00 Core/Src/stm32h7xx_it.o
 .debug_line    0x000000000000699a      0xa53 Core/Src/system_stm32h7xx.o
 .debug_line    0x00000000000073ed      0x7c7 Core/Src/untitled0.o
 .debug_line    0x0000000000007bb4       0x88 Core/Startup/startup_stm32h743zitx.o
 .debug_line    0x0000000000007c3c      0xe4e Drivers/STM32H7xx_HAL_Driver/Src/stm32h7xx_hal.o
 .debug_line    0x0000000000008a8a     0x23a5 Drivers/STM32H7xx_HAL_Driver/Src/stm32h7xx_hal_adc.o
 .debug_line    0x000000000000ae2f     0x1f6c Drivers/STM32H7xx_HAL_Driver/Src/stm32h7xx_hal_adc_ex.o
 .debug_line    0x000000000000cd9b      0xe54 Drivers/STM32H7xx_HAL_Driver/Src/stm32h7xx_hal_cortex.o
 .debug_line    0x000000000000dbef     0x2795 Drivers/STM32H7xx_HAL_Driver/Src/stm32h7xx_hal_dma.o
 .debug_line    0x0000000000010384      0xd11 Drivers/STM32H7xx_HAL_Driver/Src/stm32h7xx_hal_gpio.o
 .debug_line    0x0000000000011095      0xf68 Drivers/STM32H7xx_HAL_Driver/Src/stm32h7xx_hal_pwr_ex.o
 .debug_line    0x0000000000011ffd     0x13b9 Drivers/STM32H7xx_HAL_Driver/Src/stm32h7xx_hal_rcc.o
 .debug_line    0x00000000000133b6     0x1b67 Drivers/STM32H7xx_HAL_Driver/Src/stm32h7xx_hal_rcc_ex.o
 .debug_line    0x0000000000014f1d     0x3f0c Drivers/STM32H7xx_HAL_Driver/Src/stm32h7xx_hal_tim.o
 .debug_line    0x0000000000018e29     0x1de9 Drivers/STM32H7xx_HAL_Driver/Src/stm32h7xx_hal_tim_ex.o
 .debug_line    0x000000000001ac12     0x3ea7 Drivers/STM32H7xx_HAL_Driver/Src/stm32h7xx_hal_uart.o
 .debug_line    0x000000000001eab9      0xf2c Drivers/STM32H7xx_HAL_Driver/Src/stm32h7xx_hal_uart_ex.o

.debug_str      0x0000000000000000   0x177603
 .debug_str     0x0000000000000000   0x16ff36 Core/Src/MPC_Algo.o
                                     0x1707c6 (size before relaxing)
 .debug_str     0x000000000016ff36       0x16 Core/Src/MPC_PWM.o
                                     0x17046c (size before relaxing)
 .debug_str     0x000000000016ff4c      0x440 Core/Src/MPC_communication.o
                                     0x170bb5 (size before relaxing)
 .debug_str     0x000000000017038c       0x99 Core/Src/MPC_core.o
                                     0x170807 (size before relaxing)
 .debug_str     0x0000000000170425       0x41 Core/Src/MPC_feedback.o
                                     0x170925 (size before relaxing)
 .debug_str     0x0000000000170466       0x9b Core/Src/MPC_math.o
                                     0x1704eb (size before relaxing)
 .debug_str     0x0000000000170501       0x29 Core/Src/PID_Algo.o
                                     0x170797 (size before relaxing)
 .debug_str     0x000000000017052a     0x1477 Core/Src/main.o
                                     0x171ec5 (size before relaxing)
 .debug_str     0x00000000001719a1      0x11e Core/Src/stm32h7xx_hal_msp.o
                                     0x1713ed (size before relaxing)
 .debug_str     0x0000000000171abf      0x12d Core/Src/stm32h7xx_it.o
                                     0x170121 (size before relaxing)
 .debug_str     0x0000000000171bec      0x208 Core/Src/system_stm32h7xx.o
                                     0x16fef8 (size before relaxing)
 .debug_str     0x0000000000171df4      0x325 Core/Src/untitled0.o
                                       0x75d8 (size before relaxing)
 .debug_str     0x0000000000172119       0x36 Core/Startup/startup_stm32h743zitx.o
                                         0x6d (size before relaxing)
 .debug_str     0x000000000017214f      0x757 Drivers/STM32H7xx_HAL_Driver/Src/stm32h7xx_hal.o
                                     0x170d26 (size before relaxing)