main.c:85:5:main	24	static,ignoring_inline_asm
main.c:169:6:SystemClock_Config	120	static
main.c:229:6:PeriphCommonClock_Config	200	static
main.c:255:13:MX_NVIC_Init	8	static
main.c:273:13:MX_ADC1_Init	48	static
main.c:346:13:MX_ADC3_Init	40	static
main.c:403:13:MX_TIM1_Init	120	static
main.c:504:13:MX_TIM3_Init	56	static
main.c:553:13:MX_USART3_UART_Init	8	static
main.c:599:13:MX_DMA_Init	16	static
main.c:620:13:MX_GPIO_Init	56	static
main.c:656:6:MPU_Config	24	static
main.c:686:6:Error_Handler	4	static,ignoring_inline_asm
