main.c:87:5:main	24	static,ignoring_inline_asm
main.c:174:6:SystemClock_Config	120	static
main.c:234:6:PeriphCommonClock_Config	200	static
main.c:260:13:MX_NVIC_Init	8	static
main.c:281:13:MX_ADC1_Init	48	static
main.c:354:13:MX_ADC3_Init	40	static
main.c:411:13:MX_TIM1_Init	112	static
main.c:504:13:MX_TIM3_Init	56	static
main.c:553:13:MX_USART3_UART_Init	8	static
main.c:599:13:MX_DMA_Init	16	static
main.c:620:13:MX_GPIO_Init	56	static
main.c:667:6:MPU_Config	24	static
main.c:697:6:Error_Handler	4	static,ignoring_inline_asm
